07-07 23:07:13.769  1711  2387 I chatty  : uid=1000(system) Binder:1711_A expire 12 lines
07-07 23:07:24.016  1711  1753 I chatty  : uid=1000(system) ActivityManager expire 5 lines
07-07 23:07:24.472  1711  2953 I chatty  : uid=1000(system) Binder:1711_C expire 9 lines
07-07 23:07:33.835  3951  2029 E ActivityThread: Failed to find provider info for com.sonymobile.providers.framework.extension
07-07 23:07:33.862  1711  1752 I chatty  : uid=1000(system) ActivityManager expire 7 lines
07-07 23:07:33.863  1711  1751 I chatty  : uid=1000(system) android.bg expire 1 line
07-07 23:07:42.030  1711  7590 I chatty  : uid=1000(system) Binder:1711_15 expire 13 lines
07-07 23:12:17.568  1711  2382 I chatty  : uid=1000(system) Binder:1711_9 expire 12 lines
07-07 23:12:27.474  1711  1729 I chatty  : uid=1000(system) Binder:1711_1 expire 10 lines
07-07 23:13:24.363  1711  1711 I chatty  : uid=1000(system) Binder:1711_3 expire 11 lines
07-07 23:13:34.772  1711  3068 I chatty  : uid=1000(system) Binder:1711_D expire 6 lines
07-07 23:16:27.821  1711  1983 I chatty  : uid=1000(system) InputReader expire 2 lines
07-07 23:16:28.726  1711  1730 I chatty  : uid=1000(system) Binder:1711_2 expire 2 lines
07-07 23:16:28.759  1711  1738 I chatty  : uid=1000(system) android.fg expire 1 line
07-07 23:16:28.868  1711  1742 I chatty  : uid=1000(system) android.anim expire 1 line
07-07 23:16:28.930  1399  1399 I wificond: Pno scan started for frequencies: 2412, 2417, 2422, 2427, 2432, 2437, 2447, 2452, 2457, 2462, 5180, 5200, 5220, 5240, 5260, 5320, 5745, 5765, 5785, 5805, 
07-07 23:16:29.075  1711 15214 I chatty  : uid=1000(system) Binder:1711_1C expire 11 lines
07-07 23:16:29.092  1711  1817 I chatty  : uid=1000(system) PowerManagerSer expire 13 lines
07-07 23:16:29.201  1711  1711 I chatty  : uid=1000(system) Binder:1711_3 expire 9 lines
07-07 23:16:29.201  1711 15214 I chatty  : uid=1000(system) Binder:1711_1C expire 8 lines
07-07 23:16:29.206  1711  3068 I chatty  : uid=1000(system) Binder:1711_D expire 8 lines
07-07 23:16:29.237  1711  3120 I chatty  : uid=1000(system) Binder:1711_F expire 12 lines
07-07 23:16:29.293  1711  1741 I chatty  : uid=1000(system) android.display expire 18 lines
07-07 23:16:29.321  1711  1753 I chatty  : uid=1000(system) ActivityManager expire 5 lines
07-07 23:16:29.367  1711  1738 I chatty  : uid=1000(system) android.fg expire 4 lines
07-07 23:16:29.417  1711  2953 I chatty  : uid=1000(system) Binder:1711_C expire 4 lines
07-07 23:16:29.491  1399  1399 I wificond: Pno scan stopped
07-07 23:16:29.863  1711  1772 I chatty  : uid=1000(system) batterystats-wo expire 90 lines
07-07 23:16:30.096  1711  2382 I chatty  : uid=1000(system) Binder:1711_9 expire 6 lines
07-07 23:16:30.172  1711 12530 I chatty  : uid=1000(system) Binder:1711_1A expire 6 lines
07-07 23:16:30.441  1711 20427 I chatty  : uid=1000(system) Binder:1711_21 expire 9 lines
07-07 23:16:30.467  1711  1752 I chatty  : uid=1000(system) ActivityManager expire 2 lines
07-07 23:16:30.528  1711  2387 I chatty  : uid=1000(system) Binder:1711_A expire 14 lines
07-07 23:16:30.528  1711  2042 I chatty  : uid=1000(system) Binder:1711_6 expire 1 line
07-07 23:16:30.528  1711  2011 I chatty  : uid=1000(system) ConnectivitySer expire 9 lines
07-07 23:16:30.545  1711  1913 I chatty  : uid=1000(system) Binder:1711_4 expire 4 lines
07-07 23:16:30.565  1711  1751 I chatty  : uid=1000(system) android.bg expire 1 line
07-07 23:16:30.567  1711  7590 I chatty  : uid=1000(system) Binder:1711_15 expire 4 lines
07-07 23:16:30.618  1711 16291 I chatty  : uid=1000(system) Binder:1711_1D expire 1 line
07-07 23:16:30.618  1711 14840 I chatty  : uid=1000(system) Binder:1711_1B expire 1 line
07-07 23:16:30.668  1711  4201 I chatty  : uid=1000(system) Binder:1711_13 expire 1 line
07-07 23:16:30.668  1711  2367 I chatty  : uid=1000(system) Binder:1711_7 expire 1 line
07-07 23:16:30.741  1711  2380 I chatty  : uid=1000(system) Binder:1711_8 expire 1 line
07-07 23:16:30.741  1711  4415 I chatty  : uid=1000(system) Binder:1711_14 expire 1 line
07-07 23:16:30.741  1711 16371 I chatty  : uid=1000(system) Binder:1711_1E expire 1 line
07-07 23:16:30.977  1711  3668 I chatty  : uid=1000(system) Binder:1711_11 expire 12 lines
07-07 23:16:31.580  1711  3667 I chatty  : uid=1000(system) Binder:1711_10 expire 4 lines
07-07 23:16:32.500  1399  1399 I wificond: Pno scan started for frequencies: 2412, 2417, 2422, 2427, 2432, 2437, 2447, 2452, 2457, 2462, 5180, 5200, 5220, 5240, 5260, 5320, 5745, 5765, 5785, 5805, 
07-07 23:16:32.500  1399  1399 W wificond: Scan aborted
07-07 23:16:32.521  2598 16000 W ContextImpl: Calling a method in the system process without a qualified user: android.app.ContextImpl.sendBroadcast:1111 android.content.ContextWrapper.sendBroadcast:468 com.sonymobile.xperiaxloops.BroadCastListener$1.onForegroundActivitiesChanged:133 android.app.IProcessObserver$Stub.onTransact:100 android.os.Binder.execTransactInternal:1159 
07-07 23:16:34.071  1711 19333 I chatty  : uid=1000(system) Binder:1711_20 expire 2 lines
07-07 23:16:57.559  1711  1729 I chatty  : uid=1000(system) Binder:1711_1 expire 1 line
07-07 23:17:07.775  1711  3120 I chatty  : uid=1000(system) Binder:1711_F expire 2 lines
07-07 23:17:10.947  1711  1772 I chatty  : uid=1000(system) batterystats-wo expire 60 lines
07-07 23:17:12.846  1711 19333 I chatty  : uid=1000(system) Binder:1711_20 expire 1 line
07-07 23:17:32.608  3951  5280 E ActivityThread: Failed to find provider info for com.sonymobile.providers.framework.extension
07-07 23:17:32.613  1711  2382 I chatty  : uid=1000(system) Binder:1711_9 expire 16 lines
07-07 23:17:32.626  1711  1751 I chatty  : uid=1000(system) android.bg expire 1 line
07-07 23:17:32.628  1711  1752 I chatty  : uid=1000(system) ActivityManager expire 6 lines
07-07 23:17:32.630  1711  2387 I chatty  : uid=1000(system) Binder:1711_A expire 2 lines
07-07 23:17:32.715  1711  1730 I chatty  : uid=1000(system) Binder:1711_2 expire 12 lines
07-07 23:17:32.715  1711  2011 I chatty  : uid=1000(system) ConnectivitySer expire 1 line
07-07 23:17:32.717  1711  1741 I chatty  : uid=1000(system) android.display expire 1 line
07-07 23:17:32.719  1711  3797 I chatty  : uid=1000(system) Binder:1711_12 expire 7 lines
07-07 23:17:35.069  1711  3068 I chatty  : uid=1000(system) Binder:1711_D expire 16 lines
07-07 23:17:37.591  1711  1772 I chatty  : uid=1000(system) batterystats-wo expire 120 lines
07-07 23:20:57.094  1711  3667 I chatty  : uid=1000(system) Binder:1711_10 expire 1 line
07-07 23:20:57.100  1711  2103 I chatty  : uid=1000(system) SyncManager expire 1 line
07-07 23:21:25.287  1711 19201 I chatty  : uid=1000(system) Binder:1711_1F expire 4 lines
07-07 23:21:49.290  1711  3068 I chatty  : uid=1000(system) Binder:1711_D expire 10 lines
07-07 23:21:59.193  1711  1772 I chatty  : uid=1000(system) batterystats-wo expire 180 lines
07-07 23:22:16.460  1711 19333 I chatty  : uid=1000(system) Binder:1711_20 expire 1 line
07-07 23:22:16.465  1711  1730 I chatty  : uid=1000(system) Binder:1711_2 expire 16 lines
07-07 23:22:38.442  1711  1817 I chatty  : uid=1000(system) PowerManagerSer expire 4 lines
07-07 23:22:38.463  1711  1741 I chatty  : uid=1000(system) android.display expire 2 lines
07-07 23:22:56.904  1711  3797 I chatty  : uid=1000(system) Binder:1711_12 expire 22 lines
07-07 23:23:40.614  1711 10977 I chatty  : uid=1000(system) Binder:1711_19 expire 8 lines
07-07 23:24:16.277  1711  3667 I chatty  : uid=1000(system) Binder:1711_10 expire 5 lines
07-07 23:27:27.186  1711  1772 I chatty  : uid=1000(system) batterystats-wo expire 16 lines
07-07 23:27:27.245  1711  3797 I chatty  : uid=1000(system) Binder:1711_12 expire 5 lines
07-07 23:27:39.234  3951  5430 E ActivityThread: Failed to find provider info for com.sonymobile.providers.framework.extension
07-07 23:27:39.248  1711  1730 I chatty  : uid=1000(system) Binder:1711_2 expire 9 lines
07-07 23:27:39.287  1711  3068 I chatty  : uid=1000(system) Binder:1711_D expire 6 lines
07-07 23:27:44.262  1711  1772 I chatty  : uid=1000(system) batterystats-wo expire 75 lines
07-07 23:29:10.136  1711  1711 I chatty  : uid=1000(system) Binder:1711_3 expire 17 lines
07-07 23:29:11.573  1711  1752 I chatty  : uid=1000(system) ActivityManager expire 2 lines
07-07 23:29:11.597  1711  1753 I chatty  : uid=1000(system) ActivityManager expire 1 line
07-07 23:29:11.694  5490  5490 W ContextImpl: Calling a method in the system process without a qualified user: android.app.ContextImpl.startService:1669 android.content.ContextWrapper.startService:720 android.content.ContextWrapper.startService:720 com.sonyericsson.usbux.service.UsbHostPollingReceiver.onReceive:63 android.app.ActivityThread.handleReceiver:4032 
07-07 23:29:13.050  1711  1817 I chatty  : uid=1000(system) PowerManagerSer expire 8 lines
07-07 23:29:13.052  1711  1741 I chatty  : uid=1000(system) android.display expire 3 lines
07-07 23:29:13.066  1711  1772 I chatty  : uid=1000(system) batterystats-wo expire 45 lines
07-07 23:29:13.473  5490  5490 W ContextImpl: Calling a method in the system process without a qualified user: android.app.ContextImpl.startService:1669 android.content.ContextWrapper.startService:720 android.content.ContextWrapper.startService:720 com.sonyericsson.usbux.service.UsbHostPollingReceiver.onReceive:63 android.app.ActivityThread.handleReceiver:4032 
07-07 23:29:20.888  5490  5490 W ContextImpl: Calling a method in the system process without a qualified user: android.app.ContextImpl.startService:1669 android.content.ContextWrapper.startService:720 android.content.ContextWrapper.startService:720 com.sonyericsson.usbux.service.UsbHostPollingReceiver.onReceive:63 android.app.ActivityThread.handleReceiver:4032 
07-07 23:29:28.578  5490  5490 W ContextImpl: Calling a method in the system process without a qualified user: android.app.ContextImpl.startService:1669 android.content.ContextWrapper.startService:720 android.content.ContextWrapper.startService:720 com.sonyericsson.usbux.service.UsbHostPollingReceiver.onReceive:63 android.app.ActivityThread.handleReceiver:4032 
07-07 23:29:29.389  1711  1772 I chatty  : uid=1000(system) batterystats-wo expire 43 lines
07-07 23:29:29.443  1711 19333 I chatty  : uid=1000(system) Binder:1711_20 expire 2 lines
07-07 23:29:32.078  1711  1711 I chatty  : uid=1000(system) Binder:1711_3 expire 10 lines
07-07 23:29:43.228  1711  1772 I chatty  : uid=1000(system) batterystats-wo expire 107 lines
07-07 23:29:43.297  1711  1817 I chatty  : uid=1000(system) PowerManagerSer expire 15 lines
07-07 23:29:43.631  5490  5490 W ContextImpl: Calling a method in the system process without a qualified user: android.app.ContextImpl.startService:1669 android.content.ContextWrapper.startService:720 android.content.ContextWrapper.startService:720 com.sonyericsson.usbux.service.UsbHostPollingReceiver.onReceive:63 android.app.ActivityThread.handleReceiver:4032 
07-07 23:29:48.450  1711  3797 I chatty  : uid=1000(system) Binder:1711_12 expire 9 lines
07-07 23:29:51.280  5490  5490 W ContextImpl: Calling a method in the system process without a qualified user: android.app.ContextImpl.startService:1669 android.content.ContextWrapper.startService:720 android.content.ContextWrapper.startService:720 com.sonyericsson.usbux.service.UsbHostPollingReceiver.onReceive:63 android.app.ActivityThread.handleReceiver:4032 
07-07 23:29:53.149  1711  1741 I chatty  : uid=1000(system) android.display expire 2 lines
07-07 23:30:06.672  1711  1730 I chatty  : uid=1000(system) Binder:1711_2 expire 11 lines
07-07 23:30:18.285  1711 19333 I chatty  : uid=1000(system) Binder:1711_20 expire 6 lines
07-07 23:32:07.235  1711  1983 I chatty  : uid=1000(system) InputReader expire 1 line
07-07 23:32:07.329  1399  1399 I wificond: Pno scan stopped
07-07 23:32:07.535  1711  1738 I chatty  : uid=1000(system) android.fg expire 3 lines
07-07 23:32:07.575  1711  7590 I chatty  : uid=1000(system) Binder:1711_15 expire 15 lines
07-07 23:32:07.852  1711  2011 I chatty  : uid=1000(system) ConnectivitySer expire 3 lines
07-07 23:32:07.860  5490  5490 W ContextImpl: Calling a method in the system process without a qualified user: android.app.ContextImpl.startService:1669 android.content.ContextWrapper.startService:720 android.content.ContextWrapper.startService:720 com.sonyericsson.usbux.service.UsbHostPollingReceiver.onReceive:63 android.app.ActivityThread.handleReceiver:4032 
07-07 23:32:09.604  1711  1711 I chatty  : uid=1000(system) Binder:1711_3 expire 7 lines
07-07 23:32:09.819  1711  3667 I chatty  : uid=1000(system) Binder:1711_10 expire 5 lines
07-07 23:32:09.841  1711  1753 I chatty  : uid=1000(system) ActivityManager expire 9 lines
07-07 23:32:09.919  1711  1752 I chatty  : uid=1000(system) ActivityManager expire 14 lines
07-07 23:32:10.296  1711  1729 I chatty  : uid=1000(system) Binder:1711_1 expire 1 line
07-07 23:32:10.514  1711  2382 I chatty  : uid=1000(system) Binder:1711_9 expire 9 lines
07-07 23:32:10.637  1711 10824 I chatty  : uid=1000(system) Binder:1711_18 expire 2 lines
07-07 23:32:10.920  2598  2598 W ContextImpl: Calling a method in the system process without a qualified user: android.app.ContextImpl.sendBroadcast:1111 android.content.ContextWrapper.sendBroadcast:468 com.sonymobile.xperiaxloops.XperiaXLoopsController.removeLoopsView:513 com.sonymobile.xperiaxloops.XperiaXLoopsController$5.run:646 android.os.Handler.handleCallback:938 
07-07 23:32:11.618   639   845 E ActivityThread: Failed to find provider info for com.sonymobile.indeviceintelligence.idiprovider
07-07 23:32:11.667  1711  9439 I chatty  : uid=1000(system) Binder:1711_17 expire 14 lines
07-07 23:32:11.726  1711  2382 I chatty  : uid=1000(system) Binder:1711_9 expire 28 lines
07-07 23:32:11.745  2598 16000 W ContextImpl: Calling a method in the system process without a qualified user: android.app.ContextImpl.sendBroadcast:1111 android.content.ContextWrapper.sendBroadcast:468 com.sonymobile.xperiaxloops.BroadCastListener$1.onForegroundActivitiesChanged:133 android.app.IProcessObserver$Stub.onTransact:100 android.os.Binder.execTransactInternal:1159 
07-07 23:32:11.767  1711 10977 I chatty  : uid=1000(system) Binder:1711_19 expire 11 lines
07-07 23:32:11.776  1711  1729 I chatty  : uid=1000(system) Binder:1711_1 expire 29 lines
07-07 23:32:11.800  1711 10824 I chatty  : uid=1000(system) Binder:1711_18 expire 10 lines
07-07 23:32:12.041  1399  1399 W wificond: Scan aborted
07-07 23:32:12.041  1021  1021 I android.hardware.wifi@1.0-service: Adding interface handle for wlan0
07-07 23:32:12.041  1021  1021 I android.hardware.wifi@1.0-service: Adding interface handle for wlan1
07-07 23:32:12.041  1021  1021 I android.hardware.wifi@1.0-service: Adding interface handle for p2p0
07-07 23:32:12.076  1711  1741 I chatty  : uid=1000(system) android.display expire 10 lines
07-07 23:32:12.083  1711  1752 I chatty  : uid=1000(system) ActivityManager expire 7 lines
07-07 23:32:12.100  1021  1021 D android.hardware.wifi@1.0-service: Successfully SetMacAddress.
07-07 23:32:12.216  1711  2011 I chatty  : uid=1000(system) ConnectivitySer expire 8 lines
07-07 23:32:12.653  1399  1399 I wificond: New channel on frequency: 2462 with bandwidth: 20MHz with HT
07-07 23:32:15.395   639   845 E ActivityThread: Failed to find provider info for com.sonymobile.indeviceintelligence.idiprovider
07-07 23:32:15.431  4906  4906 W ContextImpl: Calling a method in the system process without a qualified user: android.app.ContextImpl.startService:1669 android.content.ContextWrapper.startService:720 com.android.settings.TetherSettings$TetherChangeReceiver.onReceive:264 com.android.settings.TetherSettings.onStart:355 androidx.fragment.app.Fragment.performStart:2955 
07-07 23:32:15.449  4906  4906 W ContextImpl: Calling a method in the system process without a qualified user: android.app.ContextImpl.startService:1669 android.content.ContextWrapper.startService:720 com.android.settings.TetherSettings$TetherChangeReceiver.onReceive:264 android.app.LoadedApk$ReceiverDispatcher$Args.lambda$getRunnable$0$LoadedApk$ReceiverDispatcher$Args:1562 android.app.-$$Lambda$LoadedApk$ReceiverDispatcher$Args$_BumDX2UKsnxLVrE6UJsJZkotuA.run:2 
07-07 23:32:21.730  1711  1817 I chatty  : uid=1000(system) PowerManagerSer expire 7 lines
07-07 23:32:21.791  1021  1021 I android.hardware.wifi@1.0-service: Adding interface handle for wlan0
07-07 23:32:21.791  1021  1021 I android.hardware.wifi@1.0-service: Adding interface handle for p2p0
07-07 23:32:21.799  1399  1399 E wificond: Could not read interface state for wlan1 (No such device)
07-07 23:32:21.922  1711  2002 I chatty  : uid=1000(system) WifiP2pService expire 2 lines
07-07 23:32:22.297  1711  1730 I chatty  : uid=1000(system) Binder:1711_2 expire 11 lines
07-07 23:32:22.312  1711 19333 I chatty  : uid=1000(system) Binder:1711_20 expire 2 lines
07-07 23:32:22.317  1711  7590 I chatty  : uid=1000(system) Binder:1711_15 expire 11 lines
07-07 23:32:22.431  1021  1021 I android.hardware.wifi@1.0-service: Adding interface handle for wlan0
07-07 23:32:22.431  1021  1021 I android.hardware.wifi@1.0-service: Adding interface handle for wlan1
07-07 23:32:22.431  1021  1021 I android.hardware.wifi@1.0-service: Adding interface handle for p2p0
07-07 23:32:22.473  1021  1021 D android.hardware.wifi@1.0-service: Successfully SetMacAddress.
07-07 23:32:22.577  1711  1741 I chatty  : uid=1000(system) android.display expire 11 lines
07-07 23:32:22.578  1711  2387 I chatty  : uid=1000(system) Binder:1711_A expire 10 lines
07-07 23:32:23.018  1399  1399 I wificond: New channel on frequency: 2462 with bandwidth: 20MHz with HT
07-07 23:32:23.288  1711 10977 I chatty  : uid=1000(system) Binder:1711_19 expire 3 lines
07-07 23:32:23.321  1711  9439 I chatty  : uid=1000(system) Binder:1711_17 expire 6 lines
07-07 23:32:23.386  4906  4906 W ContextImpl: Calling a method in the system process without a qualified user: android.app.ContextImpl.startService:1669 android.content.ContextWrapper.startService:720 com.android.settings.TetherSettings$TetherChangeReceiver.onReceive:264 com.android.settings.TetherSettings.onStart:355 androidx.fragment.app.Fragment.performStart:2955 
07-07 23:32:23.398  4906  4906 W ContextImpl: Calling a method in the system process without a qualified user: android.app.ContextImpl.startService:1669 android.content.ContextWrapper.startService:720 com.android.settings.TetherSettings$TetherChangeReceiver.onReceive:264 android.app.LoadedApk$ReceiverDispatcher$Args.lambda$getRunnable$0$LoadedApk$ReceiverDispatcher$Args:1562 android.app.-$$Lambda$LoadedApk$ReceiverDispatcher$Args$_BumDX2UKsnxLVrE6UJsJZkotuA.run:2 
07-07 23:32:23.501  1711 19201 I chatty  : uid=1000(system) Binder:1711_1F expire 4 lines
07-07 23:32:23.502  1711  3667 I chatty  : uid=1000(system) Binder:1711_10 expire 5 lines
07-07 23:32:23.502  1711  3120 I chatty  : uid=1000(system) Binder:1711_F expire 1 line
07-07 23:32:23.840  1711 20427 I chatty  : uid=1000(system) Binder:1711_21 expire 2 lines
07-07 23:32:23.840  1711  1753 I chatty  : uid=1000(system) ActivityManager expire 2 lines
07-07 23:32:24.654  1711  2042 I chatty  : uid=1000(system) Binder:1711_6 expire 6 lines
07-07 23:32:26.536  1711  2367 I chatty  : uid=1000(system) Binder:1711_7 expire 2 lines
07-07 23:32:26.897  6112  6112 E ActivityThread: Failed to find provider info for com.tencent.mm.coolassist.debugprovider
07-07 23:32:29.525  1711  2037 I chatty  : uid=1000(system) Binder:1711_5 expire 2 lines
07-07 23:32:31.934  1399  1399 I wificond: New station 48:8a:d2:59:07:17 connected to hotspot using interface wlan1
07-07 23:32:31.934  1399  1399 I wificond: Sending notifications for station add event
07-07 23:32:34.504  1711  1983 I chatty  : uid=1000(system) InputReader expire 2 lines
07-07 23:32:34.541  1711  1711 I chatty  : uid=1000(system) Binder:1711_3 expire 3 lines
07-07 23:32:35.008  1711  1772 I chatty  : uid=1000(system) batterystats-wo expire 56 lines
07-07 23:32:35.029  1711  1817 I chatty  : uid=1000(system) PowerManagerSer expire 21 lines
07-07 23:32:35.035  1711  2367 I chatty  : uid=1000(system) Binder:1711_7 expire 8 lines
07-07 23:32:35.039  1711  1741 I chatty  : uid=1000(system) android.display expire 23 lines
07-07 23:32:35.093  1711  3667 I chatty  : uid=1000(system) Binder:1711_10 expire 2 lines
07-07 23:32:35.103  1711  1751 I chatty  : uid=1000(system) android.bg expire 4 lines
07-07 23:32:35.355  1711  1738 I chatty  : uid=1000(system) android.fg expire 5 lines
07-07 23:32:35.450  1711  1742 I chatty  : uid=1000(system) android.anim expire 1 line
07-07 23:32:35.464  1399  1399 I wificond: Pno scan started for frequencies: 2412, 2417, 2422, 2427, 2432, 2437, 2447, 2452, 2457, 2462, 5180, 5200, 5220, 5240, 5260, 5320, 5745, 5765, 5785, 5805, 
07-07 23:32:35.523  1711 20427 I chatty  : uid=1000(system) Binder:1711_21 expire 6 lines
07-07 23:32:35.619  1711  2037 I chatty  : uid=1000(system) Binder:1711_5 expire 4 lines
07-07 23:32:35.676  1711  4415 I chatty  : uid=1000(system) Binder:1711_14 expire 11 lines
07-07 23:32:35.699  1711 10824 I chatty  : uid=1000(system) Binder:1711_18 expire 10 lines
07-07 23:32:35.702  1711  1711 I chatty  : uid=1000(system) Binder:1711_3 expire 11 lines
07-07 23:32:35.748  1711  2042 I chatty  : uid=1000(system) Binder:1711_6 expire 10 lines
07-07 23:32:35.791  1711  1729 I chatty  : uid=1000(system) Binder:1711_1 expire 8 lines
07-07 23:32:35.849  1399  1399 I wificond: Pno scan stopped
07-07 23:32:36.012  1711  3668 I chatty  : uid=1000(system) Binder:1711_11 expire 8 lines
07-07 23:32:36.085  1711  2011 I chatty  : uid=1000(system) ConnectivitySer expire 4 lines
07-07 23:32:36.111  1711  9439 I chatty  : uid=1000(system) Binder:1711_17 expire 10 lines
07-07 23:32:36.296  1711  1752 I chatty  : uid=1000(system) ActivityManager expire 2 lines
07-07 23:32:36.380  1711 19201 I chatty  : uid=1000(system) Binder:1711_1F expire 6 lines
07-07 23:32:36.398  1711 14840 I chatty  : uid=1000(system) Binder:1711_1B expire 1 line
07-07 23:32:36.398  1711  3797 I chatty  : uid=1000(system) Binder:1711_12 expire 1 line
07-07 23:32:36.400  1711  1913 I chatty  : uid=1000(system) Binder:1711_4 expire 4 lines
07-07 23:32:36.410  1711  1753 I chatty  : uid=1000(system) ActivityManager expire 6 lines
07-07 23:32:36.743  1711 16371 I chatty  : uid=1000(system) Binder:1711_1E expire 1 line
07-07 23:32:37.385  1711 12530 I chatty  : uid=1000(system) Binder:1711_1A expire 2 lines
07-07 23:32:38.319  1399  1399 I wificond: Pno scan started for frequencies: 2412, 2417, 2422, 2427, 2432, 2437, 2447, 2452, 2457, 2462, 5180, 5200, 5220, 5240, 5260, 5320, 5745, 5765, 5785, 5805, 
07-07 23:32:38.319  1399  1399 W wificond: Scan aborted
07-07 23:32:38.349  2598 16000 W ContextImpl: Calling a method in the system process without a qualified user: android.app.ContextImpl.sendBroadcast:1111 android.content.ContextWrapper.sendBroadcast:468 com.sonymobile.xperiaxloops.BroadCastListener$1.onForegroundActivitiesChanged:133 android.app.IProcessObserver$Stub.onTransact:100 android.os.Binder.execTransactInternal:1159 
07-07 23:32:38.520  1711  4201 I chatty  : uid=1000(system) Binder:1711_13 expire 2 lines
07-07 23:32:40.588  1711  1730 I chatty  : uid=1000(system) Binder:1711_2 expire 2 lines
07-07 23:32:43.408  1711 15214 I chatty  : uid=1000(system) Binder:1711_1C expire 2 lines
07-07 23:32:46.480  1711  1772 I chatty  : uid=1000(system) batterystats-wo expire 34 lines
07-07 23:32:48.751  1711  1730 I chatty  : uid=1000(system) Binder:1711_2 expire 6 lines
07-07 23:32:53.902  1711  1913 I chatty  : uid=1000(system) Binder:1711_4 expire 5 lines
07-07 23:32:54.910  1711  1752 I chatty  : uid=1000(system) ActivityManager expire 12 lines
07-07 23:32:54.913  1711  1753 I chatty  : uid=1000(system) ActivityManager expire 2 lines
07-07 23:32:57.403  1711  1817 I chatty  : uid=1000(system) PowerManagerSer expire 18 lines
07-07 23:32:57.410  1711  1741 I chatty  : uid=1000(system) android.display expire 8 lines
07-07 23:32:57.976  6675  6675 E ActivityThread: Failed to find provider info for com.tencent.mm.coolassist.debugprovider
07-07 23:33:04.823  1711  1772 I chatty  : uid=1000(system) batterystats-wo expire 45 lines
07-07 23:33:05.612  1711  1711 I chatty  : uid=1000(system) Binder:1711_3 expire 14 lines
07-07 23:33:09.514  1711  1750 I chatty  : uid=1000(system) HwBinder:1711_1 expire 2 lines
07-07 23:33:09.515  1711  1738 I chatty  : uid=1000(system) android.fg expire 6 lines
07-07 23:33:09.627  1711  1740 I chatty  : uid=1000(system) android.io expire 1 line
07-07 23:33:09.663  5568  5568 W ContextImpl: Calling a method in the system process without a qualified user: android.app.ContextImpl.startService:1669 android.content.ContextWrapper.startService:720 com.sonymobile.smartcharger.SmartChargeConnectStateReceiver.onReceive:49 android.app.LoadedApk$ReceiverDispatcher$Args.lambda$getRunnable$0$LoadedApk$ReceiverDispatcher$Args:1562 android.app.-$$Lambda$LoadedApk$ReceiverDispatcher$Args$_BumDX2UKsnxLVrE6UJsJZkotuA.run:2 
07-07 23:33:09.897  5568  5568 W ContextImpl: Calling a method in the system process without a qualified user: android.app.ContextImpl.startService:1669 android.content.ContextWrapper.startService:720 com.sonymobile.smartcharger.ChargerPlugFilterService$1.run:188 android.os.Handler.handleCallback:938 android.os.Handler.dispatchMessage:99 
07-07 23:33:09.898  5568  5568 W ContextImpl: Calling a method in the system process without a qualified user: android.app.ContextImpl.startService:1669 android.content.ContextWrapper.startService:720 com.sonymobile.smartcharger.ChargerPlugFilterService$1.run:189 android.os.Handler.handleCallback:938 android.os.Handler.dispatchMessage:99 
07-07 23:33:09.937  5568  5568 W ContextImpl: Calling a method in the system process without a qualified user: android.app.ContextImpl.startService:1669 android.content.ContextWrapper.startService:720 com.sonymobile.smartcharger.SmartChargeService.startIntelligentService:1711 com.sonymobile.smartcharger.SmartChargeService.onStartCommand:494 android.app.ActivityThread.handleServiceArgs:4331 
07-07 23:33:09.957  5568  5568 W ContextImpl: Calling a method in the system process without a qualified user: android.app.ContextImpl.sendBroadcast:1111 com.sonymobile.smartcharger.SmartChargeService.deleteDialog:1853 com.sonymobile.smartcharger.SmartChargeService.onStartCommand:501 android.app.ActivityThread.handleServiceArgs:4331 android.app.ActivityThread.access$1800:242 
07-07 23:33:09.958  5568  5568 W ContextImpl: Calling a method in the system process without a qualified user: android.app.ContextImpl.startService:1669 android.content.ContextWrapper.startService:720 com.sonymobile.smartcharger.SmartChargeService.notifHelper:1834 com.sonymobile.smartcharger.SmartChargeService.deleteNotif:1820 com.sonymobile.smartcharger.SmartChargeService.onStartCommand:502 
07-07 23:33:09.961  5568  5568 W ContextImpl: Calling a method in the system process without a qualified user: android.app.ContextImpl.startService:1669 android.content.ContextWrapper.startService:720 com.sonymobile.smartcharger.SmartChargeService.notifHelper:1834 com.sonymobile.smartcharger.SmartChargeService.deleteNotif:1820 com.sonymobile.smartcharger.SmartChargeService.onStartCommand:505 
07-07 23:33:10.049  1711  1817 I chatty  : uid=1000(system) PowerManagerSer expire 12 lines
07-07 23:33:10.061  5568  5568 W ContextImpl: Calling a method in the system process without a qualified user: android.app.ContextImpl.startService:1669 android.content.ContextWrapper.startService:720 com.sonymobile.smartcharger.chargingintelligentservice.PredictProvider.query:59 android.content.ContentProvider.query:1379 android.content.ContentProvider.query:1475 
07-07 23:33:10.083  5568  5568 W ContextImpl: Calling a method in the system process without a qualified user: android.app.ContextImpl.startService:1669 android.content.ContextWrapper.startService:720 com.sonymobile.smartcharger.SmartChargeService.notifHelper:1834 com.sonymobile.smartcharger.SmartChargeService.deleteNotif:1820 com.sonymobile.smartcharger.SmartChargeService.offState:1576 
07-07 23:33:10.098  1399  1399 I wificond: Pno scan stopped
07-07 23:33:10.301  5490  5490 W ContextImpl: Calling a method in the system process without a qualified user: android.app.ContextImpl.startService:1669 android.content.ContextWrapper.startService:720 android.content.ContextWrapper.startService:720 com.sonyericsson.usbux.service.UsbHostPollingReceiver.onReceive:63 android.app.ActivityThread.handleReceiver:4032 
07-07 23:33:10.453  1711  2011 I chatty  : uid=1000(system) ConnectivitySer expire 2 lines
07-07 23:33:10.675  1711 12530 I chatty  : uid=1000(system) Binder:1711_1A expire 2 lines
07-07 23:33:10.688  1711  1752 I chatty  : uid=1000(system) ActivityManager expire 6 lines
07-07 23:33:12.703  1711  2037 I chatty  : uid=1000(system) Binder:1711_5 expire 2 lines
07-07 23:33:15.831  2598  2598 W ContextImpl: Calling a method in the system process without a qualified user: android.app.ContextImpl.sendBroadcast:1111 android.content.ContextWrapper.sendBroadcast:468 com.sonymobile.xperiaxloops.XperiaXLoopsController$1.handleMessage:95 android.os.Handler.dispatchMessage:106 android.os.Looper.loop:368 
07-07 23:33:21.835  2598  2598 W ContextImpl: Calling a method in the system process without a qualified user: android.app.ContextImpl.sendBroadcast:1111 android.content.ContextWrapper.sendBroadcast:468 com.sonymobile.xperiaxloops.XperiaXLoopsController$1.handleMessage:95 android.os.Handler.dispatchMessage:106 android.os.Looper.loop:368 
07-07 23:33:22.705  1711 10977 I chatty  : uid=1000(system) Binder:1711_19 expire 4 lines
07-07 23:33:22.719  1399  1399 I wificond: Pno scan started for frequencies: 2412, 2417, 2422, 2427, 2432, 2437, 2447, 2452, 2457, 2462, 5180, 5200, 5220, 5240, 5260, 5320, 5745, 5765, 5785, 5805, 
07-07 23:33:27.844  1711 19333 I chatty  : uid=1000(system) Binder:1711_20 expire 10 lines
07-07 23:33:40.798  1711  7590 I chatty  : uid=1000(system) Binder:1711_15 expire 3 lines
07-07 23:34:30.796  3951  6885 E ActivityThread: Failed to find provider info for com.sonymobile.providers.framework.extension
07-07 23:34:30.818  1711 16371 I chatty  : uid=1000(system) Binder:1711_1E expire 1 line
07-07 23:34:30.829  1711  1751 I chatty  : uid=1000(system) android.bg expire 1 line
07-07 23:34:30.898  1711  2387 I chatty  : uid=1000(system) Binder:1711_A expire 4 lines
07-07 23:34:30.899  1711  2042 I chatty  : uid=1000(system) Binder:1711_6 expire 1 line
07-07 23:34:30.902  1711  3667 I chatty  : uid=1000(system) Binder:1711_10 expire 1 line
07-07 23:34:46.085  1711  2953 I chatty  : uid=1000(system) Binder:1711_C expire 1 line
07-07 23:34:51.169  1711  4415 I chatty  : uid=1000(system) Binder:1711_14 expire 21 lines
07-07 23:35:06.400  1711  2953 I chatty  : uid=1000(system) Binder:1711_C expire 4 lines
07-07 23:35:16.579  1711  3120 I chatty  : uid=1000(system) Binder:1711_F expire 13 lines
07-07 23:35:19.973  1711  2103 I chatty  : uid=1000(system) SyncManager expire 1 line
07-07 23:35:19.975  1711  1752 I chatty  : uid=1000(system) ActivityManager expire 18 lines
07-07 23:35:29.095  1711  3667 I chatty  : uid=1000(system) Binder:1711_10 expire 10 lines
07-07 23:35:49.450  1711  2387 I chatty  : uid=1000(system) Binder:1711_A expire 15 lines
07-07 23:37:45.419  1711  1751 I chatty  : uid=1000(system) android.bg expire 2 lines
07-07 23:39:50.060  1711  1753 I chatty  : uid=1000(system) ActivityManager expire 5 lines
07-07 23:39:50.182  6977  6977 W ContextImpl: Calling a method in the system process without a qualified user: android.app.ContextImpl.startService:1669 android.content.ContextWrapper.startService:720 android.content.ContextWrapper.startService:720 com.sonymobile.smartcharger.chargingintelligentservice.ChargeStateLogger.onReceive:70 android.app.ActivityThread.handleReceiver:4032 
07-07 23:39:50.237  1711  4415 I chatty  : uid=1000(system) Binder:1711_14 expire 6 lines
07-07 23:40:00.373  1711  2387 I chatty  : uid=1000(system) Binder:1711_A expire 7 lines
07-07 23:40:18.348  1711  1711 I chatty  : uid=1000(system) Binder:1711_3 expire 10 lines
07-07 23:41:46.444  1599  1599 E TLOC    : [TLOCChannel]"Can't receive message due to timeout"
07-07 23:41:46.445  1599  2416 I TLOC    : [Modem      ]"Sending location turned on status to the daemon"
07-07 23:41:46.445  1599  1599 I TLOC    : [ModemComm  ]"Request succeeded for gps engine lock"
07-07 23:41:46.445  1599  2416 D TLOC    : [TLOCChannel] "TLOCChannel is already initialized"
07-07 23:41:46.445  1599  1599 D TLOC    : [TLOCChannel] "Going to receive message for TLOCD"
07-07 23:41:46.445  1599  2416 D TLOC    : [TLOCChannel] "Going to send message to TLOCD"
07-07 23:41:46.445  1599  2416 D TLOC    : [TLOCChannel]" --- message(id:14, size:0) ---> TLOCD"
07-07 23:41:46.445  1599  1599 D TLOC    : [TLOCChannel]" TLOCD <--- message(id:14, size:0) ---"
07-07 23:41:46.445  1599  1599 I TLOC    : [TLOCDaemon ]"timeout passed - start periodic warm-up"
07-07 23:41:46.446  1599  1599 I TLOC    : [ModemComm  ]"Start a session successfully"
07-07 23:41:46.446  1599  1599 D TLOC    : [TLOCDaemon ]"The command finished successfully"
07-07 23:41:46.446  1599  1599 D TLOC    : [TLOCDaemon ]"waiting for command"
07-07 23:41:46.446  1599  1599 D TLOC    : [TLOCChannel] "Going to receive message for TLOCD"
07-07 23:41:46.446  1599  1599 D TLOC    : [TLOCChannel] "wait for message for user TLOCD"
07-07 23:41:50.980  1599  2416 I TLOC    : [Modem      ]"Received event indication of position report with status SUCCESS"
07-07 23:41:50.980  1599  2416 D TLOC    : [Modem      ] "*********** Position Report: ***********"
07-07 23:41:50.980  1599  2416 D TLOC    : [Modem      ] "	Latitude:	22.274923"
07-07 23:41:50.980  1599  2416 D TLOC    : [Modem      ] "	Longitude:	113.538020"
07-07 23:41:50.980  1599  2416 D TLOC    : [Modem      ] "	Accuracy:	23.525385"
07-07 23:41:50.980  1599  2416 D TLOC    : [Modem      ] "	Technology:	1"
07-07 23:41:50.980  1599  2416 D TLOC    : [Modem      ] "	Time:		1625672510000"
07-07 23:41:50.980  1599  2416 D TLOC    : [Modem      ] "	Altitude:	36.661114"
07-07 23:41:50.980  1599  2416 D TLOC    : [Modem      ] "	Speed:		0.000000"
07-07 23:41:50.980  1599  2416 D TLOC    : [Modem      ] "****************************************"
07-07 23:41:50.980  1599  2416 I TLOC    : [Modem      ]"Received location fix. Should close the session"
07-07 23:41:50.980  1599  2416 D TLOC    : [TLOCChannel] "TLOCChannel is already initialized"
07-07 23:41:50.980  1599  2416 D TLOC    : [TLOCChannel] "Going to send message to TLOCD"
07-07 23:41:50.980  1599  2416 D TLOC    : [TLOCChannel]" --- message(id:10, size:0) ---> TLOCD"
07-07 23:41:50.981  1599  1599 D TLOC    : [TLOCChannel]" TLOCD <--- message(id:10, size:0) ---"
07-07 23:41:50.981  1599  1599 I TLOC    : [TLOCDaemon ]"WarmUp ended"
07-07 23:41:50.981  1599  1599 I TLOC    : [ModemComm  ]"Stopped the session successfully"
07-07 23:41:50.981  1599  1599 D TLOC    : [TLOCDaemon ]"The command finished successfully"
07-07 23:41:50.981  1599  1599 D TLOC    : [TLOCDaemon ]"waiting for command"
07-07 23:41:50.981  1599  1599 D TLOC    : [TLOCChannel] "Going to receive message for TLOCD"
07-07 23:41:50.981  1599  1599 D TLOC    : [TLOCChannel] "wait for message for user TLOCD"
07-07 23:42:29.737  1711  1983 I chatty  : uid=1000(system) InputReader expire 4 lines
07-07 23:42:29.742  1711  1817 I chatty  : uid=1000(system) PowerManagerSer expire 24 lines
07-07 23:42:29.774  1711  1741 I chatty  : uid=1000(system) android.display expire 10 lines
07-07 23:42:29.823  1399  1399 I wificond: Pno scan stopped
07-07 23:42:30.015  1711  1738 I chatty  : uid=1000(system) android.fg expire 7 lines
07-07 23:42:30.058  1711  3667 I chatty  : uid=1000(system) Binder:1711_10 expire 13 lines
07-07 23:42:30.161  1711  2011 I chatty  : uid=1000(system) ConnectivitySer expire 5 lines
07-07 23:42:32.629  1711 10977 I chatty  : uid=1000(system) Binder:1711_19 expire 2 lines
07-07 23:42:32.709  1399  1399 I wificond: Pno scan started for frequencies: 2412, 2417, 2422, 2427, 2432, 2437, 2447, 2452, 2457, 2462, 5180, 5200, 5220, 5240, 5260, 5320, 5745, 5765, 5785, 5805, 
07-07 23:42:32.709  1399  1399 W wificond: Scan aborted
07-07 23:42:35.103  1711  3120 I chatty  : uid=1000(system) Binder:1711_F expire 2 lines
07-07 23:42:37.780  1711  1913 I chatty  : uid=1000(system) Binder:1711_4 expire 4 lines
07-07 23:43:04.467  1399  1399 I wificond: Pno scan stopped
07-07 23:43:04.492  1711  1817 I chatty  : uid=1000(system) PowerManagerSer expire 16 lines
07-07 23:43:04.720  1711 16371 I chatty  : uid=1000(system) Binder:1711_1E expire 2 lines
07-07 23:43:06.438  1711 16291 I chatty  : uid=1000(system) Binder:1711_1D expire 6 lines
07-07 23:43:06.529  2598  2598 W ContextImpl: Calling a method in the system process without a qualified user: android.app.ContextImpl.sendBroadcast:1111 android.content.ContextWrapper.sendBroadcast:468 com.sonymobile.xperiaxloops.XperiaXLoopsController.removeLoopsView:513 com.sonymobile.xperiaxloops.XperiaXLoopsController$5.run:646 android.os.Handler.handleCallback:938 
07-07 23:43:06.925  1711  2042 I chatty  : uid=1000(system) Binder:1711_6 expire 2 lines
07-07 23:43:07.216  1711  9439 I chatty  : uid=1000(system) Binder:1711_17 expire 1 line
07-07 23:43:07.280  2598 16000 W ContextImpl: Calling a method in the system process without a qualified user: android.app.ContextImpl.sendBroadcast:1111 android.content.ContextWrapper.sendBroadcast:468 com.sonymobile.xperiaxloops.BroadCastListener$1.onForegroundActivitiesChanged:133 android.app.IProcessObserver$Stub.onTransact:100 android.os.Binder.execTransactInternal:1159 
07-07 23:43:07.462  1711  1752 I chatty  : uid=1000(system) ActivityManager expire 2 lines
07-07 23:43:07.728  1711  3667 I chatty  : uid=1000(system) Binder:1711_10 expire 5 lines
07-07 23:44:06.596  3951  7397 E ActivityThread: Failed to find provider info for com.sonymobile.providers.framework.extension
07-07 23:44:06.636  1711  1752 I chatty  : uid=1000(system) ActivityManager expire 15 lines
07-07 23:44:06.638  1711 10977 I chatty  : uid=1000(system) Binder:1711_19 expire 2 lines
07-07 23:44:06.639  1711  3120 I chatty  : uid=1000(system) Binder:1711_F expire 1 line
07-07 23:44:06.691  1711  9439 I chatty  : uid=1000(system) Binder:1711_17 expire 1 line
07-07 23:44:06.691  1711  1913 I chatty  : uid=1000(system) Binder:1711_4 expire 3 lines
07-07 23:44:06.691  1711  1729 I chatty  : uid=1000(system) Binder:1711_1 expire 4 lines
07-07 23:44:06.691  1711  1741 I chatty  : uid=1000(system) android.display expire 12 lines
07-07 23:44:06.691  1711  2011 I chatty  : uid=1000(system) ConnectivitySer expire 11 lines
07-07 23:44:06.693  1711  1730 I chatty  : uid=1000(system) Binder:1711_2 expire 7 lines
07-07 23:44:08.843  1711  1817 I chatty  : uid=1000(system) PowerManagerSer expire 28 lines
07-07 23:44:08.871  1711  1711 I chatty  : uid=1000(system) Binder:1711_3 expire 11 lines
07-07 23:44:09.671  1711  1738 I chatty  : uid=1000(system) android.fg expire 1 line
07-07 23:44:09.809  1399  1399 I wificond: Pno scan started for frequencies: 2412, 2417, 2422, 2427, 2432, 2437, 2447, 2452, 2457, 2462, 5180, 5200, 5220, 5240, 5260, 5320, 5745, 5765, 5785, 5805, 
07-07 23:44:09.809  1399  1399 W wificond: Scan aborted
07-07 23:44:14.894  1711  3797 I chatty  : uid=1000(system) Binder:1711_12 expire 1 line
07-07 23:45:32.840  1711  2938 I chatty  : uid=1000(system) Binder:1711_B expire 1 line
07-07 23:45:52.343  1711  4415 I chatty  : uid=1000(system) Binder:1711_14 expire 2 lines
07-07 23:45:52.353  3951  7470 E ActivityThread: Failed to find provider info for com.sonymobile.providers.framework.extension
07-07 23:47:39.986  1711  3069 I chatty  : uid=1000(system) Binder:1711_E expire 4 lines
07-07 23:47:39.987  1711 16291 I chatty  : uid=1000(system) Binder:1711_1D expire 2 lines
07-07 23:47:39.998  1711  1741 I chatty  : uid=1000(system) android.display expire 5 lines
07-07 23:47:40.120  1711 12530 I chatty  : uid=1000(system) Binder:1711_1A expire 1 line
07-07 23:47:40.121  1711 15214 I chatty  : uid=1000(system) Binder:1711_1C expire 1 line
07-07 23:47:41.000  1711  1753 I chatty  : uid=1000(system) ActivityManager expire 18 lines
07-07 23:47:44.212  7497  7497 E ActivityThread: Failed to find provider info for com.tencent.mm.coolassist.debugprovider
07-07 23:47:45.888  7497  7592 W FileUtils: Failed to chmod(/data/user/0/com.tencent.mobileqq/app_tbs): android.system.ErrnoException: chmod failed: EACCES (Permission denied)
07-07 23:47:45.889  7497  7592 W FileUtils: Failed to chmod(/data/user/0/com.tencent.mobileqq/app_tbs_common_share): android.system.ErrnoException: chmod failed: EACCES (Permission denied)
07-07 23:47:45.948  7497  7592 W FileUtils: Failed to chmod(/data/user/0/com.tencent.mobileqq/app_tbs): android.system.ErrnoException: chmod failed: EACCES (Permission denied)
07-07 23:47:45.948  7497  7592 W FileUtils: Failed to chmod(/data/user/0/com.tencent.mobileqq/app_tbs_common_share): android.system.ErrnoException: chmod failed: EACCES (Permission denied)
07-07 23:47:54.021  7702  7702 E ActivityThread: Failed to find provider info for com.tencent.mm.coolassist.debugprovider
07-07 23:48:20.076  1711  2042 I chatty  : uid=1000(system) Binder:1711_6 expire 1 line
07-07 23:48:23.760  1711  7648 I chatty  : uid=1000(system) Binder:1711_16 expire 1 line
07-07 23:48:23.760  1711  2037 I chatty  : uid=1000(system) Binder:1711_5 expire 5 lines
07-07 23:48:30.849  1711  4201 I chatty  : uid=1000(system) Binder:1711_13 expire 5 lines
07-07 23:48:51.075  1711  3652 I chatty  : uid=1000(system) backup-0 expire 5 lines
07-07 23:49:24.446  8112  8112 E ActivityThread: Failed to find provider info for com.sonymobile.superstamina.usm.provider
07-07 23:49:40.725  1711  1817 I chatty  : uid=1000(system) PowerManagerSer expire 12 lines
07-07 23:49:50.211  1711  2103 I chatty  : uid=1000(system) SyncManager expire 3 lines
07-07 23:49:50.218  6977  6977 W ContextImpl: Calling a method in the system process without a qualified user: android.app.ContextImpl.startService:1669 android.content.ContextWrapper.startService:720 android.content.ContextWrapper.startService:720 com.sonymobile.smartcharger.chargingintelligentservice.ChargeStateLogger.onReceive:70 android.app.ActivityThread.handleReceiver:4032 
07-07 23:50:04.044  1711  1711 I chatty  : uid=1000(system) Binder:1711_3 expire 5 lines
07-07 23:57:45.568  1711  1751 I chatty  : uid=1000(system) android.bg expire 1 line
07-07 23:58:20.323  3951  8240 E ActivityThread: Failed to find provider info for com.sonymobile.providers.framework.extension
07-07 23:59:06.334  1711  1753 I chatty  : uid=1000(system) ActivityManager expire 7 lines
07-07 23:59:06.514  1711  7590 I chatty  : uid=1000(system) Binder:1711_15 expire 5 lines
07-07 23:59:06.607  1711 20427 I chatty  : uid=1000(system) Binder:1711_21 expire 5 lines
07-08 00:00:00.157  1711  2382 I chatty  : uid=1000(system) Binder:1711_9 expire 2 lines
07-08 00:00:00.159  1711  1752 I chatty  : uid=1000(system) ActivityManager expire 13 lines
07-08 00:00:10.169  6977  6977 W ContextImpl: Calling a method in the system process without a qualified user: android.app.ContextImpl.startService:1669 android.content.ContextWrapper.startService:720 android.content.ContextWrapper.startService:720 com.sonymobile.smartcharger.chargingintelligentservice.ChargeStateLogger.onReceive:70 android.app.ActivityThread.handleReceiver:4032 
07-08 00:05:57.762  8432  8432 W FileUtils: Failed to chmod(/data/user/0/com.tencent.mm/app_tbs_64): android.system.ErrnoException: chmod failed: EACCES (Permission denied)
07-08 00:05:57.781  8432  8432 W FileUtils: Failed to chmod(/data/user/0/com.tencent.mobileqq/app_tbs_64): android.system.ErrnoException: chmod failed: EACCES (Permission denied)
07-08 00:05:57.785  8432  8432 W FileUtils: Failed to chmod(/data/user/0/com.tencent.mm/app_tbs_64): android.system.ErrnoException: chmod failed: EACCES (Permission denied)
07-08 00:05:57.785  1711  1753 I chatty  : uid=1000(system) ActivityManager expire 10 lines
07-08 00:05:57.786  8432  8432 W FileUtils: Failed to chmod(/data/user/0/com.tencent.mobileqq/app_tbs_64): android.system.ErrnoException: chmod failed: EACCES (Permission denied)
07-08 00:05:57.856  1711  2938 I chatty  : uid=1000(system) Binder:1711_B expire 4 lines
07-08 00:05:58.015  1711  1752 I chatty  : uid=1000(system) ActivityManager expire 10 lines
07-08 00:05:58.123  1711  2037 I chatty  : uid=1000(system) Binder:1711_5 expire 6 lines
07-08 00:06:18.314  1711  2103 I chatty  : uid=1000(system) SyncManager expire 3 lines
07-08 00:10:09.805  1711  1711 I chatty  : uid=1000(system) Binder:1711_3 expire 12 lines
07-08 00:10:52.353  6977  6977 W ContextImpl: Calling a method in the system process without a qualified user: android.app.ContextImpl.startService:1669 android.content.ContextWrapper.startService:720 android.content.ContextWrapper.startService:720 com.sonymobile.smartcharger.chargingintelligentservice.ChargeStateLogger.onReceive:70 android.app.ActivityThread.handleReceiver:4032 
07-08 00:10:52.357  3951  8764 E ActivityThread: Failed to find provider info for com.sonymobile.providers.framework.extension
07-08 00:10:52.367  1711 10977 I chatty  : uid=1000(system) Binder:1711_19 expire 5 lines
07-08 00:11:50.981  1599  1599 E TLOC    : [TLOCChannel]"Can't receive message due to timeout"
07-08 00:11:50.987  1599  1599 I TLOC    : [ModemComm  ]"Request succeeded for gps engine lock"
07-08 00:11:50.988  1599  2416 I TLOC    : [Modem      ]"Sending location turned on status to the daemon"
07-08 00:11:50.988  1599  2416 D TLOC    : [TLOCChannel] "TLOCChannel is already initialized"
07-08 00:11:50.988  1599  2416 D TLOC    : [TLOCChannel] "Going to send message to TLOCD"
07-08 00:11:50.988  1599  1599 D TLOC    : [TLOCChannel] "Going to receive message for TLOCD"
07-08 00:11:50.988  1599  2416 D TLOC    : [TLOCChannel]" --- message(id:14, size:0) ---> TLOCD"
07-08 00:11:50.989  1599  1599 D TLOC    : [TLOCChannel]" TLOCD <--- message(id:14, size:0) ---"
07-08 00:11:50.989  1599  1599 I TLOC    : [TLOCDaemon ]"timeout passed - start periodic warm-up"
07-08 00:11:50.990  1599  1599 I TLOC    : [ModemComm  ]"Start a session successfully"
07-08 00:11:50.990  1599  1599 D TLOC    : [TLOCDaemon ]"The command finished successfully"
07-08 00:11:50.990  1599  1599 D TLOC    : [TLOCDaemon ]"waiting for command"
07-08 00:11:50.990  1599  1599 D TLOC    : [TLOCChannel] "Going to receive message for TLOCD"
07-08 00:11:50.990  1599  1599 D TLOC    : [TLOCChannel] "wait for message for user TLOCD"
07-08 00:11:54.976  1599  2416 I TLOC    : [Modem      ]"Received event indication of position report with status SUCCESS"
07-08 00:11:54.976  1599  2416 D TLOC    : [Modem      ] "*********** Position Report: ***********"
07-08 00:11:54.976  1599  2416 D TLOC    : [Modem      ] "	Latitude:	22.274809"
07-08 00:11:54.976  1599  2416 D TLOC    : [Modem      ] "	Longitude:	113.537873"
07-08 00:11:54.976  1599  2416 D TLOC    : [Modem      ] "	Accuracy:	20.351934"
07-08 00:11:54.976  1599  2416 D TLOC    : [Modem      ] "	Technology:	1"
07-08 00:11:54.976  1599  2416 D TLOC    : [Modem      ] "	Time:		1625674314000"
07-08 00:11:54.976  1599  2416 D TLOC    : [Modem      ] "	Altitude:	43.605812"
07-08 00:11:54.976  1599  2416 D TLOC    : [Modem      ] "	Speed:		0.000000"
07-08 00:11:54.976  1599  2416 D TLOC    : [Modem      ] "****************************************"
07-08 00:11:54.976  1599  2416 I TLOC    : [Modem      ]"Received location fix. Should close the session"
07-08 00:11:54.976  1599  2416 D TLOC    : [TLOCChannel] "TLOCChannel is already initialized"
07-08 00:11:54.976  1599  2416 D TLOC    : [TLOCChannel] "Going to send message to TLOCD"
07-08 00:11:54.976  1599  2416 D TLOC    : [TLOCChannel]" --- message(id:10, size:0) ---> TLOCD"
07-08 00:11:54.976  1599  1599 D TLOC    : [TLOCChannel]" TLOCD <--- message(id:10, size:0) ---"
07-08 00:11:54.976  1599  1599 I TLOC    : [TLOCDaemon ]"WarmUp ended"
07-08 00:11:54.978  1599  1599 I TLOC    : [ModemComm  ]"Stopped the session successfully"
07-08 00:11:54.978  1599  1599 D TLOC    : [TLOCDaemon ]"The command finished successfully"
07-08 00:11:54.978  1599  1599 D TLOC    : [TLOCDaemon ]"waiting for command"
07-08 00:11:54.978  1599  1599 D TLOC    : [TLOCChannel] "Going to receive message for TLOCD"
07-08 00:11:54.978  1599  1599 D TLOC    : [TLOCChannel] "wait for message for user TLOCD"
07-08 00:14:14.339  1711  7590 I chatty  : uid=1000(system) Binder:1711_15 expire 1 line
07-08 00:15:28.839  1711  1986 I chatty  : uid=1000(system) NetworkWatchlis expire 3 lines
07-08 00:15:29.050  8785  8867 D DownloadManager: Removed 0 stale downloads
07-08 00:15:29.086  8785  8867 D DownloadManager: Found 3 files in database
07-08 00:15:29.086  8785  8867 D DownloadManager: Found 0 files on disk
07-08 00:15:32.140  1711  2953 I chatty  : uid=1000(system) Binder:1711_C expire 6 lines
07-08 00:15:33.222  1711  3797 I chatty  : uid=1000(system) Binder:1711_12 expire 6 lines
07-08 00:15:34.882  1711 20427 I chatty  : uid=1000(system) Binder:1711_21 expire 6 lines
07-08 00:15:39.567  8934  8934 E ActivityThread: Failed to find provider info for com.tencent.mm.coolassist.debugprovider
07-08 00:16:32.676  1711  1752 I chatty  : uid=1000(system) ActivityManager expire 11 lines
07-08 00:16:32.677  1711  1753 I chatty  : uid=1000(system) ActivityManager expire 8 lines
07-08 00:16:42.920  9032  9032 D ActivityThread: Loading provider contacts;com.android.contacts: com.android.providers.contacts.ContactsProvider2
07-08 00:17:45.706  1711  1751 I chatty  : uid=1000(system) android.bg expire 2 lines
