07-08 00:56:01.817  1711  3068 V FingerprintService: cancelAuthentication(com.android.systemui)
07-08 00:56:01.817  1711  1711 V FingerprintService: Stopping client com.android.systemui, fromClient: true
07-08 00:56:01.818  1711  1729 D ActivityTaskManager: Top Process State changed to PROCESS_STATE_TOP
07-08 00:56:01.819  1711  1729 V ActivityTaskManager: Calling mServicetracker.OnActivityStateChange with flag truestateRESUMED
07-08 00:56:01.819  1711  1729 V ActivityTaskManager: Calling mServicetracker.OnActivityStateChange with flag falsestateRESUMED
07-08 00:56:01.859  1711  1711 W FingerprintService: client com.android.systemui is no longer authenticating
07-08 00:56:01.860  1711  1711 V FingerprintService: handleError(client=com.android.systemui, error = 5)
07-08 00:56:01.860  1711  1711 V BiometricStats: Error latency: -1
07-08 00:56:01.860  1711  1711 W BiometricStats: found a negative latency : -1
07-08 00:56:01.860  1711  1711 V FingerprintService: Done with client: com.android.systemui
07-08 00:56:01.926  1711  1752 W BroadcastQueue: Permission Denial: broadcasting Intent { act=android.intent.action.USER_PRESENT flg=0x24200010 } from com.android.systemui (pid=2108, uid=10087) requires com.ftehxcctjixtws.sport.permission.JPUSH_MESSAGE due to registered receiver BroadcastFilter{8b59dff 10324/u0 ReceiverList{36f111e 10299 com.ftehxcctjixtws.sport:pushcore/10324/u0 remote:eadf159}}
07-08 00:56:01.926  1711  1752 W BroadcastQueue: Background execution not allowed: receiving Intent { act=android.intent.action.USER_PRESENT flg=0x24200010 } to cn.wps.moffice_eng/cn.wps.moffice.service.receivers.MonitorServiceReceiver
07-08 00:56:01.932  1711  1752 W BroadcastQueue: Background execution not allowed: receiving Intent { act=android.intent.action.USER_PRESENT flg=0x24200010 } to com.tencent.qs/com.tencent.android.tpush.XGPushReceiver
07-08 00:56:01.933  1711  1752 W BroadcastQueue: Background execution not allowed: receiving Intent { act=android.intent.action.USER_PRESENT flg=0x24200010 } to com.google.android.gms/.auth.setup.devicesignals.LockScreenReceiver
07-08 00:56:01.933  1711  1752 W BroadcastQueue: Background execution not allowed: receiving Intent { act=android.intent.action.USER_PRESENT flg=0x24200010 } to com.google.android.gms/.chimera.GmsIntentOperationService$PersistentTrustedReceiver
07-08 00:56:01.935  1711  1752 W BroadcastQueue: Background execution not allowed: receiving Intent { act=android.intent.action.USER_PRESENT flg=0x24200010 } to cn.wps.moffice_eng/com.igexin.sdk.PushReceiver
07-08 00:56:01.935  1711  1752 W BroadcastQueue: Background execution not allowed: receiving Intent { act=android.intent.action.USER_PRESENT flg=0x24200010 } to cn.wps.moffice_eng/io.rong.push.rongpush.PushReceiver
07-08 00:56:01.935  1711  1752 W BroadcastQueue: Background execution not allowed: receiving Intent { act=android.intent.action.USER_PRESENT flg=0x24200010 } to com.UCMobile/com.alv.foun.PhoenixBroadcastReceiver
07-08 00:56:01.935  1711  1752 W BroadcastQueue: Background execution not allowed: receiving Intent { act=android.intent.action.USER_PRESENT flg=0x24200010 } to com.UCMobile/com.taobao.accs.EventReceiver
07-08 00:56:01.935  1711  1752 W BroadcastQueue: Permission Denial: broadcasting Intent { act=android.intent.action.USER_PRESENT flg=0x24200010 } from com.android.systemui (pid=2108, uid=10087) is not exported from uid 10324 due to receiver com.ftehxcctjixtws.sport/cn.jpush.android.service.PushReceiver
07-08 00:56:01.936  1711  1752 W BroadcastQueue: Background execution not allowed: receiving Intent { act=android.intent.action.USER_PRESENT flg=0x24200010 } to com.lianjia.beike/com.igexin.sdk.PushReceiver
07-08 00:56:01.936  1711  1752 W BroadcastQueue: Permission Denial: broadcasting Intent { act=android.intent.action.USER_PRESENT flg=0x24200010 } from com.android.systemui (pid=2108, uid=10087) is not exported from uid 10310 due to receiver com.tencent.android.qqdownloader/com.tencent.assistant.module.timer.ScheduleJobReceiver
07-08 00:56:01.936  1711  1752 W BroadcastQueue: Permission Denial: broadcasting Intent { act=android.intent.action.USER_PRESENT flg=0x24200010 } from com.android.systemui (pid=2108, uid=10087) is not exported from uid 10033 due to receiver com.yek.android.kfc.activitys/cn.jpush.android.service.PushReceiver
07-08 00:56:01.936  1711  1752 W BroadcastQueue: Background execution not allowed: receiving Intent { act=android.intent.action.USER_PRESENT flg=0x24200010 } to pro.huobi/com.igexin.sdk.PushReceiver
07-08 00:56:02.035  1711  1711 W Looper  : Slow dispatch took 123ms main h=android.app.ActivityThread$H c=android.app.-$$Lambda$LoadedApk$ReceiverDispatcher$Args$_BumDX2UKsnxLVrE6UJsJZkotuA@8cd90fc m=0
07-08 00:56:02.045  1711  2953 D CompatibilityChangeReporter: Compat change id reported: 135634846; UID 10199; state: DISABLED
07-08 00:56:02.046  1711  2953 D CompatibilityChangeReporter: Compat change id reported: 135754954; UID 10199; state: ENABLED
07-08 00:56:02.046  1711  1753 D CompatibilityChangeReporter: Compat change id reported: 143937733; UID 10199; state: ENABLED
07-08 00:56:02.063  1711  1753 I ActivityManager: Start proc 11522:com.google.android.googlequicksearchbox:interactor/u0a199 for service {com.google.android.googlequicksearchbox/com.google.android.apps.gsa.nga.engine.viss.NgaService}
07-08 00:56:02.319  1711  2953 D CompatibilityChangeReporter: Compat change id reported: 135634846; UID 10071; state: DISABLED
07-08 00:56:02.319  1711  2953 D CompatibilityChangeReporter: Compat change id reported: 135754954; UID 10071; state: ENABLED
07-08 00:56:02.320  1711  1753 D CompatibilityChangeReporter: Compat change id reported: 143937733; UID 10071; state: ENABLED
07-08 00:56:02.332  1711  2367 D ConnectivityService: requestNetwork for uid/pid:10199/11429 NetworkRequest [ TRACK_DEFAULT id=2412, [ Capabilities: INTERNET&NOT_RESTRICTED&TRUSTED Uid: 10199 AdministratorUids: [] RequestorUid: 10199 RequestorPackageName: com.google.android.googlequicksearchbox] ]
07-08 00:56:02.335  1711  2011 D ConnectivityService: NetReassign [2412 : null  100]
07-08 00:56:02.339  1711  1753 I ActivityManager: Start proc 11577:com.google.process.gapps/u0a71 for content provider {com.google.android.gsf/com.google.android.gsf.settings.GoogleSettingsProvider}
07-08 00:56:02.342  1711  2011 D ConnectivityService: NetReassign [no changes]
07-08 00:56:02.941  2598  2598 W ContextImpl: Calling a method in the system process without a qualified user: android.app.ContextImpl.sendBroadcast:1111 android.content.ContextWrapper.sendBroadcast:468 com.sonymobile.xperiaxloops.XperiaXLoopsController.removeLoopsView:513 com.sonymobile.xperiaxloops.XperiaXLoopsController$5.run:646 android.os.Handler.handleCallback:938 
07-08 00:56:17.000  1711  1752 W BroadcastQueue: Background execution not allowed: receiving Intent { act=com.tencent.assistant.st.report.PluginLogProcessorReceiver.TIME flg=0x14 (has extras) } to com.tencent.android.qqdownloader/com.tencent.assistant.st.report.PluginLogProcessorReceiver
07-08 00:56:46.539  1711  1817 I DisplayBoostState: isBoosted: false
07-08 00:56:46.539  1711  1817 V DisplayPowerController: Brightness [0.05] reason changing to: 'automatic [ dim ]', previous reason: 'automatic'.
07-08 00:56:46.769  1711  1817 I DisplayBoostState: isBoosted: false
07-08 00:57:01.535  1711  1817 I PowerManagerService: Going to sleep due to timeout (uid 1000)...
07-08 00:57:01.556  1711  1711 V FingerprintService: startAuthentication(com.android.systemui)
07-08 00:57:01.556  1711  1711 V FingerprintService: starting client AuthenticationClientImpl(com.android.systemui) targetUserId: 0 currentUserId: 0 cookie: 0/0
07-08 00:57:01.557  1711  1711 W FingerprintService: client com.android.systemui is authenticating...
07-08 00:57:01.598  1711  1817 V DisplayPowerController: Brightness [0.2292075] reason changing to: 'automatic', previous reason: 'automatic [ dim ]'.
07-08 00:57:02.018  1711  1817 I DisplayPowerController: Blocking screen off
07-08 00:57:02.020  1711  1817 I DisplayPowerController: Unblocked screen off after 3 ms
07-08 00:57:02.020  3951 11688 E ActivityThread: Failed to find provider info for com.sonymobile.providers.framework.extension
07-08 00:57:02.045  1711  1817 D ActivityTaskManager: Top Process State changed to PROCESS_STATE_TOP_SLEEPING
07-08 00:57:02.046  1711  1817 V ActivityTaskManager: Calling mServicetracker.OnActivityStateChange with flag truestatePAUSING
07-08 00:57:02.047  1711  1817 V ActivityTaskManager: Calling mServicetracker.OnActivityStateChange with flag falsestatePAUSING
07-08 00:57:02.050  1711  9439 V ActivityTaskManager: Calling mServicetracker.OnActivityStateChange with flag truestatePAUSED
07-08 00:57:02.050  1711  9439 V ActivityTaskManager: Calling mServicetracker.OnActivityStateChange with flag falsestatePAUSED
07-08 00:57:02.053  1711  1817 V DisplayPowerController: Brightness [-1.0] reason changing to: 'screen_off', previous reason: 'automatic'.
07-08 00:57:02.056  1711  1741 V ActivityTaskManager: Calling mServicetracker.OnActivityStateChange with flag truestateSTOPPING
07-08 00:57:02.057  1711  1741 V ActivityTaskManager: Calling mServicetracker.OnActivityStateChange with flag falsestateSTOPPING
07-08 00:57:02.063  1711  1741 I DisplayManagerService: Display device changed state: "", OFF
07-08 00:57:02.104  1711  1729 V ActivityTaskManager: Calling mServicetracker.OnActivityStateChange with flag truestateSTOPPED
07-08 00:57:02.105  1711  1729 V ActivityTaskManager: Calling mServicetracker.OnActivityStateChange with flag falsestateSTOPPED
07-08 00:57:02.371  1711  1817 I DreamManagerService: Entering dreamland.
07-08 00:57:02.371  1711  1817 I PowerManagerService: Dozing...
07-08 00:57:02.372  1711  1738 I DreamController: Starting dream: name=ComponentInfo{com.android.systemui/com.android.systemui.doze.DozeService}, isTest=false, canDoze=true, userId=0
07-08 00:57:02.467  1711  1741 V WindowManager: Orientation start waiting for draw, mDrawState=DRAW_PENDING in Window{d92a8d6 u0 NotificationShade}, surfaceController Surface(name=NotificationShade)/@0xab23813
07-08 00:57:02.509  1399  1399 I wificond: Pno scan started for frequencies: 2412, 2417, 2422, 2427, 2432, 2437, 2447, 2452, 2457, 2462, 5180, 5200, 5220, 5240, 5260, 5320, 5745, 5765, 5785, 5805, 
07-08 00:57:02.509  1399  1399 W wificond: Scan aborted
07-08 00:57:02.571  2598 16000 W ContextImpl: Calling a method in the system process without a qualified user: android.app.ContextImpl.sendBroadcast:1111 android.content.ContextWrapper.sendBroadcast:468 com.sonymobile.xperiaxloops.BroadCastListener$1.onForegroundActivitiesChanged:133 android.app.IProcessObserver$Stub.onTransact:100 android.os.Binder.execTransactInternal:1159 
07-08 00:57:07.050  1711  1741 W ActivityTaskManager: Sleep timeout!  Sleeping now.
07-08 00:57:07.605  1711  1729 W ActivityManager: Receiver with filter android.content.IntentFilter@8ac11b9 already registered for pid 22216, callerPackage is com.tencent.android.qqdownloader
07-08 00:57:45.993  1711  1751 I UsageStatsService: User[0] Flushing usage stats to disk
07-08 00:58:29.522  3951 11719 E ActivityThread: Failed to find provider info for com.sonymobile.providers.framework.extension
07-08 00:58:29.529  1711  1729 I ActivityManager: Force stopping com.google.android.googlequicksearchbox appid=10199 user=0: from pid 3951
07-08 00:58:29.530  1711  1729 I ActivityManager: Killing 11429:com.google.android.googlequicksearchbox:search/u0a199 (adj 990): stop com.google.android.googlequicksearchbox due to from pid 3951
07-08 00:58:29.533  1711  1729 I ActivityManager: Killing 11522:com.google.android.googlequicksearchbox:interactor/u0a199 (adj 0): stop com.google.android.googlequicksearchbox due to from pid 3951
07-08 00:58:29.539  1711  1751 I VoiceInteractionManager: Force stopping current voice recognizer: ComponentInfo{com.google.android.googlequicksearchbox/com.google.android.voicesearch.serviceapi.GoogleRecognitionService}
07-08 00:58:29.541  1711  1752 W BroadcastQueue: Background execution not allowed: receiving Intent { act=android.intent.action.PACKAGE_RESTARTED dat=package:com.google.android.googlequicksearchbox flg=0x10 (has extras) } to com.tencent.android.qqdownloader/com.tencent.assistant.localres.localapk.PackageChangedReceiver
07-08 00:58:29.541  1711  1752 W BroadcastQueue: Background execution not allowed: receiving Intent { act=android.intent.action.PACKAGE_RESTARTED dat=package:com.google.android.googlequicksearchbox flg=0x10 (has extras) } to com.tencent.android.qqdownloader/com.qq.AppService.APKReceiver
07-08 00:58:29.551  1711  2103 D CompatibilityChangeReporter: Compat change id reported: 135634846; UID 10096; state: DISABLED
07-08 00:58:29.552  1711  1753 D CompatibilityChangeReporter: Compat change id reported: 143937733; UID 10096; state: DISABLED
07-08 00:58:29.553  1711  9439 W ActivityManager: Permission Denial: Accessing service com.sonyericsson.album/com.sonymobile.somcmediarouter.provider.dlna.DlnaMediaRouteProviderService from pid=20556, uid=10071 that is not exported from uid 10061
07-08 00:58:29.563  1711  2367 W ActivityManager: Permission Denial: Accessing service com.sonyericsson.music/com.sonymobile.somcmediarouter.provider.dlna.DlnaMediaRouteProviderService from pid=20556, uid=10071 that is not exported from uid 10053
07-08 00:58:29.571  1711  1753 I ActivityManager: Start proc 11722:com.UCMobile:push/u0a96 for service {com.UCMobile/com.uc.base.syssync.SyncService}
07-08 00:58:29.639  1711  2037 D ConnectivityService: ConnectivityService NetworkRequestInfo binderDied(NetworkRequest [ LISTEN id=2413, [ Capabilities: INTERNET&NOT_RESTRICTED&TRUSTED Uid: 10199 AdministratorUids: [] RequestorUid: 10199 RequestorPackageName: com.google.android.googlequicksearchbox] ], android.os.BinderProxy@e0bdfe8)
07-08 00:58:29.639  1711  3120 I WindowManager: WIN DEATH: Window{4ab53db u0 com.sonymobile.launcher/com.sonymobile.launcher.XperiaLauncher}
07-08 00:58:29.640  1711  3797 D ConnectivityService: ConnectivityService NetworkRequestInfo binderDied(NetworkRequest [ TRACK_DEFAULT id=2412, [ Capabilities: INTERNET&NOT_RESTRICTED&TRUSTED Uid: 10199 AdministratorUids: [] RequestorUid: 10199 RequestorPackageName: com.google.android.googlequicksearchbox] ], android.os.BinderProxy@eb73601)
07-08 00:58:29.640  1711  2011 D ConnectivityService: releasing NetworkRequest [ TRACK_DEFAULT id=2412, [ Capabilities: INTERNET&NOT_RESTRICTED&TRUSTED Uid: 10199 AdministratorUids: [] RequestorUid: 10199 RequestorPackageName: com.google.android.googlequicksearchbox] ] (release request)
07-08 00:58:29.640  1711  1741 W ActivityManager: setHasOverlayUi called on unknown pid: 11429
07-08 00:58:29.641  1711  2953 W WindowManager: Cannot find window which accessibility connection is added to
07-08 00:58:29.743  1711  2953 D ConnectivityService: requestNetwork for uid/pid:10096/11722 NetworkRequest [ TRACK_DEFAULT id=2414, [ Capabilities: INTERNET&NOT_RESTRICTED&TRUSTED Uid: 10096 AdministratorUids: [] RequestorUid: 10096 RequestorPackageName: com.UCMobile] ]
07-08 00:58:29.743  1711  2011 D ConnectivityService: NetReassign [2414 : null  100]
07-08 00:58:29.745  1711  2011 D ConnectivityService: NetReassign [no changes]
07-08 00:58:29.847  1711  2953 W ActivityManager: Background start not allowed: service Intent { cmp=com.UCMobile/com.uc.base.push.dispatcher.PushHandlerService (has extras) } to com.UCMobile/com.uc.base.push.dispatcher.PushHandlerService from pid=11722 uid=10096 pkg=com.UCMobile startFg?=false
07-08 00:58:30.196  1711  1729 W ActivityManager: Background start not allowed: service Intent { act=com.UCMobile.intent.action.FRIEND flg=0x20 cmp=com.UCMobile/com.uc.base.push.dex.PushFriendBridge (has extras) } to com.UCMobile/com.uc.base.push.dex.PushFriendBridge from pid=11722 uid=10096 pkg=com.UCMobile startFg?=false
07-08 00:59:25.439  1711  1817 I DisplayPowerController: Blocking screen on until initial contents have been drawn.
07-08 00:59:25.476  1711  1817 V DisplayPowerController: Brightness [0.035406984] reason changing to: '0', previous reason: 'screen_off'.
07-08 00:59:25.478  1711  1741 I DisplayManagerService: Display device changed state: "", DOZE
07-08 00:59:25.495  1711  1817 I DisplayPowerController: Unblocked screen on after 55 ms
07-08 00:59:25.691  1711  1983 I PowerManagerService: Waking up from Dozing (uid=1000, reason=WAKE_REASON_POWER_BUTTON, details=android.policy:POWER)...
07-08 00:59:25.734  1711  1817 I DisplayPowerController: Blocking screen on until initial contents have been drawn.
07-08 00:59:25.741  1711  1817 V DisplayPowerController: Brightness [0.2292075] reason changing to: 'manual', previous reason: '0'.
07-08 00:59:25.741  1711  1741 I DisplayManagerService: Display device changed state: "", ON
07-08 00:59:25.743  1711  1817 I DisplayBoostState: isBoosted: false
07-08 00:59:25.743  1711  1817 V DisplayPowerController: Brightness [0.20192325] reason changing to: 'automatic', previous reason: 'manual'.
07-08 00:59:25.747  1711  1817 I DisplayBoostState: isBoosted: false
07-08 00:59:25.748  1711  1817 I chatty  : uid=1000(system) PowerManagerSer identical 1 line
07-08 00:59:25.757  1711  1817 I DisplayBoostState: isBoosted: false
07-08 00:59:25.772  1399  1399 I wificond: Pno scan stopped
07-08 00:59:25.773  1711  1711 D LightsService: updateLightsDimming dimming=false
07-08 00:59:25.781  1711  1817 I DisplayBoostState: isBoosted: false
07-08 00:59:25.902  1711  1817 I DisplayPowerController: Unblocked screen on after 169 ms
07-08 00:59:25.905  1711  1817 I DisplayBoostState: isBoosted: false
07-08 00:59:25.905  1711  1817 I DisplayBoostState: isBoosted: false
07-08 00:59:25.905  1711  1817 W PowerManagerService: Screen on took 224 ms
07-08 00:59:25.905  1711  1817 I DreamManagerService: Gently waking up from dream.
07-08 00:59:25.905  1711  1738 I DreamManagerService: Performing gentle wake from dream.
07-08 00:59:25.908  1711 10824 I DreamManagerService: Leaving dreamland.
07-08 00:59:25.909  1711  1738 I DreamManagerService: Performing gentle wake from dream.
07-08 00:59:25.909  1711  1738 I DreamController: Stopping dream: name=ComponentInfo{com.android.systemui/com.android.systemui.doze.DozeService}, isTest=false, canDoze=true, userId=0, reason='finished self'(from 'requested stopDream')
07-08 00:59:26.032  1711  2011 D ConnectivityService: NetReassign [no changes]
07-08 00:59:27.632  1711  3667 D LockSettingsService: spBasedDoVerifyCredential: user=0 challengeType=0 hasEnrolledBiometrics=true
07-08 00:59:27.732  1711  3667 I LockSettingsService: Unlocking user 0 with secret only, length 64
07-08 00:59:27.732  1711  3667 D LockSettingsService: unlockUser finished
07-08 00:59:27.732  1711  3667 W ActivityManager: UserLifecycleEvent 5 received without an active userJourneySession.
07-08 00:59:27.732  1711  3667 D LockSettingsService: unlockUser finished
07-08 00:59:27.733  1711  1711 D FingerprintService: setActiveUser(0)
07-08 00:59:27.733  1711  3667 I LockSettingsService: Disabling escrow token on user 0
07-08 00:59:27.949  1711 10824 V FingerprintService: cancelAuthentication(com.android.systemui)
07-08 00:59:27.949  1711  1711 V FingerprintService: Stopping client com.android.systemui, fromClient: true
07-08 00:59:27.951  1711 20427 D ActivityTaskManager: Top Process State changed to PROCESS_STATE_TOP
07-08 00:59:27.951  1711 20427 V ActivityTaskManager: Calling mServicetracker.OnActivityStateChange with flag truestateRESUMED
07-08 00:59:27.952  1711 20427 V ActivityTaskManager: Calling mServicetracker.OnActivityStateChange with flag falsestateRESUMED
07-08 00:59:27.970  1711 10824 D CompatibilityChangeReporter: Compat change id reported: 135634846; UID 10199; state: DISABLED
07-08 00:59:27.970  1711 10824 D CompatibilityChangeReporter: Compat change id reported: 135754954; UID 10199; state: ENABLED
07-08 00:59:27.970  1711  1753 D CompatibilityChangeReporter: Compat change id reported: 143937733; UID 10199; state: ENABLED
07-08 00:59:27.983  1711  1711 W FingerprintService: client com.android.systemui is no longer authenticating
07-08 00:59:27.984  1711  1711 V FingerprintService: handleError(client=com.android.systemui, error = 5)
07-08 00:59:27.984  1711  1711 V BiometricStats: Error latency: -1
07-08 00:59:27.984  1711  1711 W BiometricStats: found a negative latency : -1
07-08 00:59:27.984  1711  1711 V FingerprintService: Done with client: com.android.systemui
07-08 00:59:27.987  1711  1753 I ActivityManager: Start proc 11890:com.google.android.googlequicksearchbox:search/u0a199 for service {com.google.android.googlequicksearchbox/com.google.android.apps.gsa.nowoverlayservice.DrawerOverlayService}
07-08 00:59:28.034  1711  1752 W BroadcastQueue: Permission Denial: broadcasting Intent { act=android.intent.action.USER_PRESENT flg=0x24200010 } from com.android.systemui (pid=2108, uid=10087) requires com.ftehxcctjixtws.sport.permission.JPUSH_MESSAGE due to registered receiver BroadcastFilter{8b59dff 10324/u0 ReceiverList{36f111e 10299 com.ftehxcctjixtws.sport:pushcore/10324/u0 remote:eadf159}}
07-08 00:59:28.034  1711  1752 W BroadcastQueue: Background execution not allowed: receiving Intent { act=android.intent.action.USER_PRESENT flg=0x24200010 } to cn.wps.moffice_eng/cn.wps.moffice.service.receivers.MonitorServiceReceiver
07-08 00:59:28.035  1711  1752 W BroadcastQueue: Background execution not allowed: receiving Intent { act=android.intent.action.USER_PRESENT flg=0x24200010 } to com.tencent.qs/com.tencent.android.tpush.XGPushReceiver
07-08 00:59:28.035  1711  1752 W BroadcastQueue: Background execution not allowed: receiving Intent { act=android.intent.action.USER_PRESENT flg=0x24200010 } to com.google.android.gms/.auth.setup.devicesignals.LockScreenReceiver
07-08 00:59:28.035  1711  1752 W BroadcastQueue: Background execution not allowed: receiving Intent { act=android.intent.action.USER_PRESENT flg=0x24200010 } to com.google.android.gms/.chimera.GmsIntentOperationService$PersistentTrustedReceiver
07-08 00:59:28.035  1711  1752 W BroadcastQueue: Background execution not allowed: receiving Intent { act=android.intent.action.USER_PRESENT flg=0x24200010 } to cn.wps.moffice_eng/com.igexin.sdk.PushReceiver
07-08 00:59:28.035  1711  1752 W BroadcastQueue: Background execution not allowed: receiving Intent { act=android.intent.action.USER_PRESENT flg=0x24200010 } to cn.wps.moffice_eng/io.rong.push.rongpush.PushReceiver
07-08 00:59:28.043  1711  1752 W BroadcastQueue: Background execution not allowed: receiving Intent { act=android.intent.action.USER_PRESENT flg=0x24200010 } to com.UCMobile/com.alv.foun.PhoenixBroadcastReceiver
07-08 00:59:28.044  1711  1752 W BroadcastQueue: Background execution not allowed: receiving Intent { act=android.intent.action.USER_PRESENT flg=0x24200010 } to com.UCMobile/com.taobao.accs.EventReceiver
07-08 00:59:28.044  1711  1752 W BroadcastQueue: Permission Denial: broadcasting Intent { act=android.intent.action.USER_PRESENT flg=0x24200010 } from com.android.systemui (pid=2108, uid=10087) is not exported from uid 10324 due to receiver com.ftehxcctjixtws.sport/cn.jpush.android.service.PushReceiver
07-08 00:59:28.044  1711  1752 W BroadcastQueue: Background execution not allowed: receiving Intent { act=android.intent.action.USER_PRESENT flg=0x24200010 } to com.lianjia.beike/com.igexin.sdk.PushReceiver
07-08 00:59:28.051  1711  1752 W BroadcastQueue: Permission Denial: broadcasting Intent { act=android.intent.action.USER_PRESENT flg=0x24200010 } from com.android.systemui (pid=2108, uid=10087) is not exported from uid 10310 due to receiver com.tencent.android.qqdownloader/com.tencent.assistant.module.timer.ScheduleJobReceiver
07-08 00:59:28.051  1711  1752 W BroadcastQueue: Permission Denial: broadcasting Intent { act=android.intent.action.USER_PRESENT flg=0x24200010 } from com.android.systemui (pid=2108, uid=10087) is not exported from uid 10033 due to receiver com.yek.android.kfc.activitys/cn.jpush.android.service.PushReceiver
07-08 00:59:28.051  1711  1752 W BroadcastQueue: Background execution not allowed: receiving Intent { act=android.intent.action.USER_PRESENT flg=0x24200010 } to pro.huobi/com.igexin.sdk.PushReceiver
07-08 00:59:28.185  1711  3667 D CompatibilityChangeReporter: Compat change id reported: 135634846; UID 10199; state: DISABLED
07-08 00:59:28.185  1711  3667 D CompatibilityChangeReporter: Compat change id reported: 135754954; UID 10199; state: ENABLED
07-08 00:59:28.185  1711  1753 D CompatibilityChangeReporter: Compat change id reported: 143937733; UID 10199; state: ENABLED
07-08 00:59:28.206  1711  1753 I ActivityManager: Start proc 11962:com.google.android.googlequicksearchbox:interactor/u0a199 for service {com.google.android.googlequicksearchbox/com.google.android.apps.gsa.nga.engine.viss.NgaService}
07-08 00:59:28.407  1711  2387 D ConnectivityService: requestNetwork for uid/pid:10199/11890 NetworkRequest [ TRACK_DEFAULT id=2417, [ Capabilities: INTERNET&NOT_RESTRICTED&TRUSTED Uid: 10199 AdministratorUids: [] RequestorUid: 10199 RequestorPackageName: com.google.android.googlequicksearchbox] ]
07-08 00:59:28.408  1711  2011 D ConnectivityService: NetReassign [2417 : null  100]
07-08 00:59:28.415  1711  2011 D ConnectivityService: NetReassign [no changes]
07-08 00:59:29.071  2598  2598 W ContextImpl: Calling a method in the system process without a qualified user: android.app.ContextImpl.sendBroadcast:1111 android.content.ContextWrapper.sendBroadcast:468 com.sonymobile.xperiaxloops.XperiaXLoopsController.removeLoopsView:513 com.sonymobile.xperiaxloops.XperiaXLoopsController$5.run:646 android.os.Handler.handleCallback:938 
07-08 00:59:29.872  1711  1817 I DisplayBoostState: isBoosted: false
07-08 00:59:29.881  1711  1817 I chatty  : uid=1000(system) PowerManagerSer identical 2 lines
07-08 00:59:30.087  1711  1817 I DisplayBoostState: isBoosted: false
07-08 00:59:30.274  1711  2953 I ActivityTaskManager: START u0 {act=android.intent.action.MAIN cat=[android.intent.category.LAUNCHER] flg=0x10200000 cmp=com.test.power/com.unity3d.player.UnityPlayerActivity bnds=[855,2203][1066,2478]} from uid 10099
07-08 00:59:30.281  1711  2953 V ActivityTaskManager: Calling mServicetracker.OnActivityStateChange with flag falsestateINITIALIZING
07-08 00:59:30.282  1711  2953 V ActivityTaskManager: Calling mServicetracker.OnActivityStateChange with flag truestateINITIALIZING
07-08 00:59:30.285  1711  2953 V ActivityTaskManager: Calling mServicetracker.OnActivityStateChange with flag truestateRESUMED
07-08 00:59:30.286  1711  2953 V ActivityTaskManager: Calling mServicetracker.OnActivityStateChange with flag truestatePAUSING
07-08 00:59:30.286  1711  2953 V ActivityTaskManager: Calling mServicetracker.OnActivityStateChange with flag falsestatePAUSING
07-08 00:59:30.298  1711  1729 V ActivityTaskManager: Calling mServicetracker.OnActivityStateChange with flag truestatePAUSED
07-08 00:59:30.298  1711  1729 V ActivityTaskManager: Calling mServicetracker.OnActivityStateChange with flag falsestatePAUSED
07-08 00:59:30.299  1711  1729 V ActivityTaskManager: Calling mServicetracker.OnActivityStateChange with flag truestateRESUMED
07-08 00:59:30.300  1711  1729 V ActivityTaskManager: Calling mServicetracker.OnActivityStateChange with flag falsestateRESUMED
07-08 00:59:30.403 11001 11036 E ActivityThread: Failed to find provider info for com.sonymobile.indeviceintelligence.idiprovider
07-08 00:59:30.776  1711  1741 V ActivityTaskManager: Calling mServicetracker.OnActivityStateChange with flag truestateSTOPPING
07-08 00:59:30.776  1711  1741 V ActivityTaskManager: Calling mServicetracker.OnActivityStateChange with flag falsestateSTOPPING
07-08 00:59:30.798  1711  1741 I ActivityTaskManager: Config changes=20000480 {1.0 460mcc1mnc [zh_CN_#Hans] ldltr sw411dp w960dp h371dp 420dpi nrml long hdr widecg land finger -keyb/v/h -nav/h winConfig={ mBounds=Rect(0, 0 - 2520, 1080) mAppBounds=Rect(0, 0 - 2520, 1038) mWindowingMode=fullscreen mDisplayWindowingMode=fullscreen mActivityType=undefined mAlwaysOnTop=undefined mRotation=ROTATION_270} s.6567}
07-08 00:59:30.809  1711  1741 I WindowManager: Override config changes=20000480 {1.0 460mcc1mnc [zh_CN_#Hans] ldltr sw411dp w960dp h371dp 420dpi nrml long hdr widecg land finger -keyb/v/h -nav/h winConfig={ mBounds=Rect(0, 0 - 2520, 1080) mAppBounds=Rect(0, 0 - 2520, 1038) mWindowingMode=fullscreen mDisplayWindowingMode=fullscreen mActivityType=undefined mAlwaysOnTop=undefined mRotation=ROTATION_270} s.6567} for displayId=0
07-08 00:59:30.815  1711  1741 V WindowManager: Orientation start waiting for draw, mDrawState=DRAW_PENDING in Window{28e4e56 u0 com.android.systemui.ImageWallpaper}, surfaceController Surface(name=com.android.systemui.ImageWallpaper)/@0xf4e1bc6
07-08 00:59:30.859  1711  2387 V ActivityTaskManager: Calling mServicetracker.OnActivityStateChange with flag truestateSTOPPED
07-08 00:59:30.859  1711  2387 V ActivityTaskManager: Calling mServicetracker.OnActivityStateChange with flag falsestateSTOPPED
07-08 00:59:30.982  1711  1729 W ActivityManager: Receiver with filter android.content.IntentFilter@c4ebbe6 already registered for pid 22216, callerPackage is com.tencent.android.qqdownloader
07-08 00:59:33.096  1711  7590 I ActivityTaskManager: Config changes=20000480 {1.0 460mcc1mnc [zh_CN_#Hans] ldltr sw411dp w411dp h920dp 420dpi nrml long hdr widecg port finger -keyb/v/h -nav/h winConfig={ mBounds=Rect(0, 0 - 1080, 2520) mAppBounds=Rect(0, 0 - 1080, 2478) mWindowingMode=fullscreen mDisplayWindowingMode=fullscreen mActivityType=undefined mAlwaysOnTop=undefined mRotation=ROTATION_0} s.6657}
07-08 00:59:33.122  1711  7590 I WindowManager: Override config changes=20000480 {1.0 460mcc1mnc [zh_CN_#Hans] ldltr sw411dp w411dp h920dp 420dpi nrml long hdr widecg port finger -keyb/v/h -nav/h winConfig={ mBounds=Rect(0, 0 - 1080, 2520) mAppBounds=Rect(0, 0 - 1080, 2478) mWindowingMode=fullscreen mDisplayWindowingMode=fullscreen mActivityType=undefined mAlwaysOnTop=undefined mRotation=ROTATION_0} s.6657} for displayId=0
07-08 00:59:33.126  1711  7590 V WindowManager: Orientation start waiting for draw, mDrawState=DRAW_PENDING in Window{61597fe u0 NavigationBar0}, surfaceController Surface(name=NavigationBar0)/@0xe41099e
07-08 00:59:33.126  1711  7590 V WindowManager: Orientation start waiting for draw, mDrawState=DRAW_PENDING in Window{70e0eb0 u0 StatusBar}, surfaceController Surface(name=StatusBar)/@0xbc95913
07-08 00:59:33.126  1711  7590 V WindowManager: Orientation start waiting for draw, mDrawState=DRAW_PENDING in Window{e7bafbc u0 com.test.power/com.unity3d.player.UnityPlayerActivity}, surfaceController Surface(name=com.test.power/com.unity3d.player.UnityPlayerActivity)/@0x984c058
07-08 00:59:33.163  1711  7648 V WindowManager: Orientation start waiting for draw, mDrawState=DRAW_PENDING in Window{61597fe u0 NavigationBar0}, surfaceController Surface(name=NavigationBar0)/@0xe41099e
07-08 00:59:33.168  1711  7648 V WindowManager: Orientation start waiting for draw, mDrawState=DRAW_PENDING in Window{e7bafbc u0 com.test.power/com.unity3d.player.UnityPlayerActivity}, surfaceController Surface(name=com.test.power/com.unity3d.player.UnityPlayerActivity)/@0x984c058
07-08 00:59:33.177  1711  7590 V WindowManager: Orientation start waiting for draw, mDrawState=DRAW_PENDING in Window{70e0eb0 u0 StatusBar}, surfaceController Surface(name=StatusBar)/@0xbc95913
07-08 00:59:33.204  1711  1730 I WindowManager: Screen frozen for +153ms due to Window{e7bafbc u0 com.test.power/com.unity3d.player.UnityPlayerActivity}
07-08 00:59:34.191  1711  7648 V ActivityTaskManager: Calling mServicetracker.OnActivityStateChange with flag truestateSTARTED
07-08 00:59:34.191  1711  7648 V ActivityTaskManager: Calling mServicetracker.OnActivityStateChange with flag falsestateSTARTED
07-08 00:59:34.194  1711  7648 V WindowManager: Orientation start waiting for draw, mDrawState=DRAW_PENDING in Window{28e4e56 u0 com.android.systemui.ImageWallpaper}, surfaceController Surface(name=com.android.systemui.ImageWallpaper)/@0xf4e1bc6
07-08 00:59:34.933  1711  2037 V ActivityTaskManager: Calling mServicetracker.OnActivityStateChange with flag truestateRESUMED
07-08 00:59:34.933  1711  2037 V ActivityTaskManager: Calling mServicetracker.OnActivityStateChange with flag truestatePAUSING
07-08 00:59:34.933  1711  2037 V ActivityTaskManager: Calling mServicetracker.OnActivityStateChange with flag falsestatePAUSING
07-08 00:59:34.934  1711  2037 V ActivityTaskManager: Calling mServicetracker.OnActivityStateChange with flag truestatePAUSED
07-08 00:59:34.934  1711  2037 V ActivityTaskManager: Calling mServicetracker.OnActivityStateChange with flag falsestatePAUSED
07-08 00:59:34.934  1711  2037 V ActivityTaskManager: Calling mServicetracker.OnActivityStateChange with flag falsestateRESUMED
07-08 00:59:34.947  1711  1741 V ActivityTaskManager: Calling mServicetracker.OnActivityStateChange with flag truestateSTOPPING
07-08 00:59:34.947  1711  1741 V ActivityTaskManager: Calling mServicetracker.OnActivityStateChange with flag falsestateSTOPPING
07-08 00:59:35.034  1711 12530 V ActivityTaskManager: Calling mServicetracker.OnActivityStateChange with flag truestateSTOPPED
07-08 00:59:35.034  1711 12530 V ActivityTaskManager: Calling mServicetracker.OnActivityStateChange with flag falsestateSTOPPED
07-08 00:59:35.599  1711  3667 I ActivityTaskManager: START u0 {act=android.intent.action.MAIN cat=[android.intent.category.HOME] flg=0x10000000 cmp=com.sonymobile.launcher/.XperiaLauncher (has extras)} from uid 10099
07-08 00:59:35.604  1711  3667 V ActivityTaskManager: Calling mServicetracker.OnActivityStateChange with flag falsestateINITIALIZING
07-08 00:59:35.604  1711  3667 V ActivityTaskManager: Calling mServicetracker.OnActivityStateChange with flag truestateINITIALIZING
07-08 00:59:37.405  1711 12530 V ActivityTaskManager: Calling mServicetracker.OnActivityStateChange with flag truestateFINISHING
07-08 00:59:37.405  1711 12530 V ActivityTaskManager: Calling mServicetracker.OnActivityStateChange with flag falsestateFINISHING
07-08 00:59:37.405  1711 12530 V ActivityTaskManager: Calling mServicetracker.OnActivityStateChange with flag truestateFINISHING
07-08 00:59:37.406  1711 12530 V ActivityTaskManager: Calling mServicetracker.OnActivityStateChange with flag truestateDESTROYING
07-08 00:59:37.406  1711 12530 V ActivityTaskManager: Calling mServicetracker.OnActivityStateChange with flag falsestateDESTROYING
07-08 00:59:37.415  1711  1741 I ActivityManager: Killing 10384:com.test.power/u0a330 (adj 905): remove task
07-08 00:59:37.496  1711 12530 I WindowManager: WIN DEATH: Window{e7bafbc u0 com.test.power/com.unity3d.player.UnityPlayerActivity}
07-08 00:59:37.499  1711  1730 V ActivityTaskManager: Calling mServicetracker.OnActivityStateChange with flag truestateDESTROYED
07-08 00:59:37.499  1711  1730 V ActivityTaskManager: Calling mServicetracker.OnActivityStateChange with flag falsestateDESTROYED
07-08 00:59:37.500  1711  1730 V ActivityTaskManager: Calling mServicetracker.OnActivityStateChange with flag truestateDESTROYED
07-08 00:59:37.507  1711  1741 W ActivityManager: setHasOverlayUi called on unknown pid: 10384
07-08 00:59:39.200  1711 16291 I ActivityTaskManager: START u0 {act=android.intent.action.MAIN cat=[android.intent.category.LAUNCHER] flg=0x10200000 cmp=com.test.power/com.unity3d.player.UnityPlayerActivity bnds=[855,2203][1066,2478]} from uid 10099
07-08 00:59:39.203  1711 16291 V ActivityTaskManager: Calling mServicetracker.OnActivityStateChange with flag falsestateINITIALIZING
07-08 00:59:39.203  1711 16291 V ActivityTaskManager: Calling mServicetracker.OnActivityStateChange with flag truestateINITIALIZING
07-08 00:59:39.210  1711 16291 V ActivityTaskManager: Calling mServicetracker.OnActivityStateChange with flag truestateRESUMED
07-08 00:59:39.210  1711 16291 V ActivityTaskManager: Calling mServicetracker.OnActivityStateChange with flag truestatePAUSING
07-08 00:59:39.210  1711 16291 V ActivityTaskManager: Calling mServicetracker.OnActivityStateChange with flag falsestatePAUSING
07-08 00:59:39.217  1711  3120 V ActivityTaskManager: Calling mServicetracker.OnActivityStateChange with flag truestatePAUSED
07-08 00:59:39.217  1711  3120 V ActivityTaskManager: Calling mServicetracker.OnActivityStateChange with flag falsestatePAUSED
07-08 00:59:39.217  1711  3120 V ActivityTaskManager: Calling mServicetracker.OnActivityStateChange with flag truestateRESUMED
07-08 00:59:39.219  1711  1741 D CompatibilityChangeReporter: Compat change id reported: 135634846; UID 10330; state: DISABLED
07-08 00:59:39.220  1711  1753 D CompatibilityChangeReporter: Compat change id reported: 143937733; UID 10330; state: DISABLED
07-08 00:59:39.239  1711  1753 I ActivityManager: Start proc 12230:com.test.power/u0a330 for pre-top-activity {com.test.power/com.unity3d.player.UnityPlayerActivity}
07-08 00:59:39.270  1711  3120 V ActivityTaskManager: Calling mServicetracker.OnActivityStateChange with flag truestateRESUMED
07-08 00:59:39.270  1711  3120 V ActivityTaskManager: Calling mServicetracker.OnActivityStateChange with flag falsestateRESUMED
07-08 00:59:39.730  1711  1741 V ActivityTaskManager: Calling mServicetracker.OnActivityStateChange with flag truestateSTOPPING
07-08 00:59:39.731  1711  1741 V ActivityTaskManager: Calling mServicetracker.OnActivityStateChange with flag falsestateSTOPPING
07-08 00:59:39.750  1711 19201 V ActivityTaskManager: Calling mServicetracker.OnActivityStateChange with flag truestateSTOPPED
07-08 00:59:39.751  1711 19201 V ActivityTaskManager: Calling mServicetracker.OnActivityStateChange with flag falsestateSTOPPED
07-08 01:00:24.114  1711  1817 I DisplayBoostState: isBoosted: false
07-08 01:00:24.115  1711  1817 V DisplayPowerController: Brightness [0.05] reason changing to: 'automatic [ dim ]', previous reason: 'automatic'.
07-08 01:00:24.362  1711  1817 I DisplayBoostState: isBoosted: false
07-08 01:00:39.429  3951 12349 E ActivityThread: Failed to find provider info for com.sonymobile.providers.framework.extension
07-08 01:00:39.434  1711  7648 I ActivityManager: Force stopping com.google.android.googlequicksearchbox appid=10199 user=0: from pid 3951
07-08 01:00:39.434  1711  7648 I ActivityManager: Killing 11890:com.google.android.googlequicksearchbox:search/u0a199 (adj 900): stop com.google.android.googlequicksearchbox due to from pid 3951
07-08 01:00:39.442  1711  7648 I ActivityManager: Killing 11962:com.google.android.googlequicksearchbox:interactor/u0a199 (adj 0): stop com.google.android.googlequicksearchbox due to from pid 3951
07-08 01:00:39.448  1711  1751 I VoiceInteractionManager: Force stopping current voice recognizer: ComponentInfo{com.google.android.googlequicksearchbox/com.google.android.voicesearch.serviceapi.GoogleRecognitionService}
07-08 01:00:39.450  1711  1752 W BroadcastQueue: Background execution not allowed: receiving Intent { act=android.intent.action.PACKAGE_RESTARTED dat=package:com.google.android.googlequicksearchbox flg=0x10 (has extras) } to com.tencent.android.qqdownloader/com.tencent.assistant.localres.localapk.PackageChangedReceiver
07-08 01:00:39.450  1711  1752 W BroadcastQueue: Background execution not allowed: receiving Intent { act=android.intent.action.PACKAGE_RESTARTED dat=package:com.google.android.googlequicksearchbox flg=0x10 (has extras) } to com.tencent.android.qqdownloader/com.qq.AppService.APKReceiver
07-08 01:00:39.455  1711 12530 W ActivityManager: Permission Denial: Accessing service com.sonyericsson.album/com.sonymobile.somcmediarouter.provider.dlna.DlnaMediaRouteProviderService from pid=20556, uid=10071 that is not exported from uid 10061
07-08 01:00:39.457  1711  7648 W ActivityManager: Permission Denial: Accessing service com.sonyericsson.music/com.sonymobile.somcmediarouter.provider.dlna.DlnaMediaRouteProviderService from pid=20556, uid=10071 that is not exported from uid 10053
07-08 01:00:39.531  1711  3068 D ConnectivityService: ConnectivityService NetworkRequestInfo binderDied(NetworkRequest [ TRACK_DEFAULT id=2417, [ Capabilities: INTERNET&NOT_RESTRICTED&TRUSTED Uid: 10199 AdministratorUids: [] RequestorUid: 10199 RequestorPackageName: com.google.android.googlequicksearchbox] ], android.os.BinderProxy@8c08129)
07-08 01:00:39.531  1711  2042 D ConnectivityService: ConnectivityService NetworkRequestInfo binderDied(NetworkRequest [ LISTEN id=2418, [ Capabilities: INTERNET&NOT_RESTRICTED&TRUSTED Uid: 10199 AdministratorUids: [] RequestorUid: 10199 RequestorPackageName: com.google.android.googlequicksearchbox] ], android.os.BinderProxy@b9c3eb0)
07-08 01:00:39.531  1711 16291 I WindowManager: WIN DEATH: Window{a8a180e u0 com.sonymobile.launcher/com.sonymobile.launcher.XperiaLauncher}
07-08 01:00:39.531  1711  2011 D ConnectivityService: releasing NetworkRequest [ TRACK_DEFAULT id=2417, [ Capabilities: INTERNET&NOT_RESTRICTED&TRUSTED Uid: 10199 AdministratorUids: [] RequestorUid: 10199 RequestorPackageName: com.google.android.googlequicksearchbox] ] (release request)
07-08 01:00:39.533  1711  1741 W ActivityManager: setHasOverlayUi called on unknown pid: 11890
07-08 01:00:42.230  1711  1817 I PowerManagerService: Going to sleep due to timeout (uid 1000)...
07-08 01:00:42.253  1711  1711 V FingerprintService: startAuthentication(com.android.systemui)
07-08 01:00:42.253  1711  1711 V FingerprintService: starting client AuthenticationClientImpl(com.android.systemui) targetUserId: 0 currentUserId: 0 cookie: 0/0
07-08 01:00:42.256  1711  1711 W FingerprintService: client com.android.systemui is authenticating...
07-08 01:00:42.270  1711  1817 V DisplayPowerController: Brightness [0.24355297] reason changing to: 'automatic', previous reason: 'automatic [ dim ]'.
07-08 01:00:42.695  1711  1817 I DisplayPowerController: Blocking screen off
07-08 01:00:42.695  1711  1817 I DisplayPowerController: Unblocked screen off after 1 ms
07-08 01:00:42.713  1711  1817 D ActivityTaskManager: Top Process State changed to PROCESS_STATE_TOP_SLEEPING
07-08 01:00:42.752  1711  1817 V ActivityTaskManager: Calling mServicetracker.OnActivityStateChange with flag truestatePAUSING
07-08 01:00:42.753  1711  1817 V ActivityTaskManager: Calling mServicetracker.OnActivityStateChange with flag falsestatePAUSING
07-08 01:00:42.767  1711  1817 V DisplayPowerController: Brightness [-1.0] reason changing to: 'screen_off', previous reason: 'automatic'.
07-08 01:00:42.767  1711  1741 I DisplayManagerService: Display device changed state: "", OFF
07-08 01:00:43.079  1711  1817 I DreamManagerService: Entering dreamland.
07-08 01:00:43.079  1711  1817 I PowerManagerService: Dozing...
07-08 01:00:43.082  1711  1738 I DreamController: Starting dream: name=ComponentInfo{com.android.systemui/com.android.systemui.doze.DozeService}, isTest=false, canDoze=true, userId=0
07-08 01:00:43.115  1711  2367 V ActivityTaskManager: Calling mServicetracker.OnActivityStateChange with flag truestatePAUSED
07-08 01:00:43.115  1711  2367 V ActivityTaskManager: Calling mServicetracker.OnActivityStateChange with flag falsestatePAUSED
07-08 01:00:43.116  1711  1741 V ActivityTaskManager: Calling mServicetracker.OnActivityStateChange with flag truestateSTOPPING
07-08 01:00:43.116  1711  1741 V ActivityTaskManager: Calling mServicetracker.OnActivityStateChange with flag falsestateSTOPPING
07-08 01:00:43.148  1711  2367 V WindowManager: Orientation start waiting for draw, mDrawState=DRAW_PENDING in Window{d92a8d6 u0 NotificationShade}, surfaceController Surface(name=NotificationShade)/@0x94a49b3
07-08 01:00:43.163  1711 19333 V ActivityTaskManager: Calling mServicetracker.OnActivityStateChange with flag truestateSTOPPED
07-08 01:00:43.163  1711 19333 V ActivityTaskManager: Calling mServicetracker.OnActivityStateChange with flag falsestateSTOPPED
07-08 01:00:43.166  1711  1742 V WindowManager: Orientation start waiting for draw, mDrawState=DRAW_PENDING in Window{d92a8d6 u0 NotificationShade}, surfaceController Surface(name=NotificationShade)/@0x94a49b3
07-08 01:00:43.208  1399  1399 I wificond: Pno scan started for frequencies: 2412, 2417, 2422, 2427, 2432, 2437, 2447, 2452, 2457, 2462, 5180, 5200, 5220, 5240, 5260, 5320, 5745, 5765, 5785, 5805, 
07-08 01:00:43.209  1399  1399 W wificond: Scan aborted
07-08 01:00:47.718  1711  1741 W ActivityTaskManager: Sleep timeout!  Sleeping now.
07-08 01:00:48.423  1711 19333 W ActivityManager: Receiver with filter android.content.IntentFilter@59d582a already registered for pid 22216, callerPackage is com.tencent.android.qqdownloader
07-08 01:01:43.426  1711  1752 W BroadcastQueue: Background execution not allowed: receiving Intent { act=com.tencent.assistant.st.report.PluginLogProcessorReceiver.TIME flg=0x14 (has extras) } to com.tencent.android.qqdownloader/com.tencent.assistant.st.report.PluginLogProcessorReceiver
07-08 01:01:43.450  3951 12379 E ActivityThread: Failed to find provider info for com.sonymobile.providers.framework.extension
07-08 01:02:27.720  1711  1817 I DisplayPowerController: Blocking screen on until initial contents have been drawn.
07-08 01:02:27.774  1711  1817 V DisplayPowerController: Brightness [0.035406984] reason changing to: '0', previous reason: 'screen_off'.
07-08 01:02:27.780  1711  1741 I DisplayManagerService: Display device changed state: "", DOZE
07-08 01:02:27.805  1711  1817 I DisplayPowerController: Unblocked screen on after 84 ms
07-08 01:02:37.022  1711  1850 I PackageManager: Integrity check passed for file:///data/app/vmdl204274840.tmp
07-08 01:02:37.232  1711  1752 I ActivityManager: Force stopping com.test.power appid=10330 user=-1: installPackageLI
07-08 01:02:37.233  1711  1752 I ActivityManager: Killing 12230:com.test.power/u0a330 (adj 0): stop com.test.power due to installPackageLI
07-08 01:02:37.233  1711  1850 I PackageManager: Update package com.test.power code path from /data/app/~~EjveWhnPL0U2g5wo-dg0Ng==/com.test.power-EWjaF1FpXrBQmrcDbQvFBw== to /data/app/~~Y_BHEP7cxd5h8Ics0vgSpA==/com.test.power-Z8cpKJRG44dwCoIb_HqHoQ==; Retain data and using new
07-08 01:02:37.233  1711  1850 I PackageManager: Update package com.test.power resource path from /data/app/~~EjveWhnPL0U2g5wo-dg0Ng==/com.test.power-EWjaF1FpXrBQmrcDbQvFBw== to /data/app/~~Y_BHEP7cxd5h8Ics0vgSpA==/com.test.power-Z8cpKJRG44dwCoIb_HqHoQ==; Retain data and using new
07-08 01:02:37.235  1711  1752 W ActivityTaskManager: Force removing ActivityRecord{572eb84 u0 com.test.power/com.unity3d.player.UnityPlayerActivity t41374 f}}: app died, no saved state
07-08 01:02:37.235  1711  1850 D CompatibilityChangeReporter: Compat change id reported: 135549675; UID 10330; state: DISABLED
07-08 01:02:37.235  1711  1752 V ActivityTaskManager: Calling mServicetracker.OnActivityStateChange with flag truestateDESTROYED
07-08 01:02:37.235  1711  1752 V ActivityTaskManager: Calling mServicetracker.OnActivityStateChange with flag falsestateDESTROYED
07-08 01:02:37.235  1711  1752 V ActivityTaskManager: Calling mServicetracker.OnActivityStateChange with flag truestateDESTROYED
07-08 01:02:37.339  1711  9439 W WindowManager: Cannot find window which accessibility connection is added to
07-08 01:02:37.340  1711  1741 W ActivityManager: setHasOverlayUi called on unknown pid: 12230
07-08 01:02:37.365  1711  1729 W WindowManager: Failed looking up window session=Session{eef30a5 2598:1000} callers=com.android.server.wm.WindowManagerService.pokeDrawLock:2107 com.android.server.wm.Session.pokeDrawLock:463 android.view.IWindowSession$Stub.onTransact:1270 
07-08 01:02:37.413  1711  1850 I ActivityManager: Force stopping com.test.power appid=10330 user=0: pkg removed
07-08 01:02:37.427  1711  1752 W BroadcastQueue: Background execution not allowed: receiving Intent { act=android.intent.action.PACKAGE_REMOVED dat=package:com.test.power flg=0x4000010 (has extras) } to com.tencent.android.qqdownloader/com.tencent.assistant.localres.localapk.PackageChangedReceiver
07-08 01:02:37.428  1711  1752 W BroadcastQueue: Background execution not allowed: receiving Intent { act=android.intent.action.PACKAGE_REMOVED dat=package:com.test.power flg=0x4000010 (has extras) } to com.android.vending/com.google.android.finsky.packagemanager.impl.PackageMonitorReceiverImpl$RegisteredReceiver
07-08 01:02:37.442  1711  7648 W ActivityManager: Permission Denial: Accessing service com.sonyericsson.album/com.sonymobile.somcmediarouter.provider.dlna.DlnaMediaRouteProviderService from pid=20556, uid=10071 that is not exported from uid 10061
07-08 01:02:37.443  1711  1711 D CompatibilityChangeReporter: Compat change id reported: 135634846; UID 1000; state: DISABLED
07-08 01:02:37.443  1711  1711 D CompatibilityChangeReporter: Compat change id reported: 135754954; UID 1000; state: ENABLED
07-08 01:02:37.489  1711  1752 W BroadcastQueue: Background execution not allowed: receiving Intent { act=android.intent.action.PACKAGE_REMOVED dat=package:com.test.power flg=0x4000010 (has extras) } to com.android.vending/com.google.android.finsky.instantapps.appmanagement.InstantAppRemoveMonitor
07-08 01:02:37.489  1711  1752 W BroadcastQueue: Background execution not allowed: receiving Intent { act=android.intent.action.PACKAGE_REMOVED dat=package:com.test.power flg=0x4000010 (has extras) } to com.google.android.gms/.games.chimera.GamesSystemBroadcastReceiverProxy
07-08 01:02:37.499  1711  1753 W ActivityManager: Slow operation: 57ms so far, now at startProcess: done updating battery stats
07-08 01:02:37.499  1711  1753 W ActivityManager: Slow operation: 57ms so far, now at startProcess: building log message
07-08 01:02:37.499  1711  1753 I ActivityManager: Start proc 12417:com.android.keychain/1000 for service {com.android.keychain/com.android.keychain.KeyChainService}
07-08 01:02:37.499  1711  1753 W ActivityManager: Slow operation: 57ms so far, now at startProcess: starting to update pids map
07-08 01:02:37.499  1711  1753 W ActivityManager: Slow operation: 57ms so far, now at startProcess: done updating pids map
