07-08 01:07:37.451  1711  1738 W Looper  : Drained
07-08 01:07:40.550  1711  2382 W NotificationService: Toast already killed. pkg=com.google.android.packageinstaller token=android.os.BinderProxy@68095ad
07-08 01:07:51.539  1711  1711 W WindowManager: removeWindowToken: Attempted to remove non-existing token: android.os.Binder@b20bee2
07-08 01:08:01.696  1711  1850 I PackageManager: Integrity check passed for file:///data/app/vmdl574518255.tmp
07-08 01:08:01.879  1711  1850 D CompatibilityChangeReporter: Compat change id reported: 135549675; UID 10332; state: DISABLED
07-08 01:08:02.017  1711  1850 V BackupManagerService: [UserID:0] restoreAtInstall pkg=com.test.power token=f restoreSet=0
07-08 01:08:02.017  1711  1850 V BackupManagerService: [UserID:0] Finishing install immediately
07-08 01:08:02.039  1711  1738 I RoleManagerService: Granting default roles...
07-08 01:08:02.055  1711  2938 W BroadcastQueue: Background execution not allowed: receiving Intent { act=android.intent.action.PACKAGE_ADDED dat=package:com.test.power flg=0x4000010 (has extras) } to com.tencent.android.qqdownloader/com.tencent.assistant.localres.localapk.PackageChangedReceiver
07-08 01:08:02.061  1711  1752 W BroadcastQueue: Background execution not allowed: receiving Intent { act=android.intent.action.PACKAGE_ADDED dat=package:com.test.power flg=0x4000010 (has extras) } to com.screeclibinvoke/.data.download.ApkInstallReceiver
07-08 01:08:02.061  1711  1752 W BroadcastQueue: Background execution not allowed: receiving Intent { act=android.intent.action.PACKAGE_ADDED dat=package:com.test.power flg=0x4000010 (has extras) } to com.google.android.packageinstaller/com.android.packageinstaller.PackageInstalledReceiver
07-08 01:08:02.061  1711  1752 W BroadcastQueue: Background execution not allowed: receiving Intent { act=android.intent.action.PACKAGE_ADDED dat=package:com.test.power flg=0x4000010 (has extras) } to com.android.vending/com.google.android.finsky.packagemanager.impl.PackageMonitorReceiverImpl$RegisteredReceiver
07-08 01:08:02.061  1711  1752 W BroadcastQueue: Background execution not allowed: receiving Intent { act=android.intent.action.PACKAGE_ADDED dat=package:com.test.power flg=0x4000010 (has extras) } to com.google.android.gms/.games.chimera.GamesSystemBroadcastReceiverProxy
07-08 01:08:02.061  1711  1752 W BroadcastQueue: Background execution not allowed: receiving Intent { act=android.intent.action.PACKAGE_ADDED dat=package:com.test.power flg=0x4000010 (has extras) } to com.google.android.gms/.gass.chimera.PackageChangeBroadcastReceiver
07-08 01:08:02.061  1711  1752 W BroadcastQueue: Background execution not allowed: receiving Intent { act=android.intent.action.PACKAGE_ADDED dat=package:com.test.power flg=0x4000010 (has extras) } to com.google.android.gms/.chimera.GmsIntentOperationService$PersistentTrustedReceiver
07-08 01:08:02.061  1711  1752 W BroadcastQueue: Background execution not allowed: receiving Intent { act=android.intent.action.PACKAGE_ADDED dat=package:com.test.power flg=0x4000010 (has extras) } to com.sonyericsson.updatecenter/.update.ApplicationInstalledReceiver
07-08 01:08:02.061  1711  1752 W BroadcastQueue: Background execution not allowed: receiving Intent { act=android.intent.action.PACKAGE_ADDED dat=package:com.test.power flg=0x4000010 (has extras) } to com.UCMobile/com.uc.base.system.receivers.SysReceiver
07-08 01:08:02.061  1711  1752 W BroadcastQueue: Background execution not allowed: receiving Intent { act=android.intent.action.PACKAGE_ADDED dat=package:com.test.power flg=0x4000010 (has extras) } to com.UCMobile/com.alv.foun.PhoenixBroadcastReceiver
07-08 01:08:02.082  1711  1752 W BroadcastQueue: Background execution not allowed: receiving Intent { act=android.intent.action.PACKAGE_ADDED dat=package:com.test.power flg=0x4000010 (has extras) } to com.firebear.androil/com.xm.sdk.ads.common.download.system.receiver.InstallApkReceiver
07-08 01:08:02.089  1711 12530 W ActivityManager: Permission Denial: Accessing service com.sonyericsson.album/com.sonymobile.somcmediarouter.provider.dlna.DlnaMediaRouteProviderService from pid=20556, uid=10071 that is not exported from uid 10061
07-08 01:08:02.090  1711 12530 W ActivityManager: Permission Denial: Accessing service com.sonyericsson.music/com.sonymobile.somcmediarouter.provider.dlna.DlnaMediaRouteProviderService from pid=20556, uid=10071 that is not exported from uid 10053
07-08 01:08:02.107  1711  1752 W BroadcastQueue: Background execution not allowed: receiving Intent { act=android.intent.action.PACKAGE_ADDED dat=package:com.test.power flg=0x4000010 (has extras) } to com.ftehxcctjixtws.sport/cn.jpush.android.service.PushReceiver
07-08 01:08:02.107  1711  1752 W BroadcastQueue: Background execution not allowed: receiving Intent { act=android.intent.action.PACKAGE_ADDED dat=package:com.test.power flg=0x4000010 (has extras) } to com.google.android.googlequicksearchbox/com.google.android.apps.gsa.googlequicksearchbox.GelStubAppWatcher
07-08 01:08:02.116  1711  1752 W BroadcastQueue: Background execution not allowed: receiving Intent { act=android.intent.action.PACKAGE_ADDED dat=package:com.test.power flg=0x4000010 (has extras) } to com.oasisfeng.greenify/com.oasisfeng.container.InternalBroadcastReceiver$_1
07-08 01:08:02.116  1711  1752 W BroadcastQueue: Background execution not allowed: receiving Intent { act=android.intent.action.PACKAGE_ADDED dat=package:com.test.power flg=0x4000010 (has extras) } to com.oasisfeng.greenify/com.oasisfeng.container.InternalBroadcastReceiver$_2
07-08 01:08:02.116  1711  1752 W BroadcastQueue: Background execution not allowed: receiving Intent { act=android.intent.action.PACKAGE_ADDED dat=package:com.test.power flg=0x4000010 (has extras) } to com.tencent.android.qqdownloader/com.qq.AppService.APKReceiver
07-08 01:08:02.116  1711  1752 W BroadcastQueue: Background execution not allowed: receiving Intent { act=android.intent.action.PACKAGE_ADDED dat=package:com.test.power flg=0x4000010 (has extras) } to com.yek.android.kfc.activitys/cn.jpush.android.service.PushReceiver
07-08 01:08:02.118  1711  1752 W BroadcastQueue: Background execution not allowed: receiving Intent { act=android.intent.action.PACKAGE_ADDED dat=package:com.test.power flg=0x4000010 (has extras) } to luo.speedviewgps/com.ticlock.PackageInstallReceiver
07-08 01:08:02.210  1711  1711 W Looper  : Slow dispatch took 174ms main h=android.app.ActivityThread$H c=android.app.-$$Lambda$LoadedApk$ReceiverDispatcher$Args$_BumDX2UKsnxLVrE6UJsJZkotuA@eada9b5 m=0
07-08 01:08:02.213  1711  1751 W TextServicesManagerService: no available spell checker services found
07-08 01:08:02.261  1711  1711 W Looper  : Slow delivery took 224ms main h=android.app.ActivityThread$H c=android.app.-$$Lambda$LoadedApk$ReceiverDispatcher$Args$_BumDX2UKsnxLVrE6UJsJZkotuA@c144eda m=0
07-08 01:08:02.263  1711  1711 I Telecom : DefaultDialerCache: Refreshing default dialer for user 0: now com.sonymobile.android.dialer: DDC.oR@P6c
07-08 01:08:02.274  1711  1711 V BackupManagerConstants: getFullBackupIntervalMilliseconds(...) returns 86400000
07-08 01:08:02.274  1711  1711 V BackupManagerConstants: getFullBackupRequiredNetworkType(...) returns 2
07-08 01:08:02.274  1711  1711 V BackupManagerConstants: getFullBackupRequireCharging(...) returns true
07-08 01:08:02.278  1711  1711 W Looper  : Drained
07-08 01:08:02.292  1711  1738 W Looper  : Slow delivery took 203ms android.fg h=android.os.Handler c=<recycled PooledLambda@5f5ae39> m=0
07-08 01:08:02.301  1711  4415 W ActivityManager: Permission Denial: Accessing service com.sonyericsson.album/com.sonymobile.somcmediarouter.provider.dlna.DlnaMediaRouteProviderService from pid=20556, uid=10071 that is not exported from uid 10061
07-08 01:08:02.302  1711  2387 W ActivityManager: Permission Denial: Accessing service com.sonyericsson.music/com.sonymobile.somcmediarouter.provider.dlna.DlnaMediaRouteProviderService from pid=20556, uid=10071 that is not exported from uid 10053
07-08 01:08:02.376  1711  1711 I Telecom : DefaultDialerCache: Refreshing default dialer for user 0: now com.sonymobile.android.dialer: DDC.oR@P6k
07-08 01:08:02.418  1711  1751 W TextServicesManagerService: no available spell checker services found
07-08 01:08:02.766  1711  1738 W Looper  : Drained
07-08 01:08:11.537  1711  2953 I ActivityTaskManager: START u0 {act=android.intent.action.MAIN cat=[android.intent.category.LAUNCHER] flg=0x10200000 cmp=com.test.power/com.unity3d.player.UnityPlayerActivity bnds=[855,2203][1066,2478]} from uid 10099
07-08 01:08:11.541  1711  2953 V ActivityTaskManager: Calling mServicetracker.OnActivityStateChange with flag falsestateINITIALIZING
07-08 01:08:11.541  1711  2953 V ActivityTaskManager: Calling mServicetracker.OnActivityStateChange with flag truestateINITIALIZING
07-08 01:08:11.547  1711  2953 V ActivityTaskManager: Calling mServicetracker.OnActivityStateChange with flag truestateRESUMED
07-08 01:08:11.547  1711  2953 V ActivityTaskManager: Calling mServicetracker.OnActivityStateChange with flag truestatePAUSING
07-08 01:08:11.547  1711  2953 V ActivityTaskManager: Calling mServicetracker.OnActivityStateChange with flag falsestatePAUSING
07-08 01:08:11.553  1711  2387 V ActivityTaskManager: Calling mServicetracker.OnActivityStateChange with flag truestatePAUSED
07-08 01:08:11.553  1711  2387 V ActivityTaskManager: Calling mServicetracker.OnActivityStateChange with flag falsestatePAUSED
07-08 01:08:11.553  1711  2387 V ActivityTaskManager: Calling mServicetracker.OnActivityStateChange with flag truestateRESUMED
07-08 01:08:11.556  1711  1741 D CompatibilityChangeReporter: Compat change id reported: 135634846; UID 10332; state: DISABLED
07-08 01:08:11.556  1711  1753 D CompatibilityChangeReporter: Compat change id reported: 143937733; UID 10332; state: DISABLED
07-08 01:08:11.571  1711  1753 I ActivityManager: Start proc 14161:com.test.power/u0a332 for pre-top-activity {com.test.power/com.unity3d.player.UnityPlayerActivity}
07-08 01:08:11.602  1711  3797 V ActivityTaskManager: Calling mServicetracker.OnActivityStateChange with flag truestateRESUMED
07-08 01:08:11.602  1711  3797 V ActivityTaskManager: Calling mServicetracker.OnActivityStateChange with flag falsestateRESUMED
07-08 01:08:11.785  1711  3797 D CompatibilityChangeReporter: Compat change id reported: 149924527; UID 10332; state: ENABLED
07-08 01:08:11.785  1711  3797 D CompatibilityChangeReporter: Compat change id reported: 132649864; UID 10332; state: DISABLED
07-08 01:08:12.050  1711  1741 V ActivityTaskManager: Calling mServicetracker.OnActivityStateChange with flag truestateSTOPPING
07-08 01:08:12.050  1711  1741 V ActivityTaskManager: Calling mServicetracker.OnActivityStateChange with flag falsestateSTOPPING
07-08 01:08:12.070  1711 10824 V ActivityTaskManager: Calling mServicetracker.OnActivityStateChange with flag truestateSTOPPED
07-08 01:08:12.070  1711 10824 V ActivityTaskManager: Calling mServicetracker.OnActivityStateChange with flag falsestateSTOPPED
07-08 01:08:14.895  1711  3797 I ActivityTaskManager: Config changes=20000480 {1.0 460mcc1mnc [zh_CN_#Hans] ldltr sw411dp w960dp h371dp 420dpi nrml long hdr widecg land finger -keyb/v/h -nav/h winConfig={ mBounds=Rect(0, 0 - 2520, 1080) mAppBounds=Rect(0, 0 - 2520, 1038) mWindowingMode=fullscreen mDisplayWindowingMode=fullscreen mActivityType=undefined mAlwaysOnTop=undefined mRotation=ROTATION_270} s.7132}
07-08 01:08:14.923  1711  3797 I WindowManager: Override config changes=20000480 {1.0 460mcc1mnc [zh_CN_#Hans] ldltr sw411dp w960dp h371dp 420dpi nrml long hdr widecg land finger -keyb/v/h -nav/h winConfig={ mBounds=Rect(0, 0 - 2520, 1080) mAppBounds=Rect(0, 0 - 2520, 1038) mWindowingMode=fullscreen mDisplayWindowingMode=fullscreen mActivityType=undefined mAlwaysOnTop=undefined mRotation=ROTATION_270} s.7132} for displayId=0
07-08 01:08:14.932  1711  3797 V WindowManager: Orientation start waiting for draw, mDrawState=DRAW_PENDING in Window{61597fe u0 NavigationBar0}, surfaceController Surface(name=NavigationBar0)/@0xe41099e
07-08 01:08:14.932  1711  3797 V WindowManager: Orientation start waiting for draw, mDrawState=DRAW_PENDING in Window{70e0eb0 u0 StatusBar}, surfaceController Surface(name=StatusBar)/@0xbc95913
07-08 01:08:14.932  1711  3797 V WindowManager: Orientation start waiting for draw, mDrawState=DRAW_PENDING in Window{d0e15d8 u0 com.test.power/com.unity3d.player.UnityPlayerActivity}, surfaceController Surface(name=com.test.power/com.unity3d.player.UnityPlayerActivity)/@0x5da65b9
07-08 01:08:14.964  1711 10824 V WindowManager: Orientation start waiting for draw, mDrawState=DRAW_PENDING in Window{d0e15d8 u0 com.test.power/com.unity3d.player.UnityPlayerActivity}, surfaceController Surface(name=com.test.power/com.unity3d.player.UnityPlayerActivity)/@0x5da65b9
07-08 01:08:14.979  1711 10824 V WindowManager: Orientation start waiting for draw, mDrawState=DRAW_PENDING in Window{61597fe u0 NavigationBar0}, surfaceController Surface(name=NavigationBar0)/@0xe41099e
07-08 01:08:14.995  1711  3797 V WindowManager: Orientation start waiting for draw, mDrawState=DRAW_PENDING in Window{70e0eb0 u0 StatusBar}, surfaceController Surface(name=StatusBar)/@0xbc95913
07-08 01:08:15.013  1711  1742 I WindowManager: Screen frozen for +146ms due to Window{61597fe u0 NavigationBar0}
07-08 01:08:29.623  3951 14238 E ActivityThread: Failed to find provider info for com.sonymobile.providers.framework.extension
07-08 01:08:29.633  1711  9439 I ActivityManager: Force stopping com.google.android.googlequicksearchbox appid=10199 user=0: from pid 3951
07-08 01:08:29.633  1711  9439 I ActivityManager: Killing 13695:com.google.android.googlequicksearchbox:search/u0a199 (adj 900): stop com.google.android.googlequicksearchbox due to from pid 3951
07-08 01:08:29.636  1711  9439 I ActivityManager: Killing 13751:com.google.android.googlequicksearchbox:interactor/u0a199 (adj 0): stop com.google.android.googlequicksearchbox due to from pid 3951
07-08 01:08:29.643  1711  1751 I VoiceInteractionManager: Force stopping current voice recognizer: ComponentInfo{com.google.android.googlequicksearchbox/com.google.android.voicesearch.serviceapi.GoogleRecognitionService}
07-08 01:08:29.649  1711  1752 W BroadcastQueue: Background execution not allowed: receiving Intent { act=android.intent.action.PACKAGE_RESTARTED dat=package:com.google.android.googlequicksearchbox flg=0x10 (has extras) } to com.tencent.android.qqdownloader/com.tencent.assistant.localres.localapk.PackageChangedReceiver
07-08 01:08:29.651  1711  1752 W BroadcastQueue: Background execution not allowed: receiving Intent { act=android.intent.action.PACKAGE_RESTARTED dat=package:com.google.android.googlequicksearchbox flg=0x10 (has extras) } to com.tencent.android.qqdownloader/com.qq.AppService.APKReceiver
07-08 01:08:29.656  1711 20427 W ActivityManager: Permission Denial: Accessing service com.sonyericsson.album/com.sonymobile.somcmediarouter.provider.dlna.DlnaMediaRouteProviderService from pid=20556, uid=10071 that is not exported from uid 10061
07-08 01:08:29.657  1711 20427 W ActivityManager: Permission Denial: Accessing service com.sonyericsson.music/com.sonymobile.somcmediarouter.provider.dlna.DlnaMediaRouteProviderService from pid=20556, uid=10071 that is not exported from uid 10053
07-08 01:08:29.734  1711  1729 D ConnectivityService: ConnectivityService NetworkRequestInfo binderDied(NetworkRequest [ LISTEN id=2425, [ Capabilities: INTERNET&NOT_RESTRICTED&TRUSTED Uid: 10199 AdministratorUids: [] RequestorUid: 10199 RequestorPackageName: com.google.android.googlequicksearchbox] ], android.os.BinderProxy@19098b1)
07-08 01:08:29.734  1711  3797 D ConnectivityService: ConnectivityService NetworkRequestInfo binderDied(NetworkRequest [ TRACK_DEFAULT id=2424, [ Capabilities: INTERNET&NOT_RESTRICTED&TRUSTED Uid: 10199 AdministratorUids: [] RequestorUid: 10199 RequestorPackageName: com.google.android.googlequicksearchbox] ], android.os.BinderProxy@2fd2196)
07-08 01:08:29.734  1711  2011 D ConnectivityService: releasing NetworkRequest [ TRACK_DEFAULT id=2424, [ Capabilities: INTERNET&NOT_RESTRICTED&TRUSTED Uid: 10199 AdministratorUids: [] RequestorUid: 10199 RequestorPackageName: com.google.android.googlequicksearchbox] ] (release request)
07-08 01:08:29.735  1711 12530 I WindowManager: WIN DEATH: Window{80ccd35 u0 com.sonymobile.launcher/com.sonymobile.launcher.XperiaLauncher}
07-08 01:08:29.736  1711  1741 W ActivityManager: setHasOverlayUi called on unknown pid: 13695
07-08 01:09:30.160  1711  2387 I DropBoxManagerService: add tag=event_data isTagEnabled=true flags=0x2
07-08 01:09:30.166  1711  1752 W BroadcastQueue: Background execution not allowed: receiving Intent { act=android.intent.action.DROPBOX_ENTRY_ADDED flg=0x10 (has extras) } to com.google.android.gms/.stats.service.DropBoxEntryAddedReceiver
07-08 01:09:30.166  1711  1752 W BroadcastQueue: Background execution not allowed: receiving Intent { act=android.intent.action.DROPBOX_ENTRY_ADDED flg=0x10 (has extras) } to com.google.android.gms/.chimera.GmsIntentOperationService$PersistentTrustedReceiver
07-08 01:09:35.359  1711  1817 I DisplayBoostState: isBoosted: false
07-08 01:09:38.817  1711  1817 I chatty  : uid=1000(system) PowerManagerSer identical 7 lines
07-08 01:10:18.727  1711  1817 I DisplayBoostState: isBoosted: false
07-08 01:10:18.727  1711  1817 V DisplayPowerController: Brightness [0.05] reason changing to: 'automatic [ dim ]', previous reason: 'automatic'.
07-08 01:10:18.962  1711  1817 I DisplayBoostState: isBoosted: false
07-08 01:10:30.378  1711  1817 I DisplayBoostState: isBoosted: false
07-08 01:10:30.378  1711  1817 V DisplayPowerController: Brightness [0.22788602] reason changing to: 'automatic', previous reason: 'automatic [ dim ]'.
07-08 01:10:30.605  1711  1817 I DisplayBoostState: isBoosted: false
07-08 01:10:32.341  1711  2387 V ActivityTaskManager: Calling mServicetracker.OnActivityStateChange with flag truestateSTARTED
07-08 01:10:32.342  1711  2387 V ActivityTaskManager: Calling mServicetracker.OnActivityStateChange with flag falsestateSTARTED
07-08 01:10:33.108  1711  2938 V ActivityTaskManager: Calling mServicetracker.OnActivityStateChange with flag truestateRESUMED
07-08 01:10:33.108  1711  2938 V ActivityTaskManager: Calling mServicetracker.OnActivityStateChange with flag truestatePAUSING
07-08 01:10:33.109  1711  2938 V ActivityTaskManager: Calling mServicetracker.OnActivityStateChange with flag falsestatePAUSING
07-08 01:10:33.109  1711  2938 V ActivityTaskManager: Calling mServicetracker.OnActivityStateChange with flag truestatePAUSED
07-08 01:10:33.109  1711  2938 V ActivityTaskManager: Calling mServicetracker.OnActivityStateChange with flag falsestatePAUSED
07-08 01:10:33.110  1711  2938 V ActivityTaskManager: Calling mServicetracker.OnActivityStateChange with flag falsestateRESUMED
07-08 01:10:33.122  1711  1730 D CompatibilityChangeReporter: Compat change id reported: 135634846; UID 10199; state: DISABLED
07-08 01:10:33.122  1711  1730 D CompatibilityChangeReporter: Compat change id reported: 135754954; UID 10199; state: ENABLED
07-08 01:10:33.122  1711  1753 D CompatibilityChangeReporter: Compat change id reported: 143937733; UID 10199; state: ENABLED
07-08 01:10:33.122  1711  1741 V ActivityTaskManager: Calling mServicetracker.OnActivityStateChange with flag truestateSTOPPING
07-08 01:10:33.122  1711  1741 V ActivityTaskManager: Calling mServicetracker.OnActivityStateChange with flag falsestateSTOPPING
07-08 01:10:33.150  1711  1753 I ActivityManager: Start proc 14305:com.google.android.googlequicksearchbox:search/u0a199 for service {com.google.android.googlequicksearchbox/com.google.android.apps.gsa.nowoverlayservice.DrawerOverlayService}
07-08 01:10:33.156  1711  1741 I ActivityTaskManager: Config changes=20000480 {1.0 460mcc1mnc [zh_CN_#Hans] ldltr sw411dp w411dp h920dp 420dpi nrml long hdr widecg port finger -keyb/v/h -nav/h winConfig={ mBounds=Rect(0, 0 - 1080, 2520) mAppBounds=Rect(0, 0 - 1080, 2478) mWindowingMode=fullscreen mDisplayWindowingMode=fullscreen mActivityType=undefined mAlwaysOnTop=undefined mRotation=ROTATION_0} s.7230}
07-08 01:10:33.187  1711  1741 I WindowManager: Override config changes=20000480 {1.0 460mcc1mnc [zh_CN_#Hans] ldltr sw411dp w411dp h920dp 420dpi nrml long hdr widecg port finger -keyb/v/h -nav/h winConfig={ mBounds=Rect(0, 0 - 1080, 2520) mAppBounds=Rect(0, 0 - 1080, 2478) mWindowingMode=fullscreen mDisplayWindowingMode=fullscreen mActivityType=undefined mAlwaysOnTop=undefined mRotation=ROTATION_0} s.7230} for displayId=0
07-08 01:10:33.285  1711  3797 V ActivityTaskManager: Calling mServicetracker.OnActivityStateChange with flag truestateSTOPPED
07-08 01:10:33.285  1711  3797 V ActivityTaskManager: Calling mServicetracker.OnActivityStateChange with flag falsestateSTOPPED
07-08 01:10:33.388  1711  1730 D CompatibilityChangeReporter: Compat change id reported: 135634846; UID 10199; state: DISABLED
07-08 01:10:33.388  1711  1730 D CompatibilityChangeReporter: Compat change id reported: 135754954; UID 10199; state: ENABLED
07-08 01:10:33.388  1711  1753 D CompatibilityChangeReporter: Compat change id reported: 143937733; UID 10199; state: ENABLED
07-08 01:10:33.407  1711  1753 I ActivityManager: Start proc 14363:com.google.android.googlequicksearchbox:interactor/u0a199 for service {com.google.android.googlequicksearchbox/com.google.android.apps.gsa.nga.engine.viss.NgaService}
07-08 01:10:33.619  1711 12530 D ConnectivityService: requestNetwork for uid/pid:10199/14305 NetworkRequest [ TRACK_DEFAULT id=2426, [ Capabilities: INTERNET&NOT_RESTRICTED&TRUSTED Uid: 10199 AdministratorUids: [] RequestorUid: 10199 RequestorPackageName: com.google.android.googlequicksearchbox] ]
07-08 01:10:33.619  1711  2011 D ConnectivityService: NetReassign [2426 : null  100]
07-08 01:10:33.627  1711  2011 D ConnectivityService: NetReassign [no changes]
07-08 01:10:35.593  1711 12530 V ActivityTaskManager: Calling mServicetracker.OnActivityStateChange with flag truestateFINISHING
07-08 01:10:35.594  1711 12530 V ActivityTaskManager: Calling mServicetracker.OnActivityStateChange with flag falsestateFINISHING
07-08 01:10:35.594  1711 12530 V ActivityTaskManager: Calling mServicetracker.OnActivityStateChange with flag truestateFINISHING
07-08 01:10:35.595  1711 12530 V ActivityTaskManager: Calling mServicetracker.OnActivityStateChange with flag truestateDESTROYING
07-08 01:10:35.595  1711 12530 V ActivityTaskManager: Calling mServicetracker.OnActivityStateChange with flag falsestateDESTROYING
07-08 01:10:35.604  1711  1741 I ActivityManager: Killing 14161:com.test.power/u0a332 (adj 905): remove task
07-08 01:10:35.704  1711  2382 I WindowManager: WIN DEATH: Window{d0e15d8 u0 com.test.power/com.unity3d.player.UnityPlayerActivity}
07-08 01:10:35.708  1711  2938 V ActivityTaskManager: Calling mServicetracker.OnActivityStateChange with flag truestateDESTROYED
07-08 01:10:35.708  1711  2938 V ActivityTaskManager: Calling mServicetracker.OnActivityStateChange with flag falsestateDESTROYED
07-08 01:10:35.708  1711  2938 V ActivityTaskManager: Calling mServicetracker.OnActivityStateChange with flag truestateDESTROYED
07-08 01:10:35.717  1711  1741 W ActivityManager: setHasOverlayUi called on unknown pid: 14161
07-08 01:10:40.550  1711 16291 I ActivityTaskManager: START u0 {act=android.intent.action.MAIN cat=[android.intent.category.LAUNCHER] flg=0x10200000 cmp=com.test.power/com.unity3d.player.UnityPlayerActivity bnds=[855,2203][1066,2478]} from uid 10099
07-08 01:10:40.552  1711 16291 V ActivityTaskManager: Calling mServicetracker.OnActivityStateChange with flag falsestateINITIALIZING
07-08 01:10:40.552  1711 16291 V ActivityTaskManager: Calling mServicetracker.OnActivityStateChange with flag truestateINITIALIZING
07-08 01:10:40.557  1711 16291 V ActivityTaskManager: Calling mServicetracker.OnActivityStateChange with flag truestateRESUMED
07-08 01:10:40.558  1711 16291 V ActivityTaskManager: Calling mServicetracker.OnActivityStateChange with flag truestatePAUSING
07-08 01:10:40.558  1711 16291 V ActivityTaskManager: Calling mServicetracker.OnActivityStateChange with flag falsestatePAUSING
07-08 01:10:40.562  1711  1741 D CompatibilityChangeReporter: Compat change id reported: 135634846; UID 10332; state: DISABLED
07-08 01:10:40.563  1711  1753 D CompatibilityChangeReporter: Compat change id reported: 143937733; UID 10332; state: DISABLED
07-08 01:10:40.563  1711  3797 V ActivityTaskManager: Calling mServicetracker.OnActivityStateChange with flag truestatePAUSED
07-08 01:10:40.564  1711  3797 V ActivityTaskManager: Calling mServicetracker.OnActivityStateChange with flag falsestatePAUSED
07-08 01:10:40.564  1711  3797 V ActivityTaskManager: Calling mServicetracker.OnActivityStateChange with flag truestateRESUMED
07-08 01:10:40.576  1711  1753 I ActivityManager: Start proc 14505:com.test.power/u0a332 for pre-top-activity {com.test.power/com.unity3d.player.UnityPlayerActivity}
07-08 01:10:40.605  1711 10824 V ActivityTaskManager: Calling mServicetracker.OnActivityStateChange with flag truestateRESUMED
07-08 01:10:40.605  1711 10824 V ActivityTaskManager: Calling mServicetracker.OnActivityStateChange with flag falsestateRESUMED
07-08 01:10:41.065  1711  1741 V ActivityTaskManager: Calling mServicetracker.OnActivityStateChange with flag truestateSTOPPING
07-08 01:10:41.065  1711  1741 V ActivityTaskManager: Calling mServicetracker.OnActivityStateChange with flag falsestateSTOPPING
07-08 01:10:41.096  1711 16291 V ActivityTaskManager: Calling mServicetracker.OnActivityStateChange with flag truestateSTOPPED
07-08 01:10:41.097  1711 16291 V ActivityTaskManager: Calling mServicetracker.OnActivityStateChange with flag falsestateSTOPPED
07-08 01:10:52.332  1711  1752 W BroadcastQueue: Background execution not allowed: receiving Intent { act=com.tencent.assistant.st.report.PluginLogProcessorReceiver.TIME flg=0x14 (has extras) } to com.tencent.android.qqdownloader/com.tencent.assistant.st.report.PluginLogProcessorReceiver
07-08 01:11:14.965  1711 12530 V ActivityTaskManager: Calling mServicetracker.OnActivityStateChange with flag truestateSTARTED
07-08 01:11:14.965  1711 12530 V ActivityTaskManager: Calling mServicetracker.OnActivityStateChange with flag falsestateSTARTED
07-08 01:11:15.719  1711 12530 V ActivityTaskManager: Calling mServicetracker.OnActivityStateChange with flag truestateRESUMED
07-08 01:11:15.719  1711 12530 V ActivityTaskManager: Calling mServicetracker.OnActivityStateChange with flag truestatePAUSING
07-08 01:11:15.720  1711 12530 V ActivityTaskManager: Calling mServicetracker.OnActivityStateChange with flag falsestatePAUSING
07-08 01:11:15.720  1711 12530 V ActivityTaskManager: Calling mServicetracker.OnActivityStateChange with flag truestatePAUSED
07-08 01:11:15.721  1711 12530 V ActivityTaskManager: Calling mServicetracker.OnActivityStateChange with flag falsestatePAUSED
07-08 01:11:15.722  1711 12530 V ActivityTaskManager: Calling mServicetracker.OnActivityStateChange with flag falsestateRESUMED
07-08 01:11:15.750  1711  1741 V ActivityTaskManager: Calling mServicetracker.OnActivityStateChange with flag truestateSTOPPING
07-08 01:11:15.750  1711  1741 V ActivityTaskManager: Calling mServicetracker.OnActivityStateChange with flag falsestateSTOPPING
07-08 01:11:15.808  1711  7590 V ActivityTaskManager: Calling mServicetracker.OnActivityStateChange with flag truestateSTOPPED
07-08 01:11:15.808  1711  7590 V ActivityTaskManager: Calling mServicetracker.OnActivityStateChange with flag falsestateSTOPPED
07-08 01:11:17.190  1711 10824 V ActivityTaskManager: Calling mServicetracker.OnActivityStateChange with flag truestateFINISHING
07-08 01:11:17.190  1711 10824 V ActivityTaskManager: Calling mServicetracker.OnActivityStateChange with flag falsestateFINISHING
07-08 01:11:17.191  1711 10824 V ActivityTaskManager: Calling mServicetracker.OnActivityStateChange with flag truestateFINISHING
07-08 01:11:17.192  1711 10824 V ActivityTaskManager: Calling mServicetracker.OnActivityStateChange with flag truestateDESTROYING
07-08 01:11:17.192  1711 10824 V ActivityTaskManager: Calling mServicetracker.OnActivityStateChange with flag falsestateDESTROYING
07-08 01:11:17.209  1711  1741 I ActivityManager: Killing 14505:com.test.power/u0a332 (adj 905): remove task
07-08 01:11:17.297  1711 19201 I WindowManager: WIN DEATH: Window{e8fe688 u0 com.test.power/com.unity3d.player.UnityPlayerActivity}
07-08 01:11:17.300  1711  3797 V ActivityTaskManager: Calling mServicetracker.OnActivityStateChange with flag truestateDESTROYED
07-08 01:11:17.301  1711  3797 V ActivityTaskManager: Calling mServicetracker.OnActivityStateChange with flag falsestateDESTROYED
07-08 01:11:17.301  1711  3797 V ActivityTaskManager: Calling mServicetracker.OnActivityStateChange with flag truestateDESTROYED
07-08 01:11:17.303  1711  1741 W ActivityManager: setHasOverlayUi called on unknown pid: 14505
07-08 01:11:21.247  1711 12530 D ConnectivityService: Data stall detected with methods: 2
07-08 01:11:21.704  1711  1752 W BroadcastQueue: Background execution not allowed: receiving Intent { act=android.net.conn.NETWORK_CONDITIONS_MEASURED flg=0x10 (has extras) } to com.google.android.gms/.chimera.GmsIntentOperationService$PersistentTrustedReceiver
07-08 01:11:21.710  1711  2011 D ConnectivityService: [100 CELLULAR] validation passed
07-08 01:11:23.772  1711  7590 I ActivityTaskManager: START u0 {act=android.intent.action.MAIN cat=[android.intent.category.LAUNCHER] flg=0x10200000 cmp=com.test.power/com.unity3d.player.UnityPlayerActivity bnds=[855,2203][1066,2478]} from uid 10099
07-08 01:11:23.772  1711  7590 V ActivityTaskManager: Calling mServicetracker.OnActivityStateChange with flag falsestateINITIALIZING
07-08 01:11:23.772  1711  7590 V ActivityTaskManager: Calling mServicetracker.OnActivityStateChange with flag truestateINITIALIZING
07-08 01:11:23.781  1711  7590 V ActivityTaskManager: Calling mServicetracker.OnActivityStateChange with flag truestateRESUMED
07-08 01:11:23.781  1711  7590 V ActivityTaskManager: Calling mServicetracker.OnActivityStateChange with flag truestatePAUSING
07-08 01:11:23.781  1711  7590 V ActivityTaskManager: Calling mServicetracker.OnActivityStateChange with flag falsestatePAUSING
07-08 01:11:23.787  1711 10824 V ActivityTaskManager: Calling mServicetracker.OnActivityStateChange with flag truestatePAUSED
07-08 01:11:23.787  1711 10824 V ActivityTaskManager: Calling mServicetracker.OnActivityStateChange with flag falsestatePAUSED
07-08 01:11:23.787  1711 10824 V ActivityTaskManager: Calling mServicetracker.OnActivityStateChange with flag truestateRESUMED
07-08 01:11:23.789  1711  1741 D CompatibilityChangeReporter: Compat change id reported: 135634846; UID 10332; state: DISABLED
07-08 01:11:23.790  1711  1753 D CompatibilityChangeReporter: Compat change id reported: 143937733; UID 10332; state: DISABLED
07-08 01:11:23.803  1711  1753 I ActivityManager: Start proc 14645:com.test.power/u0a332 for pre-top-activity {com.test.power/com.unity3d.player.UnityPlayerActivity}
07-08 01:11:23.831  1711 10824 V ActivityTaskManager: Calling mServicetracker.OnActivityStateChange with flag truestateRESUMED
07-08 01:11:23.831  1711 10824 V ActivityTaskManager: Calling mServicetracker.OnActivityStateChange with flag falsestateRESUMED
07-08 01:11:24.289  1711  1741 V ActivityTaskManager: Calling mServicetracker.OnActivityStateChange with flag truestateSTOPPING
07-08 01:11:24.289  1711  1741 V ActivityTaskManager: Calling mServicetracker.OnActivityStateChange with flag falsestateSTOPPING
07-08 01:11:24.319  1711  7590 V ActivityTaskManager: Calling mServicetracker.OnActivityStateChange with flag truestateSTOPPED
07-08 01:11:24.320  1711  7590 V ActivityTaskManager: Calling mServicetracker.OnActivityStateChange with flag falsestateSTOPPED
07-08 01:11:40.280  4737  4737 W ContextImpl: Calling a method in the system process without a qualified user: android.app.ContextImpl.startService:1669 android.content.ContextWrapper.startService:720 com.sonymobile.sidesenseapp.common.sensing.sidetouch.feedback.service.FeedbackViewService.openUI:93 com.sonymobile.sidesenseapp.common.sensing.sidetouch.SideTouchEventHandler.startAction:166 com.sonymobile.sidesenseapp.common.sensing.CommonTouchEventHandler.executeAction:423 
07-08 01:11:41.112  4737  4737 W ContextImpl: Calling a method in the system process without a qualified user: android.app.ContextImpl.startService:1669 android.content.ContextWrapper.startService:720 com.sonymobile.sidesenseapp.common.sensing.sidetouch.feedback.service.FeedbackViewService.closeUI:105 com.sonymobile.sidesenseapp.common.sensing.sidetouch.feedback.ui.FeedbackView$1.run:168 android.os.Handler.handleCallback:938 
--------- beginning of main
07-08 01:11:42.496   992  1283 E qdmetadata: paramType 2048 not supported
07-08 01:11:42.512   992  1283 E qdmetadata: paramType 2048 not supported
07-08 01:11:42.529   992  1283 E qdmetadata: paramType 2048 not supported
07-08 01:11:42.630   992  1283 E qdmetadata: paramType 2048 not supported
07-08 01:11:42.634  1009  1009 I QTI PowerHAL: Power setBoost: 0, duration: 0
07-08 01:11:42.634  1009  1009 I QTI PowerHAL: Power setBoost: 0, duration: 0
07-08 01:11:42.646   992  1283 E qdmetadata: paramType 2048 not supported
07-08 01:11:42.696   992  1283 E qdmetadata: paramType 2048 not supported
07-08 01:11:42.709   977   977 D audio_hw_primary: adev_get_parameters:somc.media_vibration_path
07-08 01:11:42.709   977   977 D soundtrigger: audio_extn_sound_trigger_get_parameters input string<somc.media_vibration_path=>
07-08 01:11:42.709   977   977 D soundtrigger: extract_sm_handle input string <somc.media_vibration_path=> param string <somc.media_vibration_path=>
07-08 01:11:42.709   977   977 D audio_hw_extn: audio_extn_fm_get_parameters: Enter
07-08 01:11:42.709   977   977 E audio_ext_hw_plugin: [ext_hw_plugin_get_parameters] received null pointer
07-08 01:11:42.709   977   977 D audio_hw_extn: audio_extn_get_parameters: returns 
07-08 01:11:42.709   977   977 D audio_hw_primary: adev_get_parameters: exit: returns - somc.media_vibration_path=0
07-08 01:11:42.710  1119 25800 I hash_map_utils: key: 'somc.media_vibration_path' value: ''
07-08 01:11:42.713   992  1283 E qdmetadata: paramType 2048 not supported
07-08 01:11:42.714   977   977 D audio_hw_primary: adev_get_parameters:somc.media_vibration_path
07-08 01:11:42.714   977   977 D soundtrigger: audio_extn_sound_trigger_get_parameters input string<somc.media_vibration_path=>
07-08 01:11:42.714   977   977 D soundtrigger: extract_sm_handle input string <somc.media_vibration_path=> param string <somc.media_vibration_path=>
07-08 01:11:42.714   977   977 D audio_hw_extn: audio_extn_fm_get_parameters: Enter
07-08 01:11:42.714   977   977 E audio_ext_hw_plugin: [ext_hw_plugin_get_parameters] received null pointer
07-08 01:11:42.714   977   977 D audio_hw_extn: audio_extn_get_parameters: returns 
07-08 01:11:42.714   977   977 D audio_hw_primary: adev_get_parameters: exit: returns - somc.media_vibration_path=0
07-08 01:11:42.714  1119 25800 I hash_map_utils: key: 'somc.media_vibration_path' value: ''
07-08 01:11:42.730   992  1283 E qdmetadata: paramType 2048 not supported
07-08 01:11:42.864   992  1283 E qdmetadata: paramType 2048 not supported
07-08 01:11:42.868  1009  1009 I QTI PowerHAL: Power setBoost: 0, duration: 0
07-08 01:11:42.868  1009  1009 I QTI PowerHAL: Power setBoost: 0, duration: 0
07-08 01:11:42.869   616   616 I chatty  : uid=1000(system) /system/bin/servicemanager expire 611 lines
07-08 01:11:42.880   992  1283 E qdmetadata: paramType 2048 not supported
07-08 01:11:42.981   992  1283 E qdmetadata: paramType 2048 not supported
07-08 01:11:42.985  1009  1009 I QTI PowerHAL: Power setBoost: 0, duration: 0
07-08 01:11:42.985  1009  1009 I QTI PowerHAL: Power setBoost: 0, duration: 0
07-08 01:11:42.997   992  1283 E qdmetadata: paramType 2048 not supported
07-08 01:11:43.097   992  1283 E qdmetadata: paramType 2048 not supported
07-08 01:11:43.111  1009  1009 I QTI PowerHAL: Power setBoost: 0, duration: 0
07-08 01:11:43.113  1009  1009 I QTI PowerHAL: Power setBoost: 0, duration: 0
07-08 01:11:43.115   992  1283 E qdmetadata: paramType 2048 not supported
07-08 01:11:43.249   992  1283 E qdmetadata: paramType 2048 not supported
07-08 01:11:43.265   992  1283 E qdmetadata: paramType 2048 not supported
07-08 01:11:43.299   992  1283 E qdmetadata: paramType 2048 not supported
07-08 01:11:43.304  1009  1009 I QTI PowerHAL: Power setBoost: 0, duration: 0
07-08 01:11:43.304  1009  1009 I QTI PowerHAL: Power setBoost: 0, duration: 0
07-08 01:11:43.315   992  1283 E qdmetadata: paramType 2048 not supported
07-08 01:11:43.399   992  1283 E qdmetadata: paramType 2048 not supported
07-08 01:11:43.402  1009  1009 I QTI PowerHAL: Power setBoost: 0, duration: 0
07-08 01:11:43.403  1009  1009 I QTI PowerHAL: Power setBoost: 0, duration: 0
07-08 01:11:43.416   992  1283 E qdmetadata: paramType 2048 not supported
07-08 01:11:43.421 14645 14672 E com.test.power: No implementation found for boolean com.qualcomm.powersdk.PowerControl.init() (tried Java_com_qualcomm_powersdk_PowerControl_init and Java_com_qualcomm_powersdk_PowerControl_init__)
07-08 01:11:43.425 14645 14672 E Unity   : AndroidJavaException: java.lang.UnsatisfiedLinkError: No implementation found for boolean com.qualcomm.powersdk.PowerControl.init() (tried Java_com_qualcomm_powersdk_PowerControl_init and Java_com_qualcomm_powersdk_PowerControl_init__)
07-08 01:11:43.425 14645 14672 E Unity   : java.lang.UnsatisfiedLinkError: No implementation found for boolean com.qualcomm.powersdk.PowerControl.init() (tried Java_com_qualcomm_powersdk_PowerControl_init and Java_com_qualcomm_powersdk_PowerControl_init__)
07-08 01:11:43.425 14645 14672 E Unity   : 	at com.qualcomm.powersdk.PowerControl.init(Native Method)
07-08 01:11:43.425 14645 14672 E Unity   : 	at com.unity3d.player.UnityPlayer.nativeRender(Native Method)
07-08 01:11:43.425 14645 14672 E Unity   : 	at com.unity3d.player.UnityPlayer.access$300(Unknown Source:0)
07-08 01:11:43.425 14645 14672 E Unity   : 	at com.unity3d.player.UnityPlayer$e$1.handleMessage(Unknown Source:95)
07-08 01:11:43.425 14645 14672 E Unity   : 	at android.os.Handler.dispatchMessage(Handler.java:102)
07-08 01:11:43.425 14645 14672 E Unity   : 	at android.os.Looper.loop(Looper.java:368)
07-08 01:11:43.425 14645 14672 E Unity   : 	at com.unity3d.player.UnityPlayer$e.run(Unknown Source:20)
07-08 01:11:43.425 14645 14672 E Unity   :   at UnityEngine.AndroidJNISafe.CheckException () [0x0008d] in /Users/builduser/buildslave/unity/build/Modules/AndroidJNI/AndroidJNISafe.cs:24 
07-08 01:11:43.425 14645 14672 E Unity   :   at Unity
07-08 01:11:43.433   992  1283 E qdmetadata: paramType 2048 not supported
07-08 01:11:43.617   992  1283 E qdmetadata: paramType 2048 not supported
07-08 01:11:43.621  1009  1009 I QTI PowerHAL: Power setBoost: 0, duration: 0
07-08 01:11:43.624  1009  1009 I QTI PowerHAL: Power setBoost: 0, duration: 0
07-08 01:11:43.633   992  1283 E qdmetadata: paramType 2048 not supported
07-08 01:11:43.684   992  1283 E qdmetadata: paramType 2048 not supported
07-08 01:11:43.690 14645 14672 E com.test.power: No implementation found for boolean com.qualcomm.powersdk.PowerControl.init() (tried Java_com_qualcomm_powersdk_PowerControl_init and Java_com_qualcomm_powersdk_PowerControl_init__)
07-08 01:11:43.695 14645 14672 E Unity   : AndroidJavaException: java.lang.UnsatisfiedLinkError: No implementation found for boolean com.qualcomm.powersdk.PowerControl.init() (tried Java_com_qualcomm_powersdk_PowerControl_init and Java_com_qualcomm_powersdk_PowerControl_init__)
07-08 01:11:43.695 14645 14672 E Unity   : java.lang.UnsatisfiedLinkError: No implementation found for boolean com.qualcomm.powersdk.PowerControl.init() (tried Java_com_qualcomm_powersdk_PowerControl_init and Java_com_qualcomm_powersdk_PowerControl_init__)
07-08 01:11:43.695 14645 14672 E Unity   : 	at com.qualcomm.powersdk.PowerControl.init(Native Method)
07-08 01:11:43.695 14645 14672 E Unity   : 	at com.unity3d.player.UnityPlayer.nativeRender(Native Method)
07-08 01:11:43.695 14645 14672 E Unity   : 	at com.unity3d.player.UnityPlayer.access$300(Unknown Source:0)
07-08 01:11:43.695 14645 14672 E Unity   : 	at com.unity3d.player.UnityPlayer$e$1.handleMessage(Unknown Source:95)
07-08 01:11:43.695 14645 14672 E Unity   : 	at android.os.Handler.dispatchMessage(Handler.java:102)
07-08 01:11:43.695 14645 14672 E Unity   : 	at android.os.Looper.loop(Looper.java:368)
07-08 01:11:43.695 14645 14672 E Unity   : 	at com.unity3d.player.UnityPlayer$e.run(Unknown Source:20)
07-08 01:11:43.695 14645 14672 E Unity   :   at UnityEngine.AndroidJNISafe.CheckException () [0x0008d] in /Users/builduser/buildslave/unity/build/Modules/AndroidJNI/AndroidJNISafe.cs:24 
07-08 01:11:43.695 14645 14672 E Unity   :   at Unity
07-08 01:11:43.700   992  1283 E qdmetadata: paramType 2048 not supported
07-08 01:11:44.253   992  1283 E qdmetadata: paramType 2048 not supported
07-08 01:11:44.269   992  1283 E qdmetadata: paramType 2048 not supported
07-08 01:11:44.704   992  1283 E qdmetadata: paramType 2048 not supported
07-08 01:11:44.718   977   977 D audio_hw_primary: adev_get_parameters:somc.media_vibration_path
07-08 01:11:44.719   977   977 D soundtrigger: audio_extn_sound_trigger_get_parameters input string<somc.media_vibration_path=>
07-08 01:11:44.719   977   977 D soundtrigger: extract_sm_handle input string <somc.media_vibration_path=> param string <somc.media_vibration_path=>
07-08 01:11:44.719   977   977 D audio_hw_extn: audio_extn_fm_get_parameters: Enter
07-08 01:11:44.719   977   977 E audio_ext_hw_plugin: [ext_hw_plugin_get_parameters] received null pointer
07-08 01:11:44.719   977   977 D audio_hw_extn: audio_extn_get_parameters: returns 
07-08 01:11:44.719   977   977 D audio_hw_primary: adev_get_parameters: exit: returns - somc.media_vibration_path=0
07-08 01:11:44.719  1119 25800 I hash_map_utils: key: 'somc.media_vibration_path' value: ''
07-08 01:11:44.721   992  1283 E qdmetadata: paramType 2048 not supported
07-08 01:11:44.724   977   977 D audio_hw_primary: adev_get_parameters:somc.media_vibration_path
07-08 01:11:44.724   977   977 D soundtrigger: audio_extn_sound_trigger_get_parameters input string<somc.media_vibration_path=>
07-08 01:11:44.724   977   977 D soundtrigger: extract_sm_handle input string <somc.media_vibration_path=> param string <somc.media_vibration_path=>
07-08 01:11:44.724   977   977 D audio_hw_extn: audio_extn_fm_get_parameters: Enter
07-08 01:11:44.724   977   977 E audio_ext_hw_plugin: [ext_hw_plugin_get_parameters] received null pointer
07-08 01:11:44.724   977   977 D audio_hw_extn: audio_extn_get_parameters: returns 
07-08 01:11:44.724   977   977 D audio_hw_primary: adev_get_parameters: exit: returns - somc.media_vibration_path=0
07-08 01:11:44.725  1119 25800 I hash_map_utils: key: 'somc.media_vibration_path' value: ''
07-08 01:11:44.737   992  1283 E qdmetadata: paramType 2048 not supported
07-08 01:11:45.256   992  1283 E qdmetadata: paramType 2048 not supported
07-08 01:11:45.274   992  1283 E qdmetadata: paramType 2048 not supported
07-08 01:11:45.373   992  1283 E qdmetadata: paramType 2048 not supported
07-08 01:11:45.390   992  1282 E qdmetadata: paramType 2048 not supported
07-08 01:11:46.176   992  1282 I chatty  : uid=1000(system) HwBinder:992_2 identical 567 lines
07-08 01:11:46.210   992  1283 I chatty  : uid=1000(system) HwBinder:992_3 expire 4 lines
07-08 01:11:46.528   992  1282 I chatty  : uid=1000(system) HwBinder:992_2 expire 6 lines
07-08 01:11:46.729   977   977 D audio_hw_primary: adev_get_parameters:somc.media_vibration_path
07-08 01:11:46.729   977   977 D soundtrigger: audio_extn_sound_trigger_get_parameters input string<somc.media_vibration_path=>
07-08 01:11:46.729   977   977 D soundtrigger: extract_sm_handle input string <somc.media_vibration_path=> param string <somc.media_vibration_path=>
07-08 01:11:46.729   977   977 D audio_hw_extn: audio_extn_fm_get_parameters: Enter
07-08 01:11:46.729   977   977 E audio_ext_hw_plugin: [ext_hw_plugin_get_parameters] received null pointer
07-08 01:11:46.729   977   977 D audio_hw_extn: audio_extn_get_parameters: returns 
07-08 01:11:46.729   977   977 D audio_hw_primary: adev_get_parameters: exit: returns - somc.media_vibration_path=0
07-08 01:11:46.729  1119 25800 I hash_map_utils: key: 'somc.media_vibration_path' value: ''
07-08 01:11:46.732   977   977 D audio_hw_primary: adev_get_parameters:somc.media_vibration_path
07-08 01:11:46.733   977   977 D soundtrigger: audio_extn_sound_trigger_get_parameters input string<somc.media_vibration_path=>
07-08 01:11:46.733   977   977 D soundtrigger: extract_sm_handle input string <somc.media_vibration_path=> param string <somc.media_vibration_path=>
07-08 01:11:46.733   977   977 D audio_hw_extn: audio_extn_fm_get_parameters: Enter
07-08 01:11:46.733   977   977 E audio_ext_hw_plugin: [ext_hw_plugin_get_parameters] received null pointer
07-08 01:11:46.733   977   977 D audio_hw_extn: audio_extn_get_parameters: returns 
07-08 01:11:46.733   977   977 D audio_hw_primary: adev_get_parameters: exit: returns - somc.media_vibration_path=0
07-08 01:11:46.733  1119 25800 I hash_map_utils: key: 'somc.media_vibration_path' value: ''
07-08 01:11:46.930   992  1283 I chatty  : uid=1000(system) HwBinder:992_3 expire 399 lines
07-08 01:11:47.688   977   977 D audio_hw_primary: adev_set_parameters: enter: wireless_charging=off
07-08 01:11:47.688   977   977 D audio_hw_hfp: hfp_set_parameters: enter
07-08 01:11:47.688   977   977 D audio_hw_extn: audio_extn_fm_set_parameters: Enter
07-08 01:11:47.688   977   977 E audio_ext_hw_plugin: [ext_hw_plugin_set_parameters] received null pointer
07-08 01:11:47.688  2782  2782 D DeviceStatisticsService: chargerType=2 batteryLevel=100 totalBatteryCapacity=2707700
07-08 01:11:47.688  2782  2782 D DeviceInfoHidlClient: isPowerInfoNeverSent()=true
07-08 01:11:48.736   977   977 D audio_hw_primary: adev_get_parameters:somc.media_vibration_path
07-08 01:11:48.736   977   977 D soundtrigger: audio_extn_sound_trigger_get_parameters input string<somc.media_vibration_path=>
07-08 01:11:48.736   977   977 D soundtrigger: extract_sm_handle input string <somc.media_vibration_path=> param string <somc.media_vibration_path=>
07-08 01:11:48.736   977   977 D audio_hw_extn: audio_extn_fm_get_parameters: Enter
07-08 01:11:48.736   977   977 E audio_ext_hw_plugin: [ext_hw_plugin_get_parameters] received null pointer
07-08 01:11:48.736   977   977 D audio_hw_extn: audio_extn_get_parameters: returns 
07-08 01:11:48.736   977   977 D audio_hw_primary: adev_get_parameters: exit: returns - somc.media_vibration_path=0
07-08 01:11:48.736  1119 25800 I hash_map_utils: key: 'somc.media_vibration_path' value: ''
07-08 01:11:48.739   977   977 D audio_hw_primary: adev_get_parameters:somc.media_vibration_path
07-08 01:11:48.739   977   977 D soundtrigger: audio_extn_sound_trigger_get_parameters input string<somc.media_vibration_path=>
07-08 01:11:48.739   977   977 D soundtrigger: extract_sm_handle input string <somc.media_vibration_path=> param string <somc.media_vibration_path=>
07-08 01:11:48.739   977   977 D audio_hw_extn: audio_extn_fm_get_parameters: Enter
07-08 01:11:48.739   977   977 E audio_ext_hw_plugin: [ext_hw_plugin_get_parameters] received null pointer
07-08 01:11:48.739   977   977 D audio_hw_extn: audio_extn_get_parameters: returns 
07-08 01:11:48.739   977   977 D audio_hw_primary: adev_get_parameters: exit: returns - somc.media_vibration_path=0
07-08 01:11:48.739  1119 25800 I hash_map_utils: key: 'somc.media_vibration_path' value: ''
07-08 01:11:48.854   992  1282 I chatty  : uid=1000(system) HwBinder:992_2 expire 2 lines
07-08 01:11:49.540   992  1283 I chatty  : uid=1000(system) HwBinder:992_3 expire 29 lines
07-08 01:11:50.743   977   977 D audio_hw_primary: adev_get_parameters:somc.media_vibration_path
07-08 01:11:50.743   977   977 D soundtrigger: audio_extn_sound_trigger_get_parameters input string<somc.media_vibration_path=>
07-08 01:11:50.743   977   977 D soundtrigger: extract_sm_handle input string <somc.media_vibration_path=> param string <somc.media_vibration_path=>
07-08 01:11:50.743   977   977 D audio_hw_extn: audio_extn_fm_get_parameters: Enter
07-08 01:11:50.744   977   977 E audio_ext_hw_plugin: [ext_hw_plugin_get_parameters] received null pointer
07-08 01:11:50.744   977   977 D audio_hw_extn: audio_extn_get_parameters: returns 
07-08 01:11:50.744   977   977 D audio_hw_primary: adev_get_parameters: exit: returns - somc.media_vibration_path=0
07-08 01:11:50.744  1119 25800 I hash_map_utils: key: 'somc.media_vibration_path' value: ''
07-08 01:11:50.749   977   977 D audio_hw_primary: adev_get_parameters:somc.media_vibration_path
07-08 01:11:50.749   977   977 D soundtrigger: audio_extn_sound_trigger_get_parameters input string<somc.media_vibration_path=>
07-08 01:11:50.749   977   977 D soundtrigger: extract_sm_handle input string <somc.media_vibration_path=> param string <somc.media_vibration_path=>
07-08 01:11:50.749   977   977 D audio_hw_extn: audio_extn_fm_get_parameters: Enter
07-08 01:11:50.749   977   977 E audio_ext_hw_plugin: [ext_hw_plugin_get_parameters] received null pointer
07-08 01:11:50.749   977   977 D audio_hw_extn: audio_extn_get_parameters: returns 
07-08 01:11:50.749   977   977 D audio_hw_primary: adev_get_parameters: exit: returns - somc.media_vibration_path=0
07-08 01:11:50.749  1119 25800 I hash_map_utils: key: 'somc.media_vibration_path' value: ''
07-08 01:11:52.309 26221 26266 I chatty  : uid=10328(com.perfdog.app) Thread-2 expire 190 lines
07-08 01:11:52.331  1711  2001 E WifiScoringParams: Invalid frequency(-1), using 5G as default rssi array
07-08 01:11:52.754   977   977 D audio_hw_primary: adev_get_parameters:somc.media_vibration_path
