07-07 22:23:18.476   879   933 E NetlinkEvent: NetlinkEvent::FindParam(): Parameter 'UID' not found
07-07 22:23:18.952  1711  1772 I chatty  : uid=1000(system) batterystats-wo expire 42 lines
07-07 22:23:28.905  1711 16371 I chatty  : uid=1000(system) Binder:1711_1E expire 4 lines
07-07 22:23:49.319  1399  1399 I wificond: Pno scan started for frequencies: 2412, 2417, 2422, 2427, 2432, 2437, 2447, 2452, 2457, 2462, 5180, 5200, 5220, 5240, 5260, 5300, 5745, 5765, 5785, 5805, 
07-07 22:23:49.366  1711  2011 I chatty  : uid=1000(system) ConnectivitySer expire 33 lines
07-07 22:23:49.368   879   933 E NetlinkEvent: NetlinkEvent::FindParam(): Parameter 'INTERFACE' not found
07-07 22:23:49.368   879   933 E NetlinkEvent: NetlinkEvent::FindParam(): Parameter 'STATE' not found
07-07 22:23:49.368   879   933 E NetlinkEvent: NetlinkEvent::FindParam(): Parameter 'TIME_NS' not found
07-07 22:23:49.368   879   933 E NetlinkEvent: NetlinkEvent::FindParam(): Parameter 'UID' not found
07-07 22:23:50.041  1711  1752 I chatty  : uid=1000(system) ActivityManager expire 42 lines
07-07 22:23:54.314  1711  1772 I chatty  : uid=1000(system) batterystats-wo expire 14 lines
07-07 22:23:54.478  1711  1983 I chatty  : uid=1000(system) InputReader expire 1 line
07-07 22:23:54.510  1711  1817 I chatty  : uid=1000(system) PowerManagerSer expire 21 lines
07-07 22:23:54.528  1711  1741 I chatty  : uid=1000(system) android.display expire 15 lines
07-07 22:23:54.577  1711  1711 I chatty  : uid=1000(system) Binder:1711_3 expire 8 lines
07-07 22:23:54.581  1399  1399 I wificond: Pno scan stopped
07-07 22:23:54.774  1711  1738 I chatty  : uid=1000(system) android.fg expire 3 lines
07-07 22:23:54.817  1711  2387 I chatty  : uid=1000(system) Binder:1711_A expire 1 line
07-07 22:23:54.967  1711 10977 I chatty  : uid=1000(system) Binder:1711_19 expire 2 lines
07-07 22:23:55.746  1399  1399 W wificond: Scan aborted
07-07 22:23:55.812  1711  2001 I chatty  : uid=1000(system) WifiHandlerThre expire 1 line
07-07 22:23:55.818  1711 19201 I chatty  : uid=1000(system) Binder:1711_1F expire 1 line
07-07 22:23:56.251  1711 12530 I chatty  : uid=1000(system) Binder:1711_1A expire 14 lines
07-07 22:23:56.277   879   933 E NetlinkEvent: NetlinkEvent::FindParam(): Parameter 'INTERFACE' not found
07-07 22:23:56.277   879   933 E NetlinkEvent: NetlinkEvent::FindParam(): Parameter 'STATE' not found
07-07 22:23:56.277   879   933 E NetlinkEvent: NetlinkEvent::FindParam(): Parameter 'TIME_NS' not found
07-07 22:23:56.277   879   933 E NetlinkEvent: NetlinkEvent::FindParam(): Parameter 'UID' not found
07-07 22:23:56.550  1711  4415 I chatty  : uid=1000(system) Binder:1711_14 expire 7 lines
07-07 22:23:56.620  1711  7648 I chatty  : uid=1000(system) Binder:1711_16 expire 4 lines
07-07 22:23:56.635  1711  1753 I chatty  : uid=1000(system) ActivityManager expire 4 lines
07-07 22:23:56.763  1711  2380 I chatty  : uid=1000(system) Binder:1711_8 expire 1 line
07-07 22:23:57.271  1711  3069 I chatty  : uid=1000(system) Binder:1711_E expire 11 lines
07-07 22:23:57.304  2598 16000 W ContextImpl: Calling a method in the system process without a qualified user: android.app.ContextImpl.sendBroadcast:1111 android.content.ContextWrapper.sendBroadcast:468 com.sonymobile.xperiaxloops.BroadCastListener$1.onForegroundActivitiesChanged:133 android.app.IProcessObserver$Stub.onTransact:100 android.os.Binder.execTransactInternal:1159 
07-07 22:23:57.429 18813 18850 E ActivityThread: Failed to find provider info for com.sonymobile.indeviceintelligence.idiprovider
07-07 22:23:57.788  1711  9439 I chatty  : uid=1000(system) Binder:1711_17 expire 11 lines
07-07 22:23:58.136  1711  3668 I chatty  : uid=1000(system) Binder:1711_11 expire 9 lines
07-07 22:23:58.326  1711 20427 I chatty  : uid=1000(system) Binder:1711_21 expire 3 lines
07-07 22:23:58.340  2598  2598 W ContextImpl: Calling a method in the system process without a qualified user: android.app.ContextImpl.sendBroadcast:1111 android.content.ContextWrapper.sendBroadcast:468 com.sonymobile.xperiaxloops.XperiaXLoopsController.removeLoopsView:513 com.sonymobile.xperiaxloops.XperiaXLoopsController$5.run:646 android.os.Handler.handleCallback:938 
07-07 22:23:59.804  1711  2103 I chatty  : uid=1000(system) SyncManager expire 1 line
07-07 22:24:03.089  1711  3797 I chatty  : uid=1000(system) Binder:1711_12 expire 7 lines
07-07 22:24:03.094  1711  2938 I chatty  : uid=1000(system) Binder:1711_B expire 2 lines
07-07 22:24:14.512  1711  1957 I chatty  : uid=1000(system) SensorService expire 21 lines
07-07 22:24:18.315  1711 19333 I chatty  : uid=1000(system) Binder:1711_20 expire 1 line
07-07 22:24:36.835  1711  1730 I chatty  : uid=1000(system) Binder:1711_2 expire 1 line
07-07 22:24:45.395  1711  7590 I chatty  : uid=1000(system) Binder:1711_15 expire 24 lines
07-07 22:24:49.276  1711  4415 I chatty  : uid=1000(system) Binder:1711_14 expire 13 lines
07-07 22:24:50.457  1711  3797 I chatty  : uid=1000(system) Binder:1711_12 expire 21 lines
07-07 22:24:51.360  1711 19333 I chatty  : uid=1000(system) Binder:1711_20 expire 7 lines
07-07 22:24:52.978  1711  2938 I chatty  : uid=1000(system) Binder:1711_B expire 2 lines
07-07 22:24:58.073  1711  7648 I chatty  : uid=1000(system) Binder:1711_16 expire 26 lines
07-07 22:25:00.546  1711  1957 I chatty  : uid=1000(system) SensorService expire 28 lines
07-07 22:25:00.551  3951 26406 E ActivityThread: Failed to find provider info for com.sonymobile.providers.framework.extension
07-07 22:25:00.554  1711 12530 I chatty  : uid=1000(system) Binder:1711_1A expire 4 lines
07-07 22:25:00.563  1711  1751 I chatty  : uid=1000(system) android.bg expire 1 line
07-07 22:25:00.564  1711  1752 I chatty  : uid=1000(system) ActivityManager expire 2 lines
07-07 22:25:00.567  1711  1730 I chatty  : uid=1000(system) Binder:1711_2 expire 1 line
07-07 22:25:00.568  1711 14840 I chatty  : uid=1000(system) Binder:1711_1B expire 3 lines
07-07 22:25:00.603  1711  3797 I chatty  : uid=1000(system) Binder:1711_12 expire 1 line
07-07 22:25:00.651  1711  1913 I chatty  : uid=1000(system) Binder:1711_4 expire 18 lines
07-07 22:25:00.652  1711 20427 I chatty  : uid=1000(system) Binder:1711_21 expire 3 lines
07-07 22:25:00.652  1711  2011 I chatty  : uid=1000(system) ConnectivitySer expire 8 lines
07-07 22:25:00.653  1711  1729 I chatty  : uid=1000(system) Binder:1711_1 expire 13 lines
07-07 22:25:00.654  1711  1741 I chatty  : uid=1000(system) android.display expire 11 lines
07-07 22:25:10.747  1711  2037 I chatty  : uid=1000(system) Binder:1711_5 expire 8 lines
07-07 22:25:15.817  1711  7590 I chatty  : uid=1000(system) Binder:1711_15 expire 11 lines
07-07 22:25:23.862  1711  2387 I chatty  : uid=1000(system) Binder:1711_A expire 13 lines
07-07 22:25:30.380  1711  1817 I chatty  : uid=1000(system) PowerManagerSer expire 4 lines
07-07 22:25:34.044  1711  1772 I chatty  : uid=1000(system) batterystats-wo expire 14 lines
07-07 22:25:39.799   879   933 E NetlinkEvent: NetlinkEvent::FindParam(): Parameter 'INTERFACE' not found
07-07 22:25:39.799   879   933 E NetlinkEvent: NetlinkEvent::FindParam(): Parameter 'STATE' not found
07-07 22:25:39.799   879   933 E NetlinkEvent: NetlinkEvent::FindParam(): Parameter 'TIME_NS' not found
07-07 22:25:39.799   879   933 E NetlinkEvent: NetlinkEvent::FindParam(): Parameter 'UID' not found
07-07 22:25:39.947  1711  2953 I chatty  : uid=1000(system) Binder:1711_C expire 1 line
07-07 22:25:40.444  1711  3667 I chatty  : uid=1000(system) Binder:1711_10 expire 11 lines
07-07 22:25:40.445  1711  1753 I chatty  : uid=1000(system) ActivityManager expire 2 lines
07-07 22:25:40.538  1711  1957 I chatty  : uid=1000(system) SensorService expire 2 lines
07-07 22:25:40.872  1711  1913 I chatty  : uid=1000(system) Binder:1711_4 expire 13 lines
07-07 22:25:41.910  1711  2387 I chatty  : uid=1000(system) Binder:1711_A expire 2 lines
07-07 22:25:41.917  1711  2042 I chatty  : uid=1000(system) Binder:1711_6 expire 9 lines
07-07 22:25:43.065  1711 10824 I chatty  : uid=1000(system) Binder:1711_18 expire 2 lines
07-07 22:25:43.923  1711  1741 I chatty  : uid=1000(system) android.display expire 24 lines
07-07 22:25:43.975  1711  7590 I chatty  : uid=1000(system) Binder:1711_15 expire 2 lines
07-07 22:25:44.044  1711  1729 I chatty  : uid=1000(system) Binder:1711_1 expire 3 lines
07-07 22:25:44.044  1711  2011 I chatty  : uid=1000(system) ConnectivitySer expire 21 lines
07-07 22:25:44.580  1711  1957 I chatty  : uid=1000(system) SensorService expire 1 line
07-07 22:25:45.529  1711 14840 I chatty  : uid=1000(system) Binder:1711_1B expire 18 lines
07-07 22:25:45.550  1711  3667 I chatty  : uid=1000(system) Binder:1711_10 expire 14 lines
07-07 22:25:45.550  1711  1753 I chatty  : uid=1000(system) ActivityManager expire 15 lines
07-07 22:25:47.425  1711  4415 I chatty  : uid=1000(system) Binder:1711_14 expire 7 lines
07-07 22:25:47.774  1711  2387 I chatty  : uid=1000(system) Binder:1711_A expire 3 lines
07-07 22:25:47.934  1711  1752 I chatty  : uid=1000(system) ActivityManager expire 3 lines
07-07 22:25:47.977  1711  7648 I chatty  : uid=1000(system) Binder:1711_16 expire 6 lines
07-07 22:25:48.291 27039 27138 E ActivityThread: Failed to find provider info for com.huawei.appmarket.commondata
07-07 22:25:48.799   879   933 E NetlinkEvent: NetlinkEvent::FindParam(): Parameter 'INTERFACE' not found
07-07 22:25:48.799   879   933 E NetlinkEvent: NetlinkEvent::FindParam(): Parameter 'STATE' not found
07-07 22:25:48.799   879   933 E NetlinkEvent: NetlinkEvent::FindParam(): Parameter 'TIME_NS' not found
07-07 22:25:48.799   879   933 E NetlinkEvent: NetlinkEvent::FindParam(): Parameter 'UID' not found
07-07 22:25:48.800 27039 27223 E ActivityThread: Failed to find provider info for com.huawei.appmarket.commondata
07-07 22:25:48.939  1711  3797 I chatty  : uid=1000(system) Binder:1711_12 expire 1 line
07-07 22:25:49.124 27039 27269 E ActivityThread: Failed to find provider info for com.huawei.appmarket.commondata
07-07 22:25:49.224  1711  3069 I chatty  : uid=1000(system) Binder:1711_E expire 2 lines
07-07 22:25:50.447  1711  2367 I chatty  : uid=1000(system) Binder:1711_7 expire 13 lines
07-07 22:25:51.491  2598 25212 W ContextImpl: Calling a method in the system process without a qualified user: android.app.ContextImpl.sendBroadcast:1111 android.content.ContextWrapper.sendBroadcast:468 com.sonymobile.xperiaxloops.XperiaXLoopsService$2$1.binderDied:124 android.os.IBinder$DeathRecipient.binderDied:305 android.os.BinderProxy.sendDeathNotice:654 
07-07 22:25:52.428  1711  1983 I chatty  : uid=1000(system) InputReader expire 2 lines
07-07 22:25:52.469  1711  1711 I chatty  : uid=1000(system) Binder:1711_3 expire 19 lines
07-07 22:25:52.896  1711  1817 I chatty  : uid=1000(system) PowerManagerSer expire 14 lines
07-07 22:25:52.938  1711  1772 I chatty  : uid=1000(system) batterystats-wo expire 28 lines
07-07 22:25:52.961  1711 19333 I chatty  : uid=1000(system) Binder:1711_20 expire 15 lines
07-07 22:25:53.287  1711  1738 I chatty  : uid=1000(system) android.fg expire 4 lines
07-07 22:25:53.593  1711 12530 I chatty  : uid=1000(system) Binder:1711_1A expire 4 lines
07-07 22:25:53.641  1711  3120 I chatty  : uid=1000(system) Binder:1711_F expire 6 lines
07-07 22:25:53.720  1711 20427 I chatty  : uid=1000(system) Binder:1711_21 expire 3 lines
07-07 22:25:53.856  1711  9439 I chatty  : uid=1000(system) Binder:1711_17 expire 7 lines
07-07 22:25:53.999  1711 19201 I chatty  : uid=1000(system) Binder:1711_1F expire 3 lines
07-07 22:25:54.006  1711 16291 I chatty  : uid=1000(system) Binder:1711_1D expire 2 lines
07-07 22:25:54.024  1711  4201 I chatty  : uid=1000(system) Binder:1711_13 expire 2 lines
07-07 22:25:54.074  1711  1751 I chatty  : uid=1000(system) android.bg expire 2 lines
07-07 22:25:54.454  1711 19333 I chatty  : uid=1000(system) Binder:1711_20 expire 7 lines
07-07 22:25:54.454  1711  2387 I chatty  : uid=1000(system) Binder:1711_A expire 8 lines
07-07 22:25:54.455  1711 12530 I chatty  : uid=1000(system) Binder:1711_1A expire 5 lines
07-07 22:25:54.455  1711  2011 I chatty  : uid=1000(system) ConnectivitySer expire 12 lines
07-07 22:25:54.834  1711  1752 I chatty  : uid=1000(system) ActivityManager expire 10 lines
07-07 22:25:54.839  1711  7590 I chatty  : uid=1000(system) Binder:1711_15 expire 3 lines
07-07 22:25:54.877  1711  7648 I chatty  : uid=1000(system) Binder:1711_16 expire 13 lines
07-07 22:25:54.945  1711  3068 I chatty  : uid=1000(system) Binder:1711_D expire 3 lines
07-07 22:25:54.946  1711  1741 I chatty  : uid=1000(system) android.display expire 21 lines
07-07 22:25:54.957  1711  3797 I chatty  : uid=1000(system) Binder:1711_12 expire 24 lines
07-07 22:25:55.025  1711  1913 I chatty  : uid=1000(system) Binder:1711_4 expire 17 lines
07-07 22:25:55.092  1711  1730 I chatty  : uid=1000(system) Binder:1711_2 expire 4 lines
07-07 22:25:55.398  1711  1772 I chatty  : uid=1000(system) batterystats-wo expire 41 lines
07-07 22:25:55.694  1711 15214 I chatty  : uid=1000(system) Binder:1711_1C expire 9 lines
07-07 22:25:55.857  1711  3120 I chatty  : uid=1000(system) Binder:1711_F expire 4 lines
07-07 22:25:55.894  1711  2953 I chatty  : uid=1000(system) Binder:1711_C expire 11 lines
07-07 22:25:55.914  1711 20427 I chatty  : uid=1000(system) Binder:1711_21 expire 8 lines
07-07 22:25:55.914  1711 16291 I chatty  : uid=1000(system) Binder:1711_1D expire 1 line
07-07 22:25:55.920  1711  2380 I chatty  : uid=1000(system) Binder:1711_8 expire 17 lines
07-07 22:25:56.383  1711  4415 I chatty  : uid=1000(system) Binder:1711_14 expire 6 lines
07-07 22:25:56.384  1711  1753 I chatty  : uid=1000(system) ActivityManager expire 10 lines
07-07 22:25:56.922  1711  1817 I chatty  : uid=1000(system) PowerManagerSer expire 7 lines
07-07 22:25:57.095  1711  1711 I chatty  : uid=1000(system) Binder:1711_3 expire 4 lines
07-07 22:25:57.126  2598 25212 W ContextImpl: Calling a method in the system process without a qualified user: android.app.ContextImpl.sendBroadcast:1111 android.content.ContextWrapper.sendBroadcast:468 com.sonymobile.xperiaxloops.BroadCastListener$1.onForegroundActivitiesChanged:133 android.app.IProcessObserver$Stub.onTransact:100 android.os.Binder.execTransactInternal:1159 
07-07 22:25:57.734  1711  1738 I chatty  : uid=1000(system) android.fg expire 1 line
07-07 22:25:57.755  1711  2382 I chatty  : uid=1000(system) Binder:1711_9 expire 4 lines
07-07 22:26:00.886 27858 27858 E ActivityThread: Failed to find provider info for com.tencent.mm.coolassist.debugprovider
07-07 22:26:02.406  1711  1772 I chatty  : uid=1000(system) batterystats-wo expire 21 lines
07-07 22:26:02.967  1711  2953 I chatty  : uid=1000(system) Binder:1711_C expire 3 lines
07-07 22:26:04.597 27966 27966 E ActivityThread: Failed to find provider info for com.tencent.mm.coolassist.debugprovider
07-07 22:26:05.843 27966 28095 W FileUtils: Failed to chmod(/data/user/0/com.tencent.mobileqq/app_tbs): android.system.ErrnoException: chmod failed: EACCES (Permission denied)
07-07 22:26:05.843 27966 28095 W FileUtils: Failed to chmod(/data/user/0/com.tencent.mobileqq/app_tbs_common_share): android.system.ErrnoException: chmod failed: EACCES (Permission denied)
07-07 22:26:06.072  1711 10977 I chatty  : uid=1000(system) Binder:1711_19 expire 7 lines
07-07 22:26:06.072  1711  1753 I chatty  : uid=1000(system) ActivityManager expire 10 lines
07-07 22:26:08.510  1711 16371 I chatty  : uid=1000(system) Binder:1711_1E expire 4 lines
07-07 22:26:08.510  1711  2011 I chatty  : uid=1000(system) ConnectivitySer expire 12 lines
07-07 22:26:08.511  1711  3120 I chatty  : uid=1000(system) Binder:1711_F expire 1 line
07-07 22:26:08.511  1711  2367 I chatty  : uid=1000(system) Binder:1711_7 expire 3 lines
07-07 22:26:08.513  1711 16291 I chatty  : uid=1000(system) Binder:1711_1D expire 6 lines
07-07 22:26:08.516  1711  1741 I chatty  : uid=1000(system) android.display expire 3 lines
07-07 22:26:09.449  1711 19201 I chatty  : uid=1000(system) Binder:1711_1F expire 7 lines
07-07 22:26:09.449  1711  3667 I chatty  : uid=1000(system) Binder:1711_10 expire 1 line
07-07 22:26:10.457  1711  1752 I chatty  : uid=1000(system) ActivityManager expire 13 lines
07-07 22:26:10.520  1711  2387 I chatty  : uid=1000(system) Binder:1711_A expire 6 lines
07-07 22:26:13.679 28250 28250 E ActivityThread: Failed to find provider info for com.tencent.mm.coolassist.debugprovider
07-07 22:26:15.488  1711  1772 I chatty  : uid=1000(system) batterystats-wo expire 30 lines
07-07 22:26:48.654  1399  1399 I wificond: Pno scan started for frequencies: 2412, 2417, 2422, 2427, 2432, 2437, 2447, 2452, 2457, 2462, 5180, 5200, 5220, 5240, 5260, 5320, 5745, 5765, 5785, 5805, 
07-07 22:26:48.674   879   933 E NetlinkEvent: NetlinkEvent::FindParam(): Parameter 'INTERFACE' not found
07-07 22:26:48.674   879   933 E NetlinkEvent: NetlinkEvent::FindParam(): Parameter 'STATE' not found
07-07 22:26:48.674   879   933 E NetlinkEvent: NetlinkEvent::FindParam(): Parameter 'TIME_NS' not found
07-07 22:26:48.674   879   933 E NetlinkEvent: NetlinkEvent::FindParam(): Parameter 'UID' not found
07-07 22:26:48.730  1711  3668 I chatty  : uid=1000(system) Binder:1711_11 expire 1 line
07-07 22:26:50.059  1711  1772 I chatty  : uid=1000(system) batterystats-wo expire 60 lines
07-07 22:26:58.655  1711  2037 I chatty  : uid=1000(system) Binder:1711_5 expire 4 lines
07-07 22:26:58.794  3951 28651 E ActivityThread: Failed to find provider info for com.sonymobile.providers.framework.extension
07-07 22:26:58.805  1711  1751 I chatty  : uid=1000(system) android.bg expire 2 lines
07-07 22:26:58.811  1711  4415 I chatty  : uid=1000(system) Binder:1711_14 expire 1 line
07-07 22:26:58.812  1711 20427 I chatty  : uid=1000(system) Binder:1711_21 expire 3 lines
07-07 22:27:10.185  1711 15214 I chatty  : uid=1000(system) Binder:1711_1C expire 2 lines
07-07 22:27:55.963  1711  1817 I chatty  : uid=1000(system) PowerManagerSer expire 6 lines
07-07 22:27:56.632  1711  2011 I chatty  : uid=1000(system) ConnectivitySer expire 6 lines
07-07 22:27:56.818  1711  1729 I chatty  : uid=1000(system) Binder:1711_1 expire 2 lines
07-07 22:27:59.248  1399  1399 I wificond: Unexpected empty scan result!
07-07 22:28:01.031  1711  1772 I chatty  : uid=1000(system) batterystats-wo expire 45 lines
07-07 22:28:15.044  1711  1752 I chatty  : uid=1000(system) ActivityManager expire 4 lines
07-07 22:28:15.048  1711  2011 I chatty  : uid=1000(system) ConnectivitySer expire 1 line
07-07 22:28:17.973  1711  1772 I chatty  : uid=1000(system) batterystats-wo expire 135 lines
07-07 22:28:25.548  1711  2953 I chatty  : uid=1000(system) Binder:1711_C expire 15 lines
07-07 22:28:47.310  1711  4201 I chatty  : uid=1000(system) Binder:1711_13 expire 6 lines
07-07 22:29:06.295  1711  1729 I chatty  : uid=1000(system) Binder:1711_1 expire 2 lines
07-07 22:29:12.275  1711 16371 I chatty  : uid=1000(system) Binder:1711_1E expire 8 lines
07-07 22:30:32.221  1711  1753 I chatty  : uid=1000(system) ActivityManager expire 4 lines
07-07 22:30:32.843 28850 28850 W FileUtils: Failed to chmod(/data/user/0/com.tencent.mm/app_tbs_64): android.system.ErrnoException: chmod failed: EACCES (Permission denied)
07-07 22:30:32.856 28850 28850 W FileUtils: Failed to chmod(/data/user/0/com.tencent.mobileqq/app_tbs_64): android.system.ErrnoException: chmod failed: EACCES (Permission denied)
07-07 22:30:32.862 28850 28850 W FileUtils: Failed to chmod(/data/user/0/com.tencent.mm/app_tbs_64): android.system.ErrnoException: chmod failed: EACCES (Permission denied)
07-07 22:30:32.863 28850 28850 W FileUtils: Failed to chmod(/data/user/0/com.tencent.mobileqq/app_tbs_64): android.system.ErrnoException: chmod failed: EACCES (Permission denied)
07-07 22:30:33.206  1711 10977 I chatty  : uid=1000(system) Binder:1711_19 expire 4 lines
07-07 22:30:50.024  1711  1772 I chatty  : uid=1000(system) batterystats-wo expire 286 lines
07-07 22:32:06.707  1711 16371 I chatty  : uid=1000(system) Binder:1711_1E expire 21 lines
07-07 22:32:16.828  1711 10977 I chatty  : uid=1000(system) Binder:1711_19 expire 13 lines
07-07 22:32:28.383  1711  1729 I chatty  : uid=1000(system) Binder:1711_1 expire 11 lines
07-07 22:33:59.849  1711  2382 I chatty  : uid=1000(system) Binder:1711_9 expire 1 line
07-07 22:35:15.429  1711  2103 I chatty  : uid=1000(system) SyncManager expire 1 line
07-07 22:35:15.431  1711  1752 I chatty  : uid=1000(system) ActivityManager expire 4 lines
07-07 22:36:10.318  1711  4201 I chatty  : uid=1000(system) Binder:1711_13 expire 1 line
07-07 22:36:41.900  1711  1711 I chatty  : uid=1000(system) Binder:1711_3 expire 13 lines
07-07 22:36:44.374  1711  4201 I chatty  : uid=1000(system) Binder:1711_13 expire 4 lines
07-07 22:36:49.132  1711  1983 I chatty  : uid=1000(system) InputReader expire 3 lines
07-07 22:36:49.149  1711  1817 I chatty  : uid=1000(system) PowerManagerSer expire 27 lines
07-07 22:36:49.173  1711  1772 I chatty  : uid=1000(system) batterystats-wo expire 45 lines
07-07 22:36:49.215  1711  1741 I chatty  : uid=1000(system) android.display expire 16 lines
07-07 22:36:49.249  1399  1399 I wificond: Pno scan stopped
07-07 22:36:49.449  1711  1738 I chatty  : uid=1000(system) android.fg expire 7 lines
07-07 22:36:49.468  1711  2367 I chatty  : uid=1000(system) Binder:1711_7 expire 1 line
07-07 22:36:49.622  1711  2011 I chatty  : uid=1000(system) ConnectivitySer expire 4 lines
07-07 22:36:50.679  1711 20427 I chatty  : uid=1000(system) Binder:1711_21 expire 7 lines
07-07 22:36:51.048  1711  1729 I chatty  : uid=1000(system) Binder:1711_1 expire 7 lines
07-07 22:36:51.069  1711  1753 I chatty  : uid=1000(system) ActivityManager expire 5 lines
07-07 22:36:51.161  1711  1752 I chatty  : uid=1000(system) ActivityManager expire 16 lines
07-07 22:36:51.334  1711  2382 I chatty  : uid=1000(system) Binder:1711_9 expire 12 lines
07-07 22:36:51.697  1711 14840 I chatty  : uid=1000(system) Binder:1711_1B expire 6 lines
07-07 22:36:51.728  1711  2953 I chatty  : uid=1000(system) Binder:1711_C expire 4 lines
07-07 22:36:51.761  2598 16000 W ContextImpl: Calling a method in the system process without a qualified user: android.app.ContextImpl.sendBroadcast:1111 android.content.ContextWrapper.sendBroadcast:468 com.sonymobile.xperiaxloops.BroadCastListener$1.onForegroundActivitiesChanged:133 android.app.IProcessObserver$Stub.onTransact:100 android.os.Binder.execTransactInternal:1159 
07-07 22:36:52.232  1711 15214 I chatty  : uid=1000(system) Binder:1711_1C expire 22 lines
07-07 22:36:52.789  2598  2598 W ContextImpl: Calling a method in the system process without a qualified user: android.app.ContextImpl.sendBroadcast:1111 android.content.ContextWrapper.sendBroadcast:468 com.sonymobile.xperiaxloops.XperiaXLoopsController.removeLoopsView:513 com.sonymobile.xperiaxloops.XperiaXLoopsController$5.run:646 android.os.Handler.handleCallback:938 
07-07 22:36:55.834  1711 16371 I chatty  : uid=1000(system) Binder:1711_1E expire 2 lines
07-07 22:36:57.325  1711  1711 I chatty  : uid=1000(system) Binder:1711_3 expire 11 lines
07-07 22:36:58.227  1399  1399 I wificond: Pno scan started for frequencies: 2412, 2417, 2422, 2427, 2432, 2437, 2447, 2452, 2457, 2462, 5180, 5200, 5220, 5240, 5260, 5320, 5745, 5765, 5785, 5805, 
07-07 22:36:58.466  1711  3120 I chatty  : uid=1000(system) Binder:1711_F expire 4 lines
07-07 22:36:58.470  1711  3668 I chatty  : uid=1000(system) Binder:1711_11 expire 3 lines
07-07 22:36:58.505  1711  1730 I chatty  : uid=1000(system) Binder:1711_2 expire 6 lines
07-07 22:36:58.646  1711  2037 I chatty  : uid=1000(system) Binder:1711_5 expire 7 lines
07-07 22:36:58.654  1711  3069 I chatty  : uid=1000(system) Binder:1711_E expire 13 lines
07-07 22:36:58.688  1711  3068 I chatty  : uid=1000(system) Binder:1711_D expire 7 lines
07-07 22:36:58.769  1399  1399 I wificond: Pno scan stopped
07-07 22:36:58.971  1711 16291 I chatty  : uid=1000(system) Binder:1711_1D expire 6 lines
07-07 22:36:59.213  1711  1751 I chatty  : uid=1000(system) android.bg expire 2 lines
07-07 22:36:59.227  1711  3069 I chatty  : uid=1000(system) Binder:1711_E expire 1 line
07-07 22:36:59.232  1711 15214 I chatty  : uid=1000(system) Binder:1711_1C expire 4 lines
07-07 22:36:59.233  1711  9439 I chatty  : uid=1000(system) Binder:1711_17 expire 6 lines
07-07 22:36:59.236  1711 10977 I chatty  : uid=1000(system) Binder:1711_19 expire 13 lines
07-07 22:36:59.341  1711  3668 I chatty  : uid=1000(system) Binder:1711_11 expire 6 lines
07-07 22:36:59.372  1711  7648 I chatty  : uid=1000(system) Binder:1711_16 expire 2 lines
07-07 22:36:59.373  1711  2011 I chatty  : uid=1000(system) ConnectivitySer expire 4 lines
07-07 22:36:59.373  1711 16291 I chatty  : uid=1000(system) Binder:1711_1D expire 9 lines
07-07 22:36:59.375  1711 20427 I chatty  : uid=1000(system) Binder:1711_21 expire 10 lines
07-07 22:36:59.389  1711  1741 I chatty  : uid=1000(system) android.display expire 8 lines
07-07 22:36:59.427  1711 16371 I chatty  : uid=1000(system) Binder:1711_1E expire 7 lines
07-07 22:36:59.454  1711  1730 I chatty  : uid=1000(system) Binder:1711_2 expire 4 lines
07-07 22:37:00.309  1711  1817 I chatty  : uid=1000(system) PowerManagerSer expire 7 lines
07-07 22:37:00.361  1711  1711 I chatty  : uid=1000(system) Binder:1711_3 expire 5 lines
07-07 22:37:00.471  1711 19201 I chatty  : uid=1000(system) Binder:1711_1F expire 10 lines
07-07 22:37:00.743  1711  1772 I chatty  : uid=1000(system) batterystats-wo expire 75 lines
07-07 22:37:01.084  1711  1738 I chatty  : uid=1000(system) android.fg expire 1 line
07-07 22:37:01.195  1399  1399 I wificond: Pno scan started for frequencies: 2412, 2417, 2422, 2427, 2432, 2437, 2447, 2452, 2457, 2462, 5180, 5200, 5220, 5240, 5260, 5320, 5745, 5765, 5785, 5805, 
07-07 22:37:01.273  2598 16000 W ContextImpl: Calling a method in the system process without a qualified user: android.app.ContextImpl.sendBroadcast:1111 android.content.ContextWrapper.sendBroadcast:468 com.sonymobile.xperiaxloops.BroadCastListener$1.onForegroundActivitiesChanged:133 android.app.IProcessObserver$Stub.onTransact:100 android.os.Binder.execTransactInternal:1159 
07-07 22:37:01.614  1711  1753 I chatty  : uid=1000(system) ActivityManager expire 6 lines
07-07 22:37:10.733  1711  1752 I chatty  : uid=1000(system) ActivityManager expire 2 lines
07-07 22:38:05.242  3951 29518 E ActivityThread: Failed to find provider info for com.sonymobile.providers.framework.extension
07-07 22:38:09.978  1711  1772 I chatty  : uid=1000(system) batterystats-wo expire 72 lines
07-07 22:38:28.185  1711  2953 I chatty  : uid=1000(system) Binder:1711_C expire 16 lines
07-07 22:40:09.268  1711  1772 I chatty  : uid=1000(system) batterystats-wo expire 213 lines
07-07 22:40:10.988  1711 16291 I chatty  : uid=1000(system) Binder:1711_1D expire 12 lines
07-07 22:40:14.445  1711  3069 I chatty  : uid=1000(system) Binder:1711_E expire 3 lines
07-07 22:40:25.311  1711 10977 I chatty  : uid=1000(system) Binder:1711_19 expire 8 lines
07-07 22:43:10.087  1711 16371 I chatty  : uid=1000(system) Binder:1711_1E expire 9 lines
07-07 22:43:48.294  1711 19201 I chatty  : uid=1000(system) Binder:1711_1F expire 9 lines
07-07 22:45:16.285  1711 16291 I chatty  : uid=1000(system) Binder:1711_1D expire 9 lines
07-07 22:45:34.276  1711  3069 I chatty  : uid=1000(system) Binder:1711_E expire 1 line
07-07 22:45:40.287  1711 16371 I chatty  : uid=1000(system) Binder:1711_1E expire 10 lines
07-07 22:45:56.255  1711 10977 I chatty  : uid=1000(system) Binder:1711_19 expire 9 lines
07-07 22:45:58.316  1711  1772 I chatty  : uid=1000(system) batterystats-wo expire 135 lines
07-07 22:47:31.319  1711  2953 I chatty  : uid=1000(system) Binder:1711_C expire 11 lines
07-07 22:49:43.453  1711  1817 I chatty  : uid=1000(system) PowerManagerSer expire 23 lines
07-07 22:49:43.514  1711  1741 I chatty  : uid=1000(system) android.display expire 6 lines
07-07 22:49:44.378  3951 29846 E ActivityThread: Failed to find provider info for com.sonymobile.providers.framework.extension
07-07 22:49:45.072  1711  1772 I chatty  : uid=1000(system) batterystats-wo expire 38 lines
07-07 22:49:46.620  1711  3668 I chatty  : uid=1000(system) Binder:1711_11 expire 1 line
07-07 22:49:46.671  1399  1399 I wificond: Pno scan stopped
07-07 22:49:46.749  1711  1711 I chatty  : uid=1000(system) Binder:1711_3 expire 2 lines
07-07 22:49:46.837  1711  1738 I chatty  : uid=1000(system) android.fg expire 3 lines
07-07 22:49:47.076  1711  2011 I chatty  : uid=1000(system) ConnectivitySer expire 1 line
07-07 22:49:52.033  1711  2953 I chatty  : uid=1000(system) Binder:1711_C expire 9 lines
07-07 22:49:57.122  1711  1772 I chatty  : uid=1000(system) batterystats-wo expire 97 lines
07-07 22:49:57.166  1711  1817 I chatty  : uid=1000(system) PowerManagerSer expire 15 lines
07-07 22:49:57.167  1711  1741 I chatty  : uid=1000(system) android.display expire 8 lines
07-07 22:49:57.481  1711  1738 I chatty  : uid=1000(system) android.fg expire 1 line
07-07 22:49:57.564  1711  1711 I chatty  : uid=1000(system) Binder:1711_3 expire 10 lines
07-07 22:49:57.564  1399  1399 I wificond: Pno scan started for frequencies: 2412, 2417, 2422, 2427, 2432, 2437, 2447, 2452, 2457, 2462, 5180, 5200, 5220, 5240, 5260, 5320, 5745, 5765, 5785, 5805, 
07-07 22:50:00.967  1711  3668 I chatty  : uid=1000(system) Binder:1711_11 expire 1 line
07-07 22:50:00.976  1711 20427 I chatty  : uid=1000(system) Binder:1711_21 expire 10 lines
07-07 22:50:21.688  1711 16291 I chatty  : uid=1000(system) Binder:1711_1D expire 4 lines
07-07 22:50:27.307  1711 16371 I chatty  : uid=1000(system) Binder:1711_1E expire 15 lines
07-07 22:50:51.302  1711  3069 I chatty  : uid=1000(system) Binder:1711_E expire 6 lines
07-07 22:51:30.236  1711  1977 I chatty  : uid=1000(system) AlarmManager expire 1 line
07-07 22:51:30.248  3951 29949 E ActivityThread: Failed to find provider info for com.sonymobile.providers.framework.extension
07-07 22:52:18.217  1711  1772 I chatty  : uid=1000(system) batterystats-wo expire 75 lines
07-07 22:52:49.264  1711 19201 I chatty  : uid=1000(system) Binder:1711_1F expire 2 lines
07-07 22:52:55.266  1711  9439 I chatty  : uid=1000(system) Binder:1711_17 expire 13 lines
07-07 22:54:05.242  1599  1599 E TLOC    : [TLOCChannel]"Can't receive message due to timeout"
07-07 22:54:05.247  1599  1599 I TLOC    : [ModemComm  ]"Request succeeded for gps engine lock"
07-07 22:54:05.247  1599  2416 I TLOC    : [Modem      ]"Sending location turned on status to the daemon"
07-07 22:54:05.247  1599  2416 D TLOC    : [TLOCChannel] "TLOCChannel is already initialized"
07-07 22:54:05.247  1599  1599 D TLOC    : [TLOCChannel] "Going to receive message for TLOCD"
07-07 22:54:05.247  1599  2416 D TLOC    : [TLOCChannel] "Going to send message to TLOCD"
07-07 22:54:05.247  1599  2416 D TLOC    : [TLOCChannel]" --- message(id:14, size:0) ---> TLOCD"
07-07 22:54:05.247  1599  1599 D TLOC    : [TLOCChannel]" TLOCD <--- message(id:14, size:0) ---"
07-07 22:54:05.247  1599  1599 I TLOC    : [TLOCDaemon ]"timeout passed - start periodic warm-up"
07-07 22:54:05.248  1599  1599 I TLOC    : [ModemComm  ]"Start a session successfully"
07-07 22:54:05.248  1599  1599 D TLOC    : [TLOCDaemon ]"The command finished successfully"
07-07 22:54:05.248  1599  1599 D TLOC    : [TLOCDaemon ]"waiting for command"
07-07 22:54:05.248  1599  1599 D TLOC    : [TLOCChannel] "Going to receive message for TLOCD"
07-07 22:54:05.248  1599  1599 D TLOC    : [TLOCChannel] "wait for message for user TLOCD"
07-07 22:54:09.032  1599  2416 I TLOC    : [Modem      ]"Received event indication of position report with status SUCCESS"
07-07 22:54:09.032  1599  2416 D TLOC    : [Modem      ] "*********** Position Report: ***********"
07-07 22:54:09.032  1599  2416 D TLOC    : [Modem      ] "	Latitude:	22.275125"
07-07 22:54:09.032  1599  2416 D TLOC    : [Modem      ] "	Longitude:	113.537313"
07-07 22:54:09.032  1599  2416 D TLOC    : [Modem      ] "	Accuracy:	11.893195"
07-07 22:54:09.032  1599  2416 D TLOC    : [Modem      ] "	Technology:	1"
07-07 22:54:09.032  1599  2416 D TLOC    : [Modem      ] "	Time:		1625669648000"
07-07 22:54:09.032  1599  2416 D TLOC    : [Modem      ] "	Altitude:	7.707330"
07-07 22:54:09.032  1599  2416 D TLOC    : [Modem      ] "	Bearing:	324.700012"
07-07 22:54:09.032  1599  2416 D TLOC    : [Modem      ] "	Speed:		0.270000"
07-07 22:54:09.032  1599  2416 D TLOC    : [Modem      ] "****************************************"
07-07 22:54:09.032  1599  2416 I TLOC    : [Modem      ]"Received location fix. Should close the session"
07-07 22:54:09.032  1599  2416 D TLOC    : [TLOCChannel] "TLOCChannel is already initialized"
07-07 22:54:09.032  1599  2416 D TLOC    : [TLOCChannel] "Going to send message to TLOCD"
07-07 22:54:09.033  1599  2416 D TLOC    : [TLOCChannel]" --- message(id:10, size:0) ---> TLOCD"
07-07 22:54:09.033  1599  1599 D TLOC    : [TLOCChannel]" TLOCD <--- message(id:10, size:0) ---"
07-07 22:54:09.033  1599  1599 I TLOC    : [TLOCDaemon ]"WarmUp ended"
07-07 22:54:09.034  1599  1599 I TLOC    : [ModemComm  ]"Stopped the session successfully"
07-07 22:54:09.034  1599  1599 D TLOC    : [TLOCDaemon ]"The command finished successfully"
07-07 22:54:09.034  1599  1599 D TLOC    : [TLOCDaemon ]"waiting for command"
07-07 22:54:09.034  1599  1599 D TLOC    : [TLOCChannel] "Going to receive message for TLOCD"
07-07 22:54:09.034  1599  1599 D TLOC    : [TLOCChannel] "wait for message for user TLOCD"
07-07 22:54:10.144  1711  1772 I chatty  : uid=1000(system) batterystats-wo expire 187 lines
07-07 22:54:10.296  1711 16291 I chatty  : uid=1000(system) Binder:1711_1D expire 6 lines
07-07 22:54:16.277  1711 19201 I chatty  : uid=1000(system) Binder:1711_1F expire 4 lines
07-07 22:55:12.448  1711  1753 I chatty  : uid=1000(system) ActivityManager expire 2 lines
07-07 22:55:12.500  1711  2953 I chatty  : uid=1000(system) Binder:1711_C expire 18 lines
07-07 22:55:19.269  1711 15214 I chatty  : uid=1000(system) Binder:1711_1C expire 4 lines
07-07 22:56:00.390  1711  1730 I chatty  : uid=1000(system) Binder:1711_2 expire 17 lines
07-07 22:56:27.462  1711  2103 I chatty  : uid=1000(system) SyncManager expire 1 line
07-07 22:56:27.467  1711  1752 I chatty  : uid=1000(system) ActivityManager expire 3 lines
07-07 22:56:41.914  1711  2387 I chatty  : uid=1000(system) Binder:1711_A expire 8 lines
07-07 22:56:42.647  1711 10977 I chatty  : uid=1000(system) Binder:1711_19 expire 7 lines
07-07 23:00:47.307  1711  1772 I chatty  : uid=1000(system) batterystats-wo expire 24 lines
07-07 23:00:47.329  1711  2953 I chatty  : uid=1000(system) Binder:1711_C expire 25 lines
07-07 23:00:53.293  1711  2387 I chatty  : uid=1000(system) Binder:1711_A expire 17 lines
07-07 23:01:17.318  1711  1730 I chatty  : uid=1000(system) Binder:1711_2 expire 16 lines
07-07 23:01:18.716  1711  1817 I chatty  : uid=1000(system) PowerManagerSer expire 20 lines
07-07 23:01:18.718  1711  1741 I chatty  : uid=1000(system) android.display expire 16 lines
07-07 23:01:19.740  1711  1711 I chatty  : uid=1000(system) Binder:1711_3 expire 14 lines
07-07 23:01:21.821  1711  1983 I chatty  : uid=1000(system) InputReader expire 1 line
07-07 23:01:21.879  1399  1399 I wificond: Pno scan stopped
07-07 23:01:21.898  1711  1772 I chatty  : uid=1000(system) batterystats-wo expire 15 lines
07-07 23:01:22.025  1711  3668 I chatty  : uid=1000(system) Binder:1711_11 expire 7 lines
07-07 23:01:22.026  1711  1738 I chatty  : uid=1000(system) android.fg expire 3 lines
07-07 23:01:22.051  1711 20427 I chatty  : uid=1000(system) Binder:1711_21 expire 4 lines
07-07 23:01:22.263  1711  2011 I chatty  : uid=1000(system) ConnectivitySer expire 8 lines
07-07 23:01:24.210  1711  9439 I chatty  : uid=1000(system) Binder:1711_17 expire 1 line
07-07 23:01:24.277  1711  1752 I chatty  : uid=1000(system) ActivityManager expire 14 lines
07-07 23:01:25.299  2598  2598 W ContextImpl: Calling a method in the system process without a qualified user: android.app.ContextImpl.sendBroadcast:1111 android.content.ContextWrapper.sendBroadcast:468 com.sonymobile.xperiaxloops.XperiaXLoopsController.removeLoopsView:513 com.sonymobile.xperiaxloops.XperiaXLoopsController$5.run:646 android.os.Handler.handleCallback:938 
07-07 23:01:27.218  1711 16371 I chatty  : uid=1000(system) Binder:1711_1E expire 4 lines
07-07 23:01:27.378  1711  2103 I chatty  : uid=1000(system) SyncManager expire 1 line
07-07 23:01:27.379  1711  1753 I chatty  : uid=1000(system) ActivityManager expire 10 lines
07-07 23:01:32.250  2598 25212 W ContextImpl: Calling a method in the system process without a qualified user: android.app.ContextImpl.sendBroadcast:1111 android.content.ContextWrapper.sendBroadcast:468 com.sonymobile.xperiaxloops.BroadCastListener$1.onForegroundActivitiesChanged:133 android.app.IProcessObserver$Stub.onTransact:100 android.os.Binder.execTransactInternal:1159 
07-07 23:01:33.031  1711 19201 I chatty  : uid=1000(system) Binder:1711_1F expire 18 lines
07-07 23:01:33.044  1711  2938 I chatty  : uid=1000(system) Binder:1711_B expire 9 lines
07-07 23:01:33.703  1711 16291 I chatty  : uid=1000(system) Binder:1711_1D expire 2 lines
07-07 23:01:40.422  1711  1817 I chatty  : uid=1000(system) PowerManagerSer expire 4 lines
07-07 23:01:42.827  1711  3069 I chatty  : uid=1000(system) Binder:1711_E expire 4 lines
07-07 23:02:11.325  1711  2037 I chatty  : uid=1000(system) Binder:1711_5 expire 24 lines
07-07 23:02:13.962  1711  2011 I chatty  : uid=1000(system) ConnectivitySer expire 4 lines
07-07 23:02:14.287  1711  2387 I chatty  : uid=1000(system) Binder:1711_A expire 1 line
07-07 23:02:14.727  1711  1741 I chatty  : uid=1000(system) android.display expire 19 lines
07-07 23:02:14.810  1711 14840 I chatty  : uid=1000(system) Binder:1711_1B expire 2 lines
07-07 23:02:14.998  4737  5205 W ContextImpl: Calling a method in the system process without a qualified user: android.app.ContextImpl.sendBroadcast:1111 com.android.systemui.statusbar.policy.FlashlightControllerImpl$1.onTorchModeChanged:233 android.hardware.camera2.CameraManager$CameraManagerGlobal.lambda$postSingleTorchUpdate$0:1723 android.hardware.camera2.-$$Lambda$CameraManager$CameraManagerGlobal$CONvadOBAEkcHSpx8j61v67qRGM.run:6 android.os.Handler.handleCallback:938 
07-07 23:02:18.859  1711  2938 I chatty  : uid=1000(system) Binder:1711_B expire 22 lines
07-07 23:02:18.867  1711 16371 I chatty  : uid=1000(system) Binder:1711_1E expire 1 line
07-07 23:02:19.901  1711  3069 I chatty  : uid=1000(system) Binder:1711_E expire 13 lines
07-07 23:02:20.042  1711 19201 I chatty  : uid=1000(system) Binder:1711_1F expire 16 lines
07-07 23:02:20.052  1711  7648 I chatty  : uid=1000(system) Binder:1711_16 expire 7 lines
07-07 23:02:23.438  1711  2953 I chatty  : uid=1000(system) Binder:1711_C expire 2 lines
07-07 23:02:23.654  1711 16291 I chatty  : uid=1000(system) Binder:1711_1D expire 2 lines
07-07 23:02:24.212  1711 10977 I chatty  : uid=1000(system) Binder:1711_19 expire 15 lines
07-07 23:02:26.226  1711  1711 I chatty  : uid=1000(system) Binder:1711_3 expire 22 lines
07-07 23:02:26.374  1711  1983 I chatty  : uid=1000(system) InputReader expire 3 lines
07-07 23:02:26.845  1711  1817 I chatty  : uid=1000(system) PowerManagerSer expire 16 lines
07-07 23:02:26.885  1711  1772 I chatty  : uid=1000(system) batterystats-wo expire 90 lines
07-07 23:02:27.232  1711  1738 I chatty  : uid=1000(system) android.fg expire 1 line
07-07 23:02:27.373  1399  1399 I wificond: Pno scan started for frequencies: 2412, 2417, 2422, 2427, 2432, 2437, 2447, 2452, 2457, 2462, 5180, 5200, 5220, 5240, 5260, 5320, 5745, 5765, 5785, 5805, 
07-07 23:02:29.301  1711  1741 I chatty  : uid=1000(system) android.display expire 4 lines
07-07 23:02:37.636  1711  9439 I chatty  : uid=1000(system) Binder:1711_17 expire 1 line
07-07 23:02:48.447  2598 25212 W ContextImpl: Calling a method in the system process without a qualified user: android.app.ContextImpl.sendBroadcast:1111 android.content.ContextWrapper.sendBroadcast:468 com.sonymobile.xperiaxloops.BroadCastListener$1.onForegroundActivitiesChanged:133 android.app.IProcessObserver$Stub.onTransact:100 android.os.Binder.execTransactInternal:1159 
07-07 23:02:48.488  1711  1817 I chatty  : uid=1000(system) PowerManagerSer expire 4 lines
07-07 23:02:48.989  1711  1711 I chatty  : uid=1000(system) Binder:1711_3 expire 7 lines
07-07 23:02:51.295  1711  1772 I chatty  : uid=1000(system) batterystats-wo expire 185 lines
07-07 23:02:51.322  1711  1741 I chatty  : uid=1000(system) android.display expire 11 lines
07-07 23:02:51.337  1711  1817 I chatty  : uid=1000(system) PowerManagerSer expire 24 lines
07-07 23:02:51.345  1711  3069 I chatty  : uid=1000(system) Binder:1711_E expire 4 lines
07-07 23:02:51.347  1399  1399 I wificond: Pno scan stopped
07-07 23:02:51.384  1711  1711 I chatty  : uid=1000(system) Binder:1711_3 expire 11 lines
07-07 23:02:51.418  1711  1738 I chatty  : uid=1000(system) android.fg expire 4 lines
07-07 23:02:51.445  1711 12530 I chatty  : uid=1000(system) Binder:1711_1A expire 1 line
07-07 23:02:51.568  1711  2011 I chatty  : uid=1000(system) ConnectivitySer expire 1 line
07-07 23:02:51.586  1711  2037 I chatty  : uid=1000(system) Binder:1711_5 expire 4 lines
07-07 23:02:51.944  1711  2387 I chatty  : uid=1000(system) Binder:1711_A expire 3 lines
07-07 23:02:51.945  1711  1753 I chatty  : uid=1000(system) ActivityManager expire 2 lines
07-07 23:02:51.993  1711  1752 I chatty  : uid=1000(system) ActivityManager expire 1 line
07-07 23:02:52.814  1711  1983 I chatty  : uid=1000(system) InputReader expire 2 lines
07-07 23:02:53.742  1399  1399 I wificond: Pno scan started for frequencies: 2412, 2417, 2422, 2427, 2432, 2437, 2447, 2452, 2457, 2462, 5180, 5200, 5220, 5240, 5260, 5320, 5745, 5765, 5785, 5805, 
07-07 23:02:53.742  1399  1399 W wificond: Scan aborted
07-07 23:02:58.839  1711  1730 I chatty  : uid=1000(system) Binder:1711_2 expire 2 lines
07-07 23:03:05.123  1711  7590 I chatty  : uid=1000(system) Binder:1711_15 expire 1 line
07-07 23:03:09.383  1711 15214 I chatty  : uid=1000(system) Binder:1711_1C expire 2 lines
07-07 23:03:32.842  1711 10977 I chatty  : uid=1000(system) Binder:1711_19 expire 2 lines
07-07 23:03:42.401  1711  1772 I chatty  : uid=1000(system) batterystats-wo expire 85 lines
07-07 23:03:42.774  1711  1817 I chatty  : uid=1000(system) PowerManagerSer expire 18 lines
07-07 23:03:42.782  1711  1741 I chatty  : uid=1000(system) android.display expire 10 lines
07-07 23:03:45.711  1711 15214 I chatty  : uid=1000(system) Binder:1711_1C expire 1 line
07-07 23:03:50.795  1711  2387 I chatty  : uid=1000(system) Binder:1711_A expire 1 line
07-07 23:04:04.547  1711  1730 I chatty  : uid=1000(system) Binder:1711_2 expire 1 line
07-07 23:04:04.552  1711  3120 I chatty  : uid=1000(system) Binder:1711_F expire 6 lines
07-07 23:04:14.320  3951 31512 E ActivityThread: Failed to find provider info for com.sonymobile.providers.framework.extension
07-07 23:04:14.336  1711  1751 I chatty  : uid=1000(system) android.bg expire 1 line
07-07 23:04:14.337  1711  1752 I chatty  : uid=1000(system) ActivityManager expire 8 lines
07-07 23:04:14.346  1711  2037 I chatty  : uid=1000(system) Binder:1711_5 expire 1 line
07-07 23:04:14.347  1711 14840 I chatty  : uid=1000(system) Binder:1711_1B expire 1 line
07-07 23:04:14.390  1711  4201 I chatty  : uid=1000(system) Binder:1711_13 expire 1 line
07-07 23:04:14.391  1711 10824 I chatty  : uid=1000(system) Binder:1711_18 expire 1 line
07-07 23:04:14.391  1711  2011 I chatty  : uid=1000(system) ConnectivitySer expire 1 line
07-07 23:04:14.391  1711 16371 I chatty  : uid=1000(system) Binder:1711_1E expire 2 lines
07-07 23:04:15.176  1711  1817 I chatty  : uid=1000(system) PowerManagerSer expire 8 lines
07-07 23:04:15.194  1711  1772 I chatty  : uid=1000(system) batterystats-wo expire 105 lines
07-07 23:04:33.474  1711  2382 I chatty  : uid=1000(system) Binder:1711_9 expire 1 line
07-07 23:04:37.912  1711  1729 I chatty  : uid=1000(system) Binder:1711_1 expire 1 line
07-07 23:04:38.952  1711  2103 I chatty  : uid=1000(system) SyncManager expire 1 line
07-07 23:04:49.099  1711  1817 I chatty  : uid=1000(system) PowerManagerSer expire 32 lines
07-07 23:04:51.424  1711  1741 I chatty  : uid=1000(system) android.display expire 9 lines
07-07 23:04:51.443  1711  1772 I chatty  : uid=1000(system) batterystats-wo expire 90 lines
07-07 23:05:00.688  1711  7590 I chatty  : uid=1000(system) Binder:1711_15 expire 4 lines
07-07 23:05:00.695  1711  2382 I chatty  : uid=1000(system) Binder:1711_9 expire 8 lines
07-07 23:05:27.656  1711 10977 I chatty  : uid=1000(system) Binder:1711_19 expire 6 lines
07-07 23:05:34.261  1711  1730 I chatty  : uid=1000(system) Binder:1711_2 expire 6 lines
07-07 23:06:08.654  1399  1399 I wificond: Pno scan stopped
07-07 23:06:08.658  1711  1711 I chatty  : uid=1000(system) Binder:1711_3 expire 10 lines
07-07 23:06:08.686  1711  1772 I chatty  : uid=1000(system) batterystats-wo expire 30 lines
07-07 23:06:08.735  1711  2387 I chatty  : uid=1000(system) Binder:1711_A expire 2 lines
07-07 23:06:08.825  1711  1738 I chatty  : uid=1000(system) android.fg expire 7 lines
07-07 23:06:08.845  1711  2037 I chatty  : uid=1000(system) Binder:1711_5 expire 12 lines
07-07 23:06:08.918  1711  2011 I chatty  : uid=1000(system) ConnectivitySer expire 2 lines
07-07 23:06:22.062  1711 10824 I chatty  : uid=1000(system) Binder:1711_18 expire 1 line
07-07 23:06:23.230  1399  1399 I wificond: Pno scan started for frequencies: 2412, 2417, 2422, 2427, 2432, 2437, 2447, 2452, 2457, 2462, 5180, 5200, 5220, 5240, 5260, 5320, 5745, 5765, 5785, 5805, 
07-07 23:06:23.388  1711  1817 I chatty  : uid=1000(system) PowerManagerSer expire 16 lines
07-07 23:06:25.654  1711  1983 I chatty  : uid=1000(system) InputReader expire 1 line
07-07 23:06:25.697  1711  1772 I chatty  : uid=1000(system) batterystats-wo expire 15 lines
07-07 23:06:25.780  1399  1399 I wificond: Pno scan stopped
07-07 23:06:28.358  1711 16371 I chatty  : uid=1000(system) Binder:1711_1E expire 7 lines
07-07 23:06:29.486  1711  1752 I chatty  : uid=1000(system) ActivityManager expire 14 lines
07-07 23:06:30.503  2598  2598 W ContextImpl: Calling a method in the system process without a qualified user: android.app.ContextImpl.sendBroadcast:1111 android.content.ContextWrapper.sendBroadcast:468 com.sonymobile.xperiaxloops.XperiaXLoopsController.removeLoopsView:513 com.sonymobile.xperiaxloops.XperiaXLoopsController$5.run:646 android.os.Handler.handleCallback:938 
07-07 23:06:30.946  1711  1730 I chatty  : uid=1000(system) Binder:1711_2 expire 7 lines
07-07 23:06:31.547  1711 20427 I chatty  : uid=1000(system) Binder:1711_21 expire 25 lines
07-07 23:06:31.567  1711 10977 I chatty  : uid=1000(system) Binder:1711_19 expire 6 lines
07-07 23:06:31.607  1711  1729 I chatty  : uid=1000(system) Binder:1711_1 expire 10 lines
07-07 23:06:31.641  1711 12530 I chatty  : uid=1000(system) Binder:1711_1A expire 4 lines
07-07 23:06:31.711  1711  3120 I chatty  : uid=1000(system) Binder:1711_F expire 10 lines
07-07 23:06:34.772  1711 10824 I chatty  : uid=1000(system) Binder:1711_18 expire 23 lines
07-07 23:06:34.812  1711  1751 I chatty  : uid=1000(system) android.bg expire 48 lines
07-07 23:06:34.819  2598 16000 W ContextImpl: Calling a method in the system process without a qualified user: android.app.ContextImpl.sendBroadcast:1111 android.content.ContextWrapper.sendBroadcast:468 com.sonymobile.xperiaxloops.BroadCastListener$1.onForegroundActivitiesChanged:133 android.app.IProcessObserver$Stub.onTransact:100 android.os.Binder.execTransactInternal:1159 
07-07 23:06:35.287  1711  1739 I chatty  : uid=1000(system) android.ui expire 3 lines
07-07 23:06:35.439  1711  2037 I chatty  : uid=1000(system) Binder:1711_5 expire 5 lines
07-07 23:06:35.441  1711  2011 I chatty  : uid=1000(system) ConnectivitySer expire 12 lines
07-07 23:06:46.216  1711  3698 I chatty  : uid=1000(system) pool-5-thread-1 expire 2 lines
07-07 23:06:52.248  1711  1753 I chatty  : uid=1000(system) ActivityManager expire 13 lines
07-07 23:06:52.250  1711  1741 I chatty  : uid=1000(system) android.display expire 3 lines
07-07 23:06:52.317  1711  7590 I chatty  : uid=1000(system) Binder:1711_15 expire 6 lines
07-07 23:06:53.873  1711  1817 I chatty  : uid=1000(system) PowerManagerSer expire 8 lines
07-07 23:06:54.376  1711  2382 I chatty  : uid=1000(system) Binder:1711_9 expire 12 lines
07-07 23:06:55.542  1711  1738 I chatty  : uid=1000(system) android.fg expire 2 lines
07-07 23:06:59.899 32077 32760 W PackageParsing: No actions in intent-filter at /storage/emulated/0/ByteDownload/app.apk Binary XML file line #132
07-07 23:07:00.004  1711  2011 I chatty  : uid=1000(system) ConnectivitySer expire 6 lines
07-07 23:07:00.026  1711  1772 I chatty  : uid=1000(system) batterystats-wo expire 23 lines
07-07 23:07:00.090  1711  1751 I chatty  : uid=1000(system) android.bg expire 2 lines
07-07 23:07:00.213  1711  1752 I chatty  : uid=1000(system) ActivityManager expire 4 lines
07-07 23:07:00.555  1711  3120 I chatty  : uid=1000(system) Binder:1711_F expire 4 lines
07-07 23:07:02.402  1711  1772 I chatty  : uid=1000(system) batterystats-wo expire 67 lines
07-07 23:07:02.435  1711 20427 I chatty  : uid=1000(system) Binder:1711_21 expire 16 lines
07-07 23:07:02.437  1711  1741 I chatty  : uid=1000(system) android.display expire 6 lines
07-07 23:07:03.194  1711  1817 I chatty  : uid=1000(system) PowerManagerSer expire 34 lines
07-07 23:07:03.218  1711  3797 I chatty  : uid=1000(system) Binder:1711_12 expire 18 lines
07-07 23:07:03.760  1711 12530 I chatty  : uid=1000(system) Binder:1711_1A expire 3 lines
07-07 23:07:03.760  1711  2011 I chatty  : uid=1000(system) ConnectivitySer expire 10 lines
07-07 23:07:05.093  1711  4201 I chatty  : uid=1000(system) Binder:1711_13 expire 8 lines
07-07 23:07:07.554  1711 10977 I chatty  : uid=1000(system) Binder:1711_19 expire 3 lines
